Archive member included because of file (symbol)

C:\Microsemi\Projects\cariomart_cc\SoftConsole\cariomart_mss_MSS_CM3_0\cariomart_mss_MSS_CM3_0_hw_platform\Debug\libcariomart_mss_MSS_CM3_0_hw_platform.a(mss_uart.o)
                              ./xbee.o (g_mss_uart0)
C:\Microsemi\Projects\cariomart_cc\SoftConsole\cariomart_mss_MSS_CM3_0\cariomart_mss_MSS_CM3_0_hw_platform\Debug\libcariomart_mss_MSS_CM3_0_hw_platform.a(system_a2fxxxm3.o)
                              C:\Microsemi\Projects\cariomart_cc\SoftConsole\cariomart_mss_MSS_CM3_0\cariomart_mss_MSS_CM3_0_hw_platform\Debug\libcariomart_mss_MSS_CM3_0_hw_platform.a(mss_uart.o) (g_FrequencyPCLK0)
c:/microsemi/softconsole v3.3/sourcery-g++/bin/../lib/gcc/arm-none-eabi/4.4.1/../../../../arm-none-eabi/lib/thumb2\libc.a(lib_a-errno.o)
                              C:/Microsemi/Projects/cariomart_cc/SoftConsole/cariomart_mss_MSS_CM3_0/cariomart_mss_MSS_CM3_0_hw_platform/Debug/CMSIS/startup_gcc/newlib_stubs.o (__errno)
c:/microsemi/softconsole v3.3/sourcery-g++/bin/../lib/gcc/arm-none-eabi/4.4.1/../../../../arm-none-eabi/lib/thumb2\libc.a(lib_a-impure.o)
                              c:/microsemi/softconsole v3.3/sourcery-g++/bin/../lib/gcc/arm-none-eabi/4.4.1/../../../../arm-none-eabi/lib/thumb2\libc.a(lib_a-errno.o) (_impure_ptr)
c:/microsemi/softconsole v3.3/sourcery-g++/bin/../lib/gcc/arm-none-eabi/4.4.1/../../../../arm-none-eabi/lib/thumb2\libc.a(lib_a-init.o)
                              C:/Microsemi/Projects/cariomart_cc/SoftConsole/cariomart_mss_MSS_CM3_0/cariomart_mss_MSS_CM3_0_hw_platform/Debug/CMSIS/startup_gcc/startup_a2fxxxm3.o (__libc_init_array)
c:/microsemi/softconsole v3.3/sourcery-g++/bin/../lib/gcc/arm-none-eabi/4.4.1/../../../../arm-none-eabi/lib/thumb2\libc.a(lib_a-malloc.o)
                              ./utility.o (malloc)
c:/microsemi/softconsole v3.3/sourcery-g++/bin/../lib/gcc/arm-none-eabi/4.4.1/../../../../arm-none-eabi/lib/thumb2\libc.a(lib_a-mallocr.o)
                              c:/microsemi/softconsole v3.3/sourcery-g++/bin/../lib/gcc/arm-none-eabi/4.4.1/../../../../arm-none-eabi/lib/thumb2\libc.a(lib_a-malloc.o) (_malloc_r)
c:/microsemi/softconsole v3.3/sourcery-g++/bin/../lib/gcc/arm-none-eabi/4.4.1/../../../../arm-none-eabi/lib/thumb2\libc.a(lib_a-memcpy.o)
                              ./lcd.o (memcpy)
c:/microsemi/softconsole v3.3/sourcery-g++/bin/../lib/gcc/arm-none-eabi/4.4.1/../../../../arm-none-eabi/lib/thumb2\libc.a(lib_a-mlock.o)
                              c:/microsemi/softconsole v3.3/sourcery-g++/bin/../lib/gcc/arm-none-eabi/4.4.1/../../../../arm-none-eabi/lib/thumb2\libc.a(lib_a-mallocr.o) (__malloc_lock)
c:/microsemi/softconsole v3.3/sourcery-g++/bin/../lib/gcc/arm-none-eabi/4.4.1/../../../../arm-none-eabi/lib/thumb2\libc.a(lib_a-sbrkr.o)
                              c:/microsemi/softconsole v3.3/sourcery-g++/bin/../lib/gcc/arm-none-eabi/4.4.1/../../../../arm-none-eabi/lib/thumb2\libc.a(lib_a-mallocr.o) (_sbrk_r)
c:/microsemi/softconsole v3.3/sourcery-g++/bin/../lib/gcc/arm-none-eabi/4.4.1/../../../../arm-none-eabi/lib/thumb2\libc.a(lib_a-strcat.o)
                              ./lcd.o (strcat)
c:/microsemi/softconsole v3.3/sourcery-g++/bin/../lib/gcc/arm-none-eabi/4.4.1/../../../../arm-none-eabi/lib/thumb2\libc.a(lib_a-strcpy.o)
                              c:/microsemi/softconsole v3.3/sourcery-g++/bin/../lib/gcc/arm-none-eabi/4.4.1/../../../../arm-none-eabi/lib/thumb2\libc.a(lib_a-strcat.o) (strcpy)
c:/microsemi/softconsole v3.3/sourcery-g++/bin/../lib/gcc/arm-none-eabi/4.4.1/../../../../arm-none-eabi/lib/thumb2\libc.a(lib_a-strlen.o)
                              ./lcd.o (strlen)
c:/microsemi/softconsole v3.3/sourcery-g++/bin/../lib/gcc/arm-none-eabi/4.4.1/../../../../arm-none-eabi/lib/thumb2\libc.a(lib_a-freer.o)
                              c:/microsemi/softconsole v3.3/sourcery-g++/bin/../lib/gcc/arm-none-eabi/4.4.1/../../../../arm-none-eabi/lib/thumb2\libc.a(lib_a-malloc.o) (_free_r)
c:/microsemi/softconsole v3.3/sourcery-g++/bin/../lib/gcc/arm-none-eabi/4.4.1/../../../../arm-none-eabi/lib/thumb2\libc.a(lib_a-reent.o)
                              c:/microsemi/softconsole v3.3/sourcery-g++/bin/../lib/gcc/arm-none-eabi/4.4.1/../../../../arm-none-eabi/lib/thumb2\libc.a(lib_a-sbrkr.o) (errno)

Allocating common symbols
Common symbol       size              file

p1powerup           0x4               ./main.o
errno               0x4               c:/microsemi/softconsole v3.3/sourcery-g++/bin/../lib/gcc/arm-none-eabi/4.4.1/../../../../arm-none-eabi/lib/thumb2\libc.a(lib_a-reent.o)
p2lap               0x4               ./main.o
textProps           0x10              ./lcd.o
g_mss_uart1         0x28              C:\Microsemi\Projects\cariomart_cc\SoftConsole\cariomart_mss_MSS_CM3_0\cariomart_mss_MSS_CM3_0_hw_platform\Debug\libcariomart_mss_MSS_CM3_0_hw_platform.a(mss_uart.o)
time                0x4               ./lcd.o
g_mss_uart0         0x28              C:\Microsemi\Projects\cariomart_cc\SoftConsole\cariomart_mss_MSS_CM3_0\cariomart_mss_MSS_CM3_0_hw_platform\Debug\libcariomart_mss_MSS_CM3_0_hw_platform.a(mss_uart.o)
p1lap               0x4               ./main.o
p2powerup           0x4               ./main.o
race_status         0x4               ./main.o

Discarded input sections

 .text          0x00000000        0x0 c:/microsemi/softconsole v3.3/sourcery-g++/bin/../lib/gcc/arm-none-eabi/4.4.1/thumb2/crti.o
 .data          0x00000000        0x0 c:/microsemi/softconsole v3.3/sourcery-g++/bin/../lib/gcc/arm-none-eabi/4.4.1/thumb2/crti.o
 .bss           0x00000000        0x0 c:/microsemi/softconsole v3.3/sourcery-g++/bin/../lib/gcc/arm-none-eabi/4.4.1/thumb2/crti.o
 .data          0x00000000        0x4 c:/microsemi/softconsole v3.3/sourcery-g++/bin/../lib/gcc/arm-none-eabi/4.4.1/thumb2/crtbegin.o
 .text          0x00000000        0x0 ./lcd.o
 .data          0x00000000        0x0 ./lcd.o
 .bss           0x00000000        0x0 ./lcd.o
 .text.MSS_TIM1_stop
                0x00000000       0x1c ./lcd.o
 .text.MSS_TIM1_disable_irq
                0x00000000       0x20 ./lcd.o
 .text.LCD_eraseBlock
                0x00000000       0x54 ./lcd.o
 .text.LCD_showP1first
                0x00000000       0x30 ./lcd.o
 .text.LCD_stopTimer
                0x00000000       0x10 ./lcd.o
 .text          0x00000000        0x0 ./main.o
 .data          0x00000000        0x0 ./main.o
 .bss           0x00000000        0x0 ./main.o
 .text          0x00000000        0x0 ./utility.o
 .data          0x00000000        0x0 ./utility.o
 .bss           0x00000000        0x0 ./utility.o
 .text          0x00000000        0x0 ./xbee.o
 .data          0x00000000        0x0 ./xbee.o
 .bss           0x00000000        0x0 ./xbee.o
 .text          0x00000000        0x0 C:/Microsemi/Projects/cariomart_cc/SoftConsole/cariomart_mss_MSS_CM3_0/cariomart_mss_MSS_CM3_0_hw_platform/Debug/CMSIS/startup_gcc/startup_a2fxxxm3.o
 .data          0x00000000        0x0 C:/Microsemi/Projects/cariomart_cc/SoftConsole/cariomart_mss_MSS_CM3_0/cariomart_mss_MSS_CM3_0_hw_platform/Debug/CMSIS/startup_gcc/startup_a2fxxxm3.o
 .bss           0x00000000        0x0 C:/Microsemi/Projects/cariomart_cc/SoftConsole/cariomart_mss_MSS_CM3_0/cariomart_mss_MSS_CM3_0_hw_platform/Debug/CMSIS/startup_gcc/startup_a2fxxxm3.o
 .text          0x00000000        0x0 C:/Microsemi/Projects/cariomart_cc/SoftConsole/cariomart_mss_MSS_CM3_0/cariomart_mss_MSS_CM3_0_hw_platform/Debug/CMSIS/startup_gcc/newlib_stubs.o
 .data          0x00000000        0x0 C:/Microsemi/Projects/cariomart_cc/SoftConsole/cariomart_mss_MSS_CM3_0/cariomart_mss_MSS_CM3_0_hw_platform/Debug/CMSIS/startup_gcc/newlib_stubs.o
 .bss           0x00000000        0x0 C:/Microsemi/Projects/cariomart_cc/SoftConsole/cariomart_mss_MSS_CM3_0/cariomart_mss_MSS_CM3_0_hw_platform/Debug/CMSIS/startup_gcc/newlib_stubs.o
 .bss.__env     0x00000000        0x4 C:/Microsemi/Projects/cariomart_cc/SoftConsole/cariomart_mss_MSS_CM3_0/cariomart_mss_MSS_CM3_0_hw_platform/Debug/CMSIS/startup_gcc/newlib_stubs.o
 .data.environ  0x00000000        0x4 C:/Microsemi/Projects/cariomart_cc/SoftConsole/cariomart_mss_MSS_CM3_0/cariomart_mss_MSS_CM3_0_hw_platform/Debug/CMSIS/startup_gcc/newlib_stubs.o
 .text._close   0x00000000       0x18 C:/Microsemi/Projects/cariomart_cc/SoftConsole/cariomart_mss_MSS_CM3_0/cariomart_mss_MSS_CM3_0_hw_platform/Debug/CMSIS/startup_gcc/newlib_stubs.o
 .text._execve  0x00000000       0x28 C:/Microsemi/Projects/cariomart_cc/SoftConsole/cariomart_mss_MSS_CM3_0/cariomart_mss_MSS_CM3_0_hw_platform/Debug/CMSIS/startup_gcc/newlib_stubs.o
 .text._fork    0x00000000       0x18 C:/Microsemi/Projects/cariomart_cc/SoftConsole/cariomart_mss_MSS_CM3_0/cariomart_mss_MSS_CM3_0_hw_platform/Debug/CMSIS/startup_gcc/newlib_stubs.o
 .text._fstat   0x00000000       0x24 C:/Microsemi/Projects/cariomart_cc/SoftConsole/cariomart_mss_MSS_CM3_0/cariomart_mss_MSS_CM3_0_hw_platform/Debug/CMSIS/startup_gcc/newlib_stubs.o
 .text._getpid  0x00000000       0x10 C:/Microsemi/Projects/cariomart_cc/SoftConsole/cariomart_mss_MSS_CM3_0/cariomart_mss_MSS_CM3_0_hw_platform/Debug/CMSIS/startup_gcc/newlib_stubs.o
 .text._isatty  0x00000000       0x18 C:/Microsemi/Projects/cariomart_cc/SoftConsole/cariomart_mss_MSS_CM3_0/cariomart_mss_MSS_CM3_0_hw_platform/Debug/CMSIS/startup_gcc/newlib_stubs.o
 .text._kill    0x00000000       0x24 C:/Microsemi/Projects/cariomart_cc/SoftConsole/cariomart_mss_MSS_CM3_0/cariomart_mss_MSS_CM3_0_hw_platform/Debug/CMSIS/startup_gcc/newlib_stubs.o
 .text._link    0x00000000       0x24 C:/Microsemi/Projects/cariomart_cc/SoftConsole/cariomart_mss_MSS_CM3_0/cariomart_mss_MSS_CM3_0_hw_platform/Debug/CMSIS/startup_gcc/newlib_stubs.o
 .text._lseek   0x00000000       0x1c C:/Microsemi/Projects/cariomart_cc/SoftConsole/cariomart_mss_MSS_CM3_0/cariomart_mss_MSS_CM3_0_hw_platform/Debug/CMSIS/startup_gcc/newlib_stubs.o
 .text._open    0x00000000       0x1c C:/Microsemi/Projects/cariomart_cc/SoftConsole/cariomart_mss_MSS_CM3_0/cariomart_mss_MSS_CM3_0_hw_platform/Debug/CMSIS/startup_gcc/newlib_stubs.o
 .text._read    0x00000000       0x1c C:/Microsemi/Projects/cariomart_cc/SoftConsole/cariomart_mss_MSS_CM3_0/cariomart_mss_MSS_CM3_0_hw_platform/Debug/CMSIS/startup_gcc/newlib_stubs.o
 .text._stat    0x00000000       0x24 C:/Microsemi/Projects/cariomart_cc/SoftConsole/cariomart_mss_MSS_CM3_0/cariomart_mss_MSS_CM3_0_hw_platform/Debug/CMSIS/startup_gcc/newlib_stubs.o
 .text._times   0x00000000       0x18 C:/Microsemi/Projects/cariomart_cc/SoftConsole/cariomart_mss_MSS_CM3_0/cariomart_mss_MSS_CM3_0_hw_platform/Debug/CMSIS/startup_gcc/newlib_stubs.o
 .text._unlink  0x00000000       0x24 C:/Microsemi/Projects/cariomart_cc/SoftConsole/cariomart_mss_MSS_CM3_0/cariomart_mss_MSS_CM3_0_hw_platform/Debug/CMSIS/startup_gcc/newlib_stubs.o
 .text._wait    0x00000000       0x24 C:/Microsemi/Projects/cariomart_cc/SoftConsole/cariomart_mss_MSS_CM3_0/cariomart_mss_MSS_CM3_0_hw_platform/Debug/CMSIS/startup_gcc/newlib_stubs.o
 .text          0x00000000        0x0 C:\Microsemi\Projects\cariomart_cc\SoftConsole\cariomart_mss_MSS_CM3_0\cariomart_mss_MSS_CM3_0_hw_platform\Debug\libcariomart_mss_MSS_CM3_0_hw_platform.a(mss_uart.o)
 .data          0x00000000        0x0 C:\Microsemi\Projects\cariomart_cc\SoftConsole\cariomart_mss_MSS_CM3_0\cariomart_mss_MSS_CM3_0_hw_platform\Debug\libcariomart_mss_MSS_CM3_0_hw_platform.a(mss_uart.o)
 .bss           0x00000000        0x0 C:\Microsemi\Projects\cariomart_cc\SoftConsole\cariomart_mss_MSS_CM3_0\cariomart_mss_MSS_CM3_0_hw_platform\Debug\libcariomart_mss_MSS_CM3_0_hw_platform.a(mss_uart.o)
 .text.NVIC_EnableIRQ
                0x00000000       0x38 C:\Microsemi\Projects\cariomart_cc\SoftConsole\cariomart_mss_MSS_CM3_0\cariomart_mss_MSS_CM3_0_hw_platform\Debug\libcariomart_mss_MSS_CM3_0_hw_platform.a(mss_uart.o)
 .text.NVIC_DisableIRQ
                0x00000000       0x3c C:\Microsemi\Projects\cariomart_cc\SoftConsole\cariomart_mss_MSS_CM3_0\cariomart_mss_MSS_CM3_0_hw_platform\Debug\libcariomart_mss_MSS_CM3_0_hw_platform.a(mss_uart.o)
 .text.MSS_UART_irq_tx
                0x00000000       0xb0 C:\Microsemi\Projects\cariomart_cc\SoftConsole\cariomart_mss_MSS_CM3_0\cariomart_mss_MSS_CM3_0_hw_platform\Debug\libcariomart_mss_MSS_CM3_0_hw_platform.a(mss_uart.o)
 .text.MSS_UART_tx_complete
                0x00000000       0x90 C:\Microsemi\Projects\cariomart_cc\SoftConsole\cariomart_mss_MSS_CM3_0\cariomart_mss_MSS_CM3_0_hw_platform\Debug\libcariomart_mss_MSS_CM3_0_hw_platform.a(mss_uart.o)
 .text.MSS_UART_get_rx
                0x00000000       0xdc C:\Microsemi\Projects\cariomart_cc\SoftConsole\cariomart_mss_MSS_CM3_0\cariomart_mss_MSS_CM3_0_hw_platform\Debug\libcariomart_mss_MSS_CM3_0_hw_platform.a(mss_uart.o)
 .text.MSS_UART_enable_irq
                0x00000000       0x7c C:\Microsemi\Projects\cariomart_cc\SoftConsole\cariomart_mss_MSS_CM3_0\cariomart_mss_MSS_CM3_0_hw_platform\Debug\libcariomart_mss_MSS_CM3_0_hw_platform.a(mss_uart.o)
 .text.MSS_UART_disable_irq
                0x00000000       0x88 C:\Microsemi\Projects\cariomart_cc\SoftConsole\cariomart_mss_MSS_CM3_0\cariomart_mss_MSS_CM3_0_hw_platform\Debug\libcariomart_mss_MSS_CM3_0_hw_platform.a(mss_uart.o)
 .text.MSS_UART_set_rx_handler
                0x00000000       0xa8 C:\Microsemi\Projects\cariomart_cc\SoftConsole\cariomart_mss_MSS_CM3_0\cariomart_mss_MSS_CM3_0_hw_platform\Debug\libcariomart_mss_MSS_CM3_0_hw_platform.a(mss_uart.o)
 .text.MSS_UART_set_loopback
                0x00000000       0x70 C:\Microsemi\Projects\cariomart_cc\SoftConsole\cariomart_mss_MSS_CM3_0\cariomart_mss_MSS_CM3_0_hw_platform\Debug\libcariomart_mss_MSS_CM3_0_hw_platform.a(mss_uart.o)
 .text.MSS_UART_set_rxstatus_handler
                0x00000000       0x84 C:\Microsemi\Projects\cariomart_cc\SoftConsole\cariomart_mss_MSS_CM3_0\cariomart_mss_MSS_CM3_0_hw_platform\Debug\libcariomart_mss_MSS_CM3_0_hw_platform.a(mss_uart.o)
 .text.MSS_UART_set_tx_handler
                0x00000000       0x94 C:\Microsemi\Projects\cariomart_cc\SoftConsole\cariomart_mss_MSS_CM3_0\cariomart_mss_MSS_CM3_0_hw_platform\Debug\libcariomart_mss_MSS_CM3_0_hw_platform.a(mss_uart.o)
 .text.MSS_UART_set_modemstatus_handler
                0x00000000       0x84 C:\Microsemi\Projects\cariomart_cc\SoftConsole\cariomart_mss_MSS_CM3_0\cariomart_mss_MSS_CM3_0_hw_platform\Debug\libcariomart_mss_MSS_CM3_0_hw_platform.a(mss_uart.o)
 .text.MSS_UART_fill_tx_fifo
                0x00000000       0xd4 C:\Microsemi\Projects\cariomart_cc\SoftConsole\cariomart_mss_MSS_CM3_0\cariomart_mss_MSS_CM3_0_hw_platform\Debug\libcariomart_mss_MSS_CM3_0_hw_platform.a(mss_uart.o)
 .text.MSS_UART_get_rx_status
                0x00000000       0x80 C:\Microsemi\Projects\cariomart_cc\SoftConsole\cariomart_mss_MSS_CM3_0\cariomart_mss_MSS_CM3_0_hw_platform\Debug\libcariomart_mss_MSS_CM3_0_hw_platform.a(mss_uart.o)
 .text.MSS_UART_get_modem_status
                0x00000000       0x60 C:\Microsemi\Projects\cariomart_cc\SoftConsole\cariomart_mss_MSS_CM3_0\cariomart_mss_MSS_CM3_0_hw_platform\Debug\libcariomart_mss_MSS_CM3_0_hw_platform.a(mss_uart.o)
 .text.MSS_UART_get_tx_status
                0x00000000       0x78 C:\Microsemi\Projects\cariomart_cc\SoftConsole\cariomart_mss_MSS_CM3_0\cariomart_mss_MSS_CM3_0_hw_platform\Debug\libcariomart_mss_MSS_CM3_0_hw_platform.a(mss_uart.o)
 .text          0x00000000        0x0 C:\Microsemi\Projects\cariomart_cc\SoftConsole\cariomart_mss_MSS_CM3_0\cariomart_mss_MSS_CM3_0_hw_platform\Debug\libcariomart_mss_MSS_CM3_0_hw_platform.a(system_a2fxxxm3.o)
 .data          0x00000000        0x0 C:\Microsemi\Projects\cariomart_cc\SoftConsole\cariomart_mss_MSS_CM3_0\cariomart_mss_MSS_CM3_0_hw_platform\Debug\libcariomart_mss_MSS_CM3_0_hw_platform.a(system_a2fxxxm3.o)
 .bss           0x00000000        0x0 C:\Microsemi\Projects\cariomart_cc\SoftConsole\cariomart_mss_MSS_CM3_0\cariomart_mss_MSS_CM3_0_hw_platform\Debug\libcariomart_mss_MSS_CM3_0_hw_platform.a(system_a2fxxxm3.o)
 .text          0x00000000        0xc c:/microsemi/softconsole v3.3/sourcery-g++/bin/../lib/gcc/arm-none-eabi/4.4.1/../../../../arm-none-eabi/lib/thumb2\libc.a(lib_a-errno.o)
 .data          0x00000000        0x0 c:/microsemi/softconsole v3.3/sourcery-g++/bin/../lib/gcc/arm-none-eabi/4.4.1/../../../../arm-none-eabi/lib/thumb2\libc.a(lib_a-errno.o)
 .bss           0x00000000        0x0 c:/microsemi/softconsole v3.3/sourcery-g++/bin/../lib/gcc/arm-none-eabi/4.4.1/../../../../arm-none-eabi/lib/thumb2\libc.a(lib_a-errno.o)
 .text          0x00000000        0x0 c:/microsemi/softconsole v3.3/sourcery-g++/bin/../lib/gcc/arm-none-eabi/4.4.1/../../../../arm-none-eabi/lib/thumb2\libc.a(lib_a-impure.o)
 .bss           0x00000000        0x0 c:/microsemi/softconsole v3.3/sourcery-g++/bin/../lib/gcc/arm-none-eabi/4.4.1/../../../../arm-none-eabi/lib/thumb2\libc.a(lib_a-impure.o)
 .rodata        0x00000000        0x4 c:/microsemi/softconsole v3.3/sourcery-g++/bin/../lib/gcc/arm-none-eabi/4.4.1/../../../../arm-none-eabi/lib/thumb2\libc.a(lib_a-impure.o)
 .data          0x00000000        0x0 c:/microsemi/softconsole v3.3/sourcery-g++/bin/../lib/gcc/arm-none-eabi/4.4.1/../../../../arm-none-eabi/lib/thumb2\libc.a(lib_a-init.o)
 .bss           0x00000000        0x0 c:/microsemi/softconsole v3.3/sourcery-g++/bin/../lib/gcc/arm-none-eabi/4.4.1/../../../../arm-none-eabi/lib/thumb2\libc.a(lib_a-init.o)
 .data          0x00000000        0x0 c:/microsemi/softconsole v3.3/sourcery-g++/bin/../lib/gcc/arm-none-eabi/4.4.1/../../../../arm-none-eabi/lib/thumb2\libc.a(lib_a-malloc.o)
 .bss           0x00000000        0x0 c:/microsemi/softconsole v3.3/sourcery-g++/bin/../lib/gcc/arm-none-eabi/4.4.1/../../../../arm-none-eabi/lib/thumb2\libc.a(lib_a-malloc.o)
 .data          0x00000000        0x0 c:/microsemi/softconsole v3.3/sourcery-g++/bin/../lib/gcc/arm-none-eabi/4.4.1/../../../../arm-none-eabi/lib/thumb2\libc.a(lib_a-memcpy.o)
 .bss           0x00000000        0x0 c:/microsemi/softconsole v3.3/sourcery-g++/bin/../lib/gcc/arm-none-eabi/4.4.1/../../../../arm-none-eabi/lib/thumb2\libc.a(lib_a-memcpy.o)
 .data          0x00000000        0x0 c:/microsemi/softconsole v3.3/sourcery-g++/bin/../lib/gcc/arm-none-eabi/4.4.1/../../../../arm-none-eabi/lib/thumb2\libc.a(lib_a-mlock.o)
 .bss           0x00000000        0x0 c:/microsemi/softconsole v3.3/sourcery-g++/bin/../lib/gcc/arm-none-eabi/4.4.1/../../../../arm-none-eabi/lib/thumb2\libc.a(lib_a-mlock.o)
 .data          0x00000000        0x0 c:/microsemi/softconsole v3.3/sourcery-g++/bin/../lib/gcc/arm-none-eabi/4.4.1/../../../../arm-none-eabi/lib/thumb2\libc.a(lib_a-sbrkr.o)
 .bss           0x00000000        0x0 c:/microsemi/softconsole v3.3/sourcery-g++/bin/../lib/gcc/arm-none-eabi/4.4.1/../../../../arm-none-eabi/lib/thumb2\libc.a(lib_a-sbrkr.o)
 .data          0x00000000        0x0 c:/microsemi/softconsole v3.3/sourcery-g++/bin/../lib/gcc/arm-none-eabi/4.4.1/../../../../arm-none-eabi/lib/thumb2\libc.a(lib_a-strcat.o)
 .bss           0x00000000        0x0 c:/microsemi/softconsole v3.3/sourcery-g++/bin/../lib/gcc/arm-none-eabi/4.4.1/../../../../arm-none-eabi/lib/thumb2\libc.a(lib_a-strcat.o)
 .data          0x00000000        0x0 c:/microsemi/softconsole v3.3/sourcery-g++/bin/../lib/gcc/arm-none-eabi/4.4.1/../../../../arm-none-eabi/lib/thumb2\libc.a(lib_a-strcpy.o)
 .bss           0x00000000        0x0 c:/microsemi/softconsole v3.3/sourcery-g++/bin/../lib/gcc/arm-none-eabi/4.4.1/../../../../arm-none-eabi/lib/thumb2\libc.a(lib_a-strcpy.o)
 .data          0x00000000        0x0 c:/microsemi/softconsole v3.3/sourcery-g++/bin/../lib/gcc/arm-none-eabi/4.4.1/../../../../arm-none-eabi/lib/thumb2\libc.a(lib_a-strlen.o)
 .bss           0x00000000        0x0 c:/microsemi/softconsole v3.3/sourcery-g++/bin/../lib/gcc/arm-none-eabi/4.4.1/../../../../arm-none-eabi/lib/thumb2\libc.a(lib_a-strlen.o)
 .data          0x00000000        0x0 c:/microsemi/softconsole v3.3/sourcery-g++/bin/../lib/gcc/arm-none-eabi/4.4.1/../../../../arm-none-eabi/lib/thumb2\libc.a(lib_a-freer.o)
 .bss           0x00000000        0x0 c:/microsemi/softconsole v3.3/sourcery-g++/bin/../lib/gcc/arm-none-eabi/4.4.1/../../../../arm-none-eabi/lib/thumb2\libc.a(lib_a-freer.o)
 .text          0x00000000      0x10c c:/microsemi/softconsole v3.3/sourcery-g++/bin/../lib/gcc/arm-none-eabi/4.4.1/../../../../arm-none-eabi/lib/thumb2\libc.a(lib_a-reent.o)
 .data          0x00000000        0x0 c:/microsemi/softconsole v3.3/sourcery-g++/bin/../lib/gcc/arm-none-eabi/4.4.1/../../../../arm-none-eabi/lib/thumb2\libc.a(lib_a-reent.o)
 .bss           0x00000000        0x0 c:/microsemi/softconsole v3.3/sourcery-g++/bin/../lib/gcc/arm-none-eabi/4.4.1/../../../../arm-none-eabi/lib/thumb2\libc.a(lib_a-reent.o)
 .text          0x00000000        0x0 c:/microsemi/softconsole v3.3/sourcery-g++/bin/../lib/gcc/arm-none-eabi/4.4.1/thumb2/crtend.o
 .data          0x00000000        0x0 c:/microsemi/softconsole v3.3/sourcery-g++/bin/../lib/gcc/arm-none-eabi/4.4.1/thumb2/crtend.o
 .bss           0x00000000        0x0 c:/microsemi/softconsole v3.3/sourcery-g++/bin/../lib/gcc/arm-none-eabi/4.4.1/thumb2/crtend.o
 .text          0x00000000        0x0 c:/microsemi/softconsole v3.3/sourcery-g++/bin/../lib/gcc/arm-none-eabi/4.4.1/thumb2/crtn.o
 .data          0x00000000        0x0 c:/microsemi/softconsole v3.3/sourcery-g++/bin/../lib/gcc/arm-none-eabi/4.4.1/thumb2/crtn.o
 .bss           0x00000000        0x0 c:/microsemi/softconsole v3.3/sourcery-g++/bin/../lib/gcc/arm-none-eabi/4.4.1/thumb2/crtn.o

Memory Configuration

Name             Origin             Length             Attributes
ram              0x20000000         0x00010000         xrw
*default*        0x00000000         0xffffffff

Linker script and memory map

LOAD c:/microsemi/softconsole v3.3/sourcery-g++/bin/../lib/gcc/arm-none-eabi/4.4.1/thumb2/crti.o
LOAD c:/microsemi/softconsole v3.3/sourcery-g++/bin/../lib/gcc/arm-none-eabi/4.4.1/thumb2/crtbegin.o
LOAD ./lcd.o
LOAD ./main.o
LOAD ./utility.o
LOAD ./xbee.o
LOAD C:/Microsemi/Projects/cariomart_cc/SoftConsole/cariomart_mss_MSS_CM3_0/cariomart_mss_MSS_CM3_0_hw_platform/Debug/CMSIS/startup_gcc/startup_a2fxxxm3.o
LOAD C:/Microsemi/Projects/cariomart_cc/SoftConsole/cariomart_mss_MSS_CM3_0/cariomart_mss_MSS_CM3_0_hw_platform/Debug/CMSIS/startup_gcc/newlib_stubs.o
LOAD C:\Microsemi\Projects\cariomart_cc\SoftConsole\cariomart_mss_MSS_CM3_0\cariomart_mss_MSS_CM3_0_hw_platform\Debug\libcariomart_mss_MSS_CM3_0_hw_platform.a
START GROUP
LOAD c:/microsemi/softconsole v3.3/sourcery-g++/bin/../lib/gcc/arm-none-eabi/4.4.1/thumb2\libgcc.a
LOAD c:/microsemi/softconsole v3.3/sourcery-g++/bin/../lib/gcc/arm-none-eabi/4.4.1/../../../../arm-none-eabi/lib/thumb2\libc.a
END GROUP
LOAD c:/microsemi/softconsole v3.3/sourcery-g++/bin/../lib/gcc/arm-none-eabi/4.4.1/thumb2/crtend.o
LOAD c:/microsemi/softconsole v3.3/sourcery-g++/bin/../lib/gcc/arm-none-eabi/4.4.1/thumb2/crtn.o
START GROUP
LOAD c:/microsemi/softconsole v3.3/sourcery-g++/bin/../lib/gcc/arm-none-eabi/4.4.1/../../../../arm-none-eabi/lib/thumb2\libc.a
LOAD c:/microsemi/softconsole v3.3/sourcery-g++/bin/../lib/gcc/arm-none-eabi/4.4.1/thumb2\libgcc.a
LOAD c:/microsemi/softconsole v3.3/sourcery-g++/bin/../lib/gcc/arm-none-eabi/4.4.1/../../../../arm-none-eabi/lib/thumb2\libm.a
END GROUP
                0x00000000                __DYNAMIC = 0x0
                0x20000000                RAM_START_ADDRESS = 0x20000000
                0x00010000                RAM_SIZE = 0x10000
                0x00002000                MAIN_STACK_SIZE = 0x2000
                0x00001000                PROCESS_STACK_SIZE = 0x1000
                0x20010000                PROVIDE (__main_stack_start, (RAM_START_ADDRESS + RAM_SIZE))
                0x2000e000                PROVIDE (__process_stack_start, (__main_stack_start - MAIN_STACK_SIZE))
                0x20010000                PROVIDE (_estack, __main_stack_start)
                0x00000000                PROVIDE (__mirrored_nvm, 0x0)

.text           0x20000000     0x2918
 CREATE_OBJECT_SYMBOLS
                0x20000000                __text_load = LOADADDR (.text)
                0x20000000                __text_start = .
                0x20000000                __vector_table_vma_base_address = .
 *(.isr_vector)
 .isr_vector    0x20000000      0x470 C:/Microsemi/Projects/cariomart_cc/SoftConsole/cariomart_mss_MSS_CM3_0/cariomart_mss_MSS_CM3_0_hw_platform/Debug/CMSIS/startup_gcc/startup_a2fxxxm3.o
                0x20000000                g_pfnVectors
                0x20000298                Reset_Handler
                0x20000308                NMI_Handler
                0x2000030a                HardFault_Handler
                0x2000030c                MemManage_Handler
                0x2000030e                BusFault_Handler
                0x20000310                UsageFault_Handler
                0x20000312                SVC_Handler
                0x20000314                DebugMon_Handler
                0x20000316                PendSV_Handler
                0x20000318                SysTick_Handler
                0x2000031a                WdogWakeup_IRQHandler
                0x2000031c                BrownOut_1_5V_IRQHandler
                0x2000031e                BrownOut_3_3V_IRQHandler
                0x20000320                RTC_Match_IRQHandler
                0x20000322                RTCIF_Pub_IRQHandler
                0x20000324                EthernetMAC_IRQHandler
                0x20000326                IAP_IRQHandler
                0x20000328                ENVM0_IRQHandler
                0x2000032a                ENVM1_IRQHandler
                0x2000032c                DMA_IRQHandler
                0x20000332                SPI0_IRQHandler
                0x20000334                SPI1_IRQHandler
                0x20000336                I2C0_IRQHandler
                0x20000338                I2C0_SMBAlert_IRQHandler
                0x2000033a                I2C0_SMBus_IRQHandler
                0x2000033c                I2C1_IRQHandler
                0x2000033e                I2C1_SMBAlert_IRQHandler
                0x20000340                I2C1_SMBus_IRQHandler
                0x20000344                Timer2_IRQHandler
                0x20000346                PLL_Lock_IRQHandler
                0x20000348                PLL_LockLost_IRQHandler
                0x2000034a                CommError_IRQHandler
                0x2000034c                Fabric_IRQHandler
                0x2000034e                GPIO0_IRQHandler
                0x20000350                GPIO1_IRQHandler
                0x20000352                GPIO2_IRQHandler
                0x20000354                GPIO3_IRQHandler
                0x20000356                GPIO4_IRQHandler
                0x20000358                GPIO5_IRQHandler
                0x2000035a                GPIO6_IRQHandler
                0x2000035c                GPIO7_IRQHandler
                0x2000035e                GPIO8_IRQHandler
                0x20000360                GPIO9_IRQHandler
                0x20000362                GPIO10_IRQHandler
                0x20000364                GPIO11_IRQHandler
                0x20000366                GPIO12_IRQHandler
                0x20000368                GPIO13_IRQHandler
                0x2000036a                GPIO14_IRQHandler
                0x2000036c                GPIO15_IRQHandler
                0x2000036e                GPIO16_IRQHandler
                0x20000370                GPIO17_IRQHandler
                0x20000372                GPIO18_IRQHandler
                0x20000374                GPIO19_IRQHandler
                0x20000376                GPIO20_IRQHandler
                0x20000378                GPIO21_IRQHandler
                0x2000037a                GPIO22_IRQHandler
                0x2000037c                GPIO23_IRQHandler
                0x2000037e                GPIO24_IRQHandler
                0x20000380                GPIO25_IRQHandler
                0x20000382                GPIO26_IRQHandler
                0x20000384                GPIO27_IRQHandler
                0x20000386                GPIO28_IRQHandler
                0x20000388                GPIO29_IRQHandler
                0x2000038a                GPIO30_IRQHandler
                0x2000038c                GPIO31_IRQHandler
                0x2000038e                ACE_PC0_Flag0_IRQHandler
                0x20000390                ACE_PC0_Flag1_IRQHandler
                0x20000392                ACE_PC0_Flag2_IRQHandler
                0x20000394                ACE_PC0_Flag3_IRQHandler
                0x20000396                ACE_PC1_Flag0_IRQHandler
                0x20000398                ACE_PC1_Flag1_IRQHandler
                0x2000039a                ACE_PC1_Flag2_IRQHandler
                0x2000039c                ACE_PC1_Flag3_IRQHandler
                0x2000039e                ACE_PC2_Flag0_IRQHandler
                0x200003a0                ACE_PC2_Flag1_IRQHandler
                0x200003a2                ACE_PC2_Flag2_IRQHandler
                0x200003a4                ACE_PC2_Flag3_IRQHandler
                0x200003a6                ACE_ADC0_DataValid_IRQHandler
                0x200003a8                ACE_ADC1_DataValid_IRQHandler
                0x200003aa                ACE_ADC2_DataValid_IRQHandler
                0x200003ac                ACE_ADC0_CalDone_IRQHandler
                0x200003ae                ACE_ADC1_CalDone_IRQHandler
                0x200003b0                ACE_ADC2_CalDone_IRQHandler
                0x200003b2                ACE_ADC0_CalStart_IRQHandler
                0x200003b4                ACE_ADC1_CalStart_IRQHandler
                0x200003b6                ACE_ADC2_CalStart_IRQHandler
                0x200003b8                ACE_Comp0_Fall_IRQHandler
                0x200003ba                ACE_Comp1_Fall_IRQHandler
                0x200003bc                ACE_Comp2_Fall_IRQHandler
                0x200003be                ACE_Comp3_Fall_IRQHandler
                0x200003c0                ACE_Comp4_Fall_IRQHandler
                0x200003c2                ACE_Comp5_Fall_IRQHandler
                0x200003c4                ACE_Comp6_Fall_IRQHandler
                0x200003c6                ACE_Comp7_Fall_IRQHandler
                0x200003c8                ACE_Comp8_Fall_IRQHandler
                0x200003ca                ACE_Comp9_Fall_IRQHandler
                0x200003cc                ACE_Comp10_Fall_IRQHandler
                0x200003ce                ACE_Comp11_Fall_IRQHandler
                0x200003d0                ACE_Comp0_Rise_IRQHandler
                0x200003d2                ACE_Comp1_Rise_IRQHandler
                0x200003d4                ACE_Comp2_Rise_IRQHandler
                0x200003d6                ACE_Comp3_Rise_IRQHandler
                0x200003d8                ACE_Comp4_Rise_IRQHandler
                0x200003da                ACE_Comp5_Rise_IRQHandler
                0x200003dc                ACE_Comp6_Rise_IRQHandler
                0x200003de                ACE_Comp7_Rise_IRQHandler
                0x200003e0                ACE_Comp8_Rise_IRQHandler
                0x200003e2                ACE_Comp9_Rise_IRQHandler
                0x200003e4                ACE_Comp10_Rise_IRQHandler
                0x200003e6                ACE_Comp11_Rise_IRQHandler
                0x200003e8                ACE_ADC0_FifoFull_IRQHandler
                0x200003ea                ACE_ADC0_FifoAFull_IRQHandler
                0x200003ec                ACE_ADC0_FifoEmpty_IRQHandler
                0x200003ee                ACE_ADC1_FifoFull_IRQHandler
                0x200003f0                ACE_ADC1_FifoAFull_IRQHandler
                0x200003f2                ACE_ADC1_FifoEmpty_IRQHandler
                0x200003f4                ACE_ADC2_FifoFull_IRQHandler
                0x200003f6                ACE_ADC2_FifoAFull_IRQHandler
                0x200003f8                ACE_ADC2_FifoEmpty_IRQHandler
                0x200003fa                ACE_PPE_Flag0_IRQHandler
                0x200003fc                ACE_PPE_Flag1_IRQHandler
                0x200003fe                ACE_PPE_Flag2_IRQHandler
                0x20000400                ACE_PPE_Flag3_IRQHandler
                0x20000402                ACE_PPE_Flag4_IRQHandler
                0x20000404                ACE_PPE_Flag5_IRQHandler
                0x20000406                ACE_PPE_Flag6_IRQHandler
                0x20000408                ACE_PPE_Flag7_IRQHandler
                0x2000040a                ACE_PPE_Flag8_IRQHandler
                0x2000040c                ACE_PPE_Flag9_IRQHandler
                0x2000040e                ACE_PPE_Flag10_IRQHandler
                0x20000410                ACE_PPE_Flag11_IRQHandler
                0x20000412                ACE_PPE_Flag12_IRQHandler
                0x20000414                ACE_PPE_Flag13_IRQHandler
                0x20000416                ACE_PPE_Flag14_IRQHandler
                0x20000418                ACE_PPE_Flag15_IRQHandler
                0x2000041a                ACE_PPE_Flag16_IRQHandler
                0x2000041c                ACE_PPE_Flag17_IRQHandler
                0x2000041e                ACE_PPE_Flag18_IRQHandler
                0x20000420                ACE_PPE_Flag19_IRQHandler
                0x20000422                ACE_PPE_Flag20_IRQHandler
                0x20000424                ACE_PPE_Flag21_IRQHandler
                0x20000426                ACE_PPE_Flag22_IRQHandler
                0x20000428                ACE_PPE_Flag23_IRQHandler
                0x2000042a                ACE_PPE_Flag24_IRQHandler
                0x2000042c                ACE_PPE_Flag25_IRQHandler
                0x2000042e                ACE_PPE_Flag26_IRQHandler
                0x20000430                ACE_PPE_Flag27_IRQHandler
                0x20000432                ACE_PPE_Flag28_IRQHandler
                0x20000434                ACE_PPE_Flag29_IRQHandler
                0x20000436                ACE_PPE_Flag30_IRQHandler
                0x20000438                ACE_PPE_Flag31_IRQHandler
 *(.text .text.* .gnu.linkonce.t.*)
 .text          0x20000470       0x30 c:/microsemi/softconsole v3.3/sourcery-g++/bin/../lib/gcc/arm-none-eabi/4.4.1/thumb2/crtbegin.o
 .text.NVIC_EnableIRQ
                0x200004a0       0x38 ./lcd.o
 .text.NVIC_DisableIRQ
                0x200004d8       0x3c ./lcd.o
 .text.NVIC_ClearPendingIRQ
                0x20000514       0x3c ./lcd.o
 .text.MSS_TIM1_init
                0x20000550       0x84 ./lcd.o
 .text.MSS_TIM1_start
                0x200005d4       0x1c ./lcd.o
 .text.MSS_TIM1_load_background
                0x200005f0       0x20 ./lcd.o
 .text.MSS_TIM1_enable_irq
                0x20000610       0x20 ./lcd.o
 .text.MSS_TIM1_clear_irq
                0x20000630       0x1c ./lcd.o
 .text.LCD_init
                0x2000064c       0x20 ./lcd.o
                0x2000064c                LCD_init
 .text.LCD_clear
                0x2000066c       0x34 ./lcd.o
                0x2000066c                LCD_clear
 .text.LCD_printString
                0x200006a0       0x24 ./lcd.o
                0x200006a0                LCD_printString
 .text.LCD_newLine
                0x200006c4       0x30 ./lcd.o
                0x200006c4                LCD_newLine
 .text.LCD_drawLine
                0x200006f4       0x5c ./lcd.o
                0x200006f4                LCD_drawLine
 .text.LCD_drawBox
                0x20000750       0x5c ./lcd.o
                0x20000750                LCD_drawBox
 .text.LCD_drawCircle
                0x200007ac       0x54 ./lcd.o
                0x200007ac                LCD_drawCircle
 .text.LCD_setX
                0x20000800       0x38 ./lcd.o
                0x20000800                LCD_setX
 .text.LCD_setY
                0x20000838       0x38 ./lcd.o
                0x20000838                LCD_setY
 .text.LCD_setHome
                0x20000870       0x10 ./lcd.o
                0x20000870                LCD_setHome
 .text.LCD_setLineNum
                0x20000880       0x70 ./lcd.o
                0x20000880                LCD_setLineNum
 .text.LCD_setTextProps
                0x200008f0       0x3c ./lcd.o
                0x200008f0                LCD_setTextProps
 .text.LCD_defaultTextSettings
                0x2000092c       0x34 ./lcd.o
                0x2000092c                LCD_defaultTextSettings
 .text.LCD_showRaceIntro
                0x20000960       0xd8 ./lcd.o
                0x20000960                LCD_showRaceIntro
 .text.LCD_countdown
                0x20000a38      0x14c ./lcd.o
                0x20000a38                LCD_countdown
 .text.LCD_showLeaderboard
                0x20000b84       0x74 ./lcd.o
                0x20000b84                LCD_showLeaderboard
 .text.LCD_showP2first
                0x20000bf8       0x30 ./lcd.o
                0x20000bf8                LCD_showP2first
 .text.LCD_startTimer
                0x20000c28       0x64 ./lcd.o
                0x20000c28                LCD_startTimer
 .text.LCD_incrementTimer
                0x20000c8c      0x224 ./lcd.o
                0x20000c8c                LCD_incrementTimer
 .text.Timer1_IRQHandler
                0x20000eb0       0x20 ./lcd.o
                0x20000eb0                Timer1_IRQHandler
 .text.main     0x20000ed0       0xd0 ./main.o
                0x20000ed0                main
 .text.NVIC_DisableIRQ
                0x20000fa0       0x3c ./utility.o
 .text.NVIC_ClearPendingIRQ
                0x20000fdc       0x3c ./utility.o
 .text.MSS_TIM2_init
                0x20001018       0x84 ./utility.o
 .text.MSS_TIM2_start
                0x2000109c       0x1c ./utility.o
 .text.MSS_TIM2_get_current_value
                0x200010b8       0x18 ./utility.o
 .text.MSS_TIM2_load_immediate
                0x200010d0       0x20 ./utility.o
 .text.delay    0x200010f0       0x3c ./utility.o
                0x200010f0                delay
 .text.no_of_digits
                0x2000112c       0x48 ./utility.o
                0x2000112c                no_of_digits
 .text.itoa     0x20001174       0xd4 ./utility.o
                0x20001174                itoa
 .text.XBEE_init
                0x20001248       0x1c ./xbee.o
                0x20001248                XBEE_init
 .text.XBEE_send
                0x20001264       0x20 ./xbee.o
                0x20001264                XBEE_send
 .text._exit    0x20001284        0xc C:/Microsemi/Projects/cariomart_cc/SoftConsole/cariomart_mss_MSS_CM3_0/cariomart_mss_MSS_CM3_0_hw_platform/Debug/CMSIS/startup_gcc/newlib_stubs.o
                0x20001284                _exit
 .text._write_r
                0x20001290       0x20 C:/Microsemi/Projects/cariomart_cc/SoftConsole/cariomart_mss_MSS_CM3_0/cariomart_mss_MSS_CM3_0_hw_platform/Debug/CMSIS/startup_gcc/newlib_stubs.o
                0x20001290                _write_r
 .text._sbrk    0x200012b0       0x94 C:/Microsemi/Projects/cariomart_cc/SoftConsole/cariomart_mss_MSS_CM3_0/cariomart_mss_MSS_CM3_0_hw_platform/Debug/CMSIS/startup_gcc/newlib_stubs.o
                0x200012b0                _sbrk
 .text.NVIC_ClearPendingIRQ
                0x20001344       0x3c C:\Microsemi\Projects\cariomart_cc\SoftConsole\cariomart_mss_MSS_CM3_0\cariomart_mss_MSS_CM3_0_hw_platform\Debug\libcariomart_mss_MSS_CM3_0_hw_platform.a(mss_uart.o)
 .text.MSS_UART_init
                0x20001380      0x204 C:\Microsemi\Projects\cariomart_cc\SoftConsole\cariomart_mss_MSS_CM3_0\cariomart_mss_MSS_CM3_0_hw_platform\Debug\libcariomart_mss_MSS_CM3_0_hw_platform.a(mss_uart.o)
                0x20001380                MSS_UART_init
 .text.MSS_UART_polled_tx
                0x20001584       0xe4 C:\Microsemi\Projects\cariomart_cc\SoftConsole\cariomart_mss_MSS_CM3_0\cariomart_mss_MSS_CM3_0_hw_platform\Debug\libcariomart_mss_MSS_CM3_0_hw_platform.a(mss_uart.o)
                0x20001584                MSS_UART_polled_tx
 .text.MSS_UART_polled_tx_string
                0x20001668       0xd0 C:\Microsemi\Projects\cariomart_cc\SoftConsole\cariomart_mss_MSS_CM3_0\cariomart_mss_MSS_CM3_0_hw_platform\Debug\libcariomart_mss_MSS_CM3_0_hw_platform.a(mss_uart.o)
                0x20001668                MSS_UART_polled_tx_string
 .text.MSS_UART_isr
                0x20001738      0x11c C:\Microsemi\Projects\cariomart_cc\SoftConsole\cariomart_mss_MSS_CM3_0\cariomart_mss_MSS_CM3_0_hw_platform\Debug\libcariomart_mss_MSS_CM3_0_hw_platform.a(mss_uart.o)
 .text.default_tx_handler
                0x20001854      0x108 C:\Microsemi\Projects\cariomart_cc\SoftConsole\cariomart_mss_MSS_CM3_0\cariomart_mss_MSS_CM3_0_hw_platform\Debug\libcariomart_mss_MSS_CM3_0_hw_platform.a(mss_uart.o)
 .text.UART0_IRQHandler
                0x2000195c       0x2c C:\Microsemi\Projects\cariomart_cc\SoftConsole\cariomart_mss_MSS_CM3_0\cariomart_mss_MSS_CM3_0_hw_platform\Debug\libcariomart_mss_MSS_CM3_0_hw_platform.a(mss_uart.o)
                0x2000195c                UART0_IRQHandler
 .text.UART1_IRQHandler
                0x20001988       0x2c C:\Microsemi\Projects\cariomart_cc\SoftConsole\cariomart_mss_MSS_CM3_0\cariomart_mss_MSS_CM3_0_hw_platform\Debug\libcariomart_mss_MSS_CM3_0_hw_platform.a(mss_uart.o)
                0x20001988                UART1_IRQHandler
 .text.SystemInit
                0x200019b4        0xc C:\Microsemi\Projects\cariomart_cc\SoftConsole\cariomart_mss_MSS_CM3_0\cariomart_mss_MSS_CM3_0_hw_platform\Debug\libcariomart_mss_MSS_CM3_0_hw_platform.a(system_a2fxxxm3.o)
                0x200019b4                SystemInit
 .text.SystemCoreClockUpdate
                0x200019c0      0x150 C:\Microsemi\Projects\cariomart_cc\SoftConsole\cariomart_mss_MSS_CM3_0\cariomart_mss_MSS_CM3_0_hw_platform\Debug\libcariomart_mss_MSS_CM3_0_hw_platform.a(system_a2fxxxm3.o)
                0x200019c0                SystemCoreClockUpdate
 .text.GetSystemClock
                0x20001b10       0xe8 C:\Microsemi\Projects\cariomart_cc\SoftConsole\cariomart_mss_MSS_CM3_0\cariomart_mss_MSS_CM3_0_hw_platform\Debug\libcariomart_mss_MSS_CM3_0_hw_platform.a(system_a2fxxxm3.o)
 .text          0x20001bf8       0x50 c:/microsemi/softconsole v3.3/sourcery-g++/bin/../lib/gcc/arm-none-eabi/4.4.1/../../../../arm-none-eabi/lib/thumb2\libc.a(lib_a-init.o)
                0x20001bf8                __libc_init_array
 .text          0x20001c48       0x20 c:/microsemi/softconsole v3.3/sourcery-g++/bin/../lib/gcc/arm-none-eabi/4.4.1/../../../../arm-none-eabi/lib/thumb2\libc.a(lib_a-malloc.o)
                0x20001c48                free
                0x20001c58                malloc
 .text          0x20001c68      0x5a4 c:/microsemi/softconsole v3.3/sourcery-g++/bin/../lib/gcc/arm-none-eabi/4.4.1/../../../../arm-none-eabi/lib/thumb2\libc.a(lib_a-mallocr.o)
                0x20001c68                _malloc_r
 .text          0x2000220c      0x190 c:/microsemi/softconsole v3.3/sourcery-g++/bin/../lib/gcc/arm-none-eabi/4.4.1/../../../../arm-none-eabi/lib/thumb2\libc.a(lib_a-memcpy.o)
                0x2000220c                memcpy
 .text          0x2000239c        0x8 c:/microsemi/softconsole v3.3/sourcery-g++/bin/../lib/gcc/arm-none-eabi/4.4.1/../../../../arm-none-eabi/lib/thumb2\libc.a(lib_a-mlock.o)
                0x2000239c                __malloc_lock
                0x200023a0                __malloc_unlock
 .text          0x200023a4       0x28 c:/microsemi/softconsole v3.3/sourcery-g++/bin/../lib/gcc/arm-none-eabi/4.4.1/../../../../arm-none-eabi/lib/thumb2\libc.a(lib_a-sbrkr.o)
                0x200023a4                _sbrk_r
 .text          0x200023cc       0x48 c:/microsemi/softconsole v3.3/sourcery-g++/bin/../lib/gcc/arm-none-eabi/4.4.1/../../../../arm-none-eabi/lib/thumb2\libc.a(lib_a-strcat.o)
                0x200023cc                strcat
 .text          0x20002414       0xbc c:/microsemi/softconsole v3.3/sourcery-g++/bin/../lib/gcc/arm-none-eabi/4.4.1/../../../../arm-none-eabi/lib/thumb2\libc.a(lib_a-strcpy.o)
                0x20002414                strcpy
 .text          0x200024d0       0x60 c:/microsemi/softconsole v3.3/sourcery-g++/bin/../lib/gcc/arm-none-eabi/4.4.1/../../../../arm-none-eabi/lib/thumb2\libc.a(lib_a-strlen.o)
                0x200024d0                strlen
 .text          0x20002530      0x268 c:/microsemi/softconsole v3.3/sourcery-g++/bin/../lib/gcc/arm-none-eabi/4.4.1/../../../../arm-none-eabi/lib/thumb2\libc.a(lib_a-freer.o)
                0x20002530                _malloc_trim_r
                0x200025d8                _free_r
 *(.plt)
 *(.gnu.warning)
 *(.glue_7t)
 .glue_7t       0x00000000        0x0 linker stubs
 *(.glue_7)
 .glue_7        0x00000000        0x0 linker stubs
 *(.vfp11_veneer)
 .vfp11_veneer  0x00000000        0x0 linker stubs
                0x20002798                . = ALIGN (0x4)
 *crtbegin.o(.ctors)
 *(EXCLUDE_FILE(*crtend.o) .ctors)
 *(SORT(.ctors.*))
 *crtend.o(.ctors)
 *crtbegin.o(.dtors)
 *(EXCLUDE_FILE(*crtend.o) .dtors)
 *(SORT(.dtors.*))
 *crtend.o(.dtors)
 *(.rodata .rodata.* .gnu.linkonce.r.*)
 .rodata        0x20002798      0x12c ./lcd.o
 .rodata        0x200028c4        0x4 ./main.o
 .rodata        0x200028c8       0x1c C:/Microsemi/Projects/cariomart_cc/SoftConsole/cariomart_mss_MSS_CM3_0/cariomart_mss_MSS_CM3_0_hw_platform/Debug/CMSIS/startup_gcc/newlib_stubs.o
 .rodata.C.18.2576
                0x200028e4       0x10 C:\Microsemi\Projects\cariomart_cc\SoftConsole\cariomart_mss_MSS_CM3_0\cariomart_mss_MSS_CM3_0_hw_platform\Debug\libcariomart_mss_MSS_CM3_0_hw_platform.a(system_a2fxxxm3.o)
 .rodata.str1.4
                0x200028f4        0x4 c:/microsemi/softconsole v3.3/sourcery-g++/bin/../lib/gcc/arm-none-eabi/4.4.1/../../../../arm-none-eabi/lib/thumb2\libc.a(lib_a-impure.o)
 *(.ARM.extab* .gnu.linkonce.armextab.*)
 *(.gcc_except_table)
 *(.eh_frame_hdr)
 *(.eh_frame)
 *(.init)
 .init          0x200028f8        0x4 c:/microsemi/softconsole v3.3/sourcery-g++/bin/../lib/gcc/arm-none-eabi/4.4.1/thumb2/crti.o
                0x200028f8                _init
 .init          0x200028fc        0x8 c:/microsemi/softconsole v3.3/sourcery-g++/bin/../lib/gcc/arm-none-eabi/4.4.1/thumb2/crtn.o
 *(.fini)
 .fini          0x20002904        0x4 c:/microsemi/softconsole v3.3/sourcery-g++/bin/../lib/gcc/arm-none-eabi/4.4.1/thumb2/crti.o
                0x20002904                _fini
 .fini          0x20002908        0x8 c:/microsemi/softconsole v3.3/sourcery-g++/bin/../lib/gcc/arm-none-eabi/4.4.1/thumb2/crtn.o
                0x20002910                PROVIDE (__preinit_array_start, .)
 *(.preinit_array)
                0x20002910                PROVIDE (__preinit_array_end, .)
                0x20002910                PROVIDE (__init_array_start, .)
 *(SORT(.init_array.*))
 *(.init_array)
 .init_array    0x20002910        0x4 c:/microsemi/softconsole v3.3/sourcery-g++/bin/../lib/gcc/arm-none-eabi/4.4.1/thumb2/crtbegin.o
                0x20002914                PROVIDE (__init_array_end, .)
                0x20002914                PROVIDE (__fini_array_start, .)
 *(.fini_array)
 .fini_array    0x20002914        0x4 c:/microsemi/softconsole v3.3/sourcery-g++/bin/../lib/gcc/arm-none-eabi/4.4.1/thumb2/crtbegin.o
 *(SORT(.fini_array.*))
                0x20002918                PROVIDE (__fini_array_end, .)
                0x20002918                __exidx_start = .

.v4_bx          0x20002918        0x0
 .v4_bx         0x00000000        0x0 linker stubs

.ARM.exidx
 *(.ARM.exidx* .gnu.linkonce.armexidx.*)
                0x20002918                __exidx_end = .
                0x20002918                _etext = .
                0x20002918                PROVIDE (__text_end, .)

.data           0x20002918      0x520
                0x20002918                __data_load = LOADADDR (.data)
                0x20002918                _sidata = LOADADDR (.data)
                0x20002918                __data_start = .
                0x20002918                _sdata = .
 *(.jcr)
 .jcr           0x20002918        0x0 c:/microsemi/softconsole v3.3/sourcery-g++/bin/../lib/gcc/arm-none-eabi/4.4.1/thumb2/crtbegin.o
 .jcr           0x20002918        0x4 c:/microsemi/softconsole v3.3/sourcery-g++/bin/../lib/gcc/arm-none-eabi/4.4.1/thumb2/crtend.o
 *(.got.plt)
 *(.got)
 *(.shdata)
 *(.data .data.* .gnu.linkonce.d.*)
 .data.SystemFrequency
                0x2000291c        0x4 C:\Microsemi\Projects\cariomart_cc\SoftConsole\cariomart_mss_MSS_CM3_0\cariomart_mss_MSS_CM3_0_hw_platform\Debug\libcariomart_mss_MSS_CM3_0_hw_platform.a(system_a2fxxxm3.o)
                0x2000291c                SystemFrequency
 .data.SystemCoreClock
                0x20002920        0x4 C:\Microsemi\Projects\cariomart_cc\SoftConsole\cariomart_mss_MSS_CM3_0\cariomart_mss_MSS_CM3_0_hw_platform\Debug\libcariomart_mss_MSS_CM3_0_hw_platform.a(system_a2fxxxm3.o)
                0x20002920                SystemCoreClock
 .data.g_FrequencyPCLK0
                0x20002924        0x4 C:\Microsemi\Projects\cariomart_cc\SoftConsole\cariomart_mss_MSS_CM3_0\cariomart_mss_MSS_CM3_0_hw_platform\Debug\libcariomart_mss_MSS_CM3_0_hw_platform.a(system_a2fxxxm3.o)
                0x20002924                g_FrequencyPCLK0
 .data.g_FrequencyPCLK1
                0x20002928        0x4 C:\Microsemi\Projects\cariomart_cc\SoftConsole\cariomart_mss_MSS_CM3_0\cariomart_mss_MSS_CM3_0_hw_platform\Debug\libcariomart_mss_MSS_CM3_0_hw_platform.a(system_a2fxxxm3.o)
                0x20002928                g_FrequencyPCLK1
 .data.g_FrequencyACE
                0x2000292c        0x4 C:\Microsemi\Projects\cariomart_cc\SoftConsole\cariomart_mss_MSS_CM3_0\cariomart_mss_MSS_CM3_0_hw_platform\Debug\libcariomart_mss_MSS_CM3_0_hw_platform.a(system_a2fxxxm3.o)
                0x2000292c                g_FrequencyACE
 .data.g_FrequencyFPGA
                0x20002930        0x4 C:\Microsemi\Projects\cariomart_cc\SoftConsole\cariomart_mss_MSS_CM3_0\cariomart_mss_MSS_CM3_0_hw_platform\Debug\libcariomart_mss_MSS_CM3_0_hw_platform.a(system_a2fxxxm3.o)
                0x20002930                g_FrequencyFPGA
 .data          0x20002934       0xf4 c:/microsemi/softconsole v3.3/sourcery-g++/bin/../lib/gcc/arm-none-eabi/4.4.1/../../../../arm-none-eabi/lib/thumb2\libc.a(lib_a-impure.o)
                0x20002934                _impure_ptr
 .data          0x20002a28      0x410 c:/microsemi/softconsole v3.3/sourcery-g++/bin/../lib/gcc/arm-none-eabi/4.4.1/../../../../arm-none-eabi/lib/thumb2\libc.a(lib_a-mallocr.o)
                0x20002a28                __malloc_av_
                0x20002e30                __malloc_sbrk_base
                0x20002e34                __malloc_trim_threshold
                0x20002e38                . = ALIGN (0x4)
                0x20002e38                _edata = .

.bss            0x20002e38       0xb8
                0x20002e38                __bss_start__ = .
                0x20002e38                _sbss = .
 *(.shbss)
 *(.bss .bss.* .gnu.linkonce.b.*)
 .bss           0x20002e38        0x1 c:/microsemi/softconsole v3.3/sourcery-g++/bin/../lib/gcc/arm-none-eabi/4.4.1/thumb2/crtbegin.o
 *fill*         0x20002e39        0x3 00
 .bss.heap_end.2220
                0x20002e3c        0x4 C:/Microsemi/Projects/cariomart_cc/SoftConsole/cariomart_mss_MSS_CM3_0/cariomart_mss_MSS_CM3_0_hw_platform/Debug/CMSIS/startup_gcc/newlib_stubs.o
 .bss           0x20002e40       0x34 c:/microsemi/softconsole v3.3/sourcery-g++/bin/../lib/gcc/arm-none-eabi/4.4.1/../../../../arm-none-eabi/lib/thumb2\libc.a(lib_a-mallocr.o)
                0x20002e40                __malloc_top_pad
                0x20002e44                __malloc_current_mallinfo
                0x20002e6c                __malloc_max_sbrked_mem
                0x20002e70                __malloc_max_total_mem
 *(COMMON)
 COMMON         0x20002e74       0x14 ./lcd.o
                0x20002e74                textProps
                0x20002e84                time
 COMMON         0x20002e88       0x14 ./main.o
                0x20002e88                p1powerup
                0x20002e8c                p2lap
                0x20002e90                p1lap
                0x20002e94                p2powerup
                0x20002e98                race_status
 COMMON         0x20002e9c       0x50 C:\Microsemi\Projects\cariomart_cc\SoftConsole\cariomart_mss_MSS_CM3_0\cariomart_mss_MSS_CM3_0_hw_platform\Debug\libcariomart_mss_MSS_CM3_0_hw_platform.a(mss_uart.o)
                0x20002e9c                g_mss_uart1
                0x20002ec4                g_mss_uart0
 COMMON         0x20002eec        0x4 c:/microsemi/softconsole v3.3/sourcery-g++/bin/../lib/gcc/arm-none-eabi/4.4.1/../../../../arm-none-eabi/lib/thumb2\libc.a(lib_a-reent.o)
                0x20002eec                errno
                0x20002ef0                . = ALIGN (0x8)
                0x20002ef0                __bss_end__ = .
                0x20002ef0                _end = .
                0x20002ef0                __end = _end
                0x20002ef0                _ebss = .
                0x20002ef0                PROVIDE (end, .)

.stack          0x20002ef0     0x3000
                0x20002ef0                . = ALIGN (0x4)
                0x20003ef0                . = (. + PROCESS_STACK_SIZE)
 *fill*         0x20002ef0     0x1000 00
                0x20003ef0                . = ALIGN (0x4)
                0x20005ef0                . = (. + MAIN_STACK_SIZE)
 *fill*         0x20003ef0     0x2000 00
                0x20005ef0                . = ALIGN (0x4)

.stab
 *(.stab)

.stabstr
 *(.stabstr)

.debug
 *(.debug)

.line
 *(.line)

.debug_srcinfo
 *(.debug_srcinfo)

.debug_sfnames
 *(.debug_sfnames)

.comment        0x00000000      0x12d
 .comment       0x00000000       0x2b ./lcd.o
 .comment       0x0000002b       0x2b ./main.o
 .comment       0x00000056       0x2b ./utility.o
 .comment       0x00000081       0x2b ./xbee.o
 .comment       0x000000ac       0x2b C:/Microsemi/Projects/cariomart_cc/SoftConsole/cariomart_mss_MSS_CM3_0/cariomart_mss_MSS_CM3_0_hw_platform/Debug/CMSIS/startup_gcc/newlib_stubs.o
 .comment       0x000000d7       0x2b C:\Microsemi\Projects\cariomart_cc\SoftConsole\cariomart_mss_MSS_CM3_0\cariomart_mss_MSS_CM3_0_hw_platform\Debug\libcariomart_mss_MSS_CM3_0_hw_platform.a(mss_uart.o)
 .comment       0x00000102       0x2b C:\Microsemi\Projects\cariomart_cc\SoftConsole\cariomart_mss_MSS_CM3_0\cariomart_mss_MSS_CM3_0_hw_platform\Debug\libcariomart_mss_MSS_CM3_0_hw_platform.a(system_a2fxxxm3.o)

.debug_aranges  0x00000000      0x378
 *(.debug_aranges)
 .debug_aranges
                0x00000000      0x120 ./lcd.o
 .debug_aranges
                0x00000120       0x20 ./main.o
 .debug_aranges
                0x00000140       0x60 ./utility.o
 .debug_aranges
                0x000001a0       0x28 ./xbee.o
 .debug_aranges
                0x000001c8       0xa8 C:/Microsemi/Projects/cariomart_cc/SoftConsole/cariomart_mss_MSS_CM3_0/cariomart_mss_MSS_CM3_0_hw_platform/Debug/CMSIS/startup_gcc/newlib_stubs.o
 .debug_aranges
                0x00000270       0xd8 C:\Microsemi\Projects\cariomart_cc\SoftConsole\cariomart_mss_MSS_CM3_0\cariomart_mss_MSS_CM3_0_hw_platform\Debug\libcariomart_mss_MSS_CM3_0_hw_platform.a(mss_uart.o)
 .debug_aranges
                0x00000348       0x30 C:\Microsemi\Projects\cariomart_cc\SoftConsole\cariomart_mss_MSS_CM3_0\cariomart_mss_MSS_CM3_0_hw_platform\Debug\libcariomart_mss_MSS_CM3_0_hw_platform.a(system_a2fxxxm3.o)

.debug_pubnames
                0x00000000      0x698
 *(.debug_pubnames)
 .debug_pubnames
                0x00000000      0x1d7 ./lcd.o
 .debug_pubnames
                0x000001d7       0x72 ./main.o
 .debug_pubnames
                0x00000249       0x36 ./utility.o
 .debug_pubnames
                0x0000027f       0x5e ./xbee.o
 .debug_pubnames
                0x000002dd       0xeb C:/Microsemi/Projects/cariomart_cc/SoftConsole/cariomart_mss_MSS_CM3_0/cariomart_mss_MSS_CM3_0_hw_platform/Debug/CMSIS/startup_gcc/newlib_stubs.o
 .debug_pubnames
                0x000003c8      0x21c C:\Microsemi\Projects\cariomart_cc\SoftConsole\cariomart_mss_MSS_CM3_0\cariomart_mss_MSS_CM3_0_hw_platform\Debug\libcariomart_mss_MSS_CM3_0_hw_platform.a(mss_uart.o)
 .debug_pubnames
                0x000005e4       0xb4 C:\Microsemi\Projects\cariomart_cc\SoftConsole\cariomart_mss_MSS_CM3_0\cariomart_mss_MSS_CM3_0_hw_platform\Debug\libcariomart_mss_MSS_CM3_0_hw_platform.a(system_a2fxxxm3.o)

.debug_info     0x00000000     0x549d
 *(.debug_info .gnu.linkonce.wi.*)
 .debug_info    0x00000000     0x180c ./lcd.o
 .debug_info    0x0000180c      0x197 ./main.o
 .debug_info    0x000019a3      0xe32 ./utility.o
 .debug_info    0x000027d5      0xb29 ./xbee.o
 .debug_info    0x000032fe      0x6bf C:/Microsemi/Projects/cariomart_cc/SoftConsole/cariomart_mss_MSS_CM3_0/cariomart_mss_MSS_CM3_0_hw_platform/Debug/CMSIS/startup_gcc/newlib_stubs.o
 .debug_info    0x000039bd     0x15a4 C:\Microsemi\Projects\cariomart_cc\SoftConsole\cariomart_mss_MSS_CM3_0\cariomart_mss_MSS_CM3_0_hw_platform\Debug\libcariomart_mss_MSS_CM3_0_hw_platform.a(mss_uart.o)
 .debug_info    0x00004f61      0x53c C:\Microsemi\Projects\cariomart_cc\SoftConsole\cariomart_mss_MSS_CM3_0\cariomart_mss_MSS_CM3_0_hw_platform\Debug\libcariomart_mss_MSS_CM3_0_hw_platform.a(system_a2fxxxm3.o)

.debug_abbrev   0x00000000      0xaac
 *(.debug_abbrev)
 .debug_abbrev  0x00000000      0x24d ./lcd.o
 .debug_abbrev  0x0000024d       0xb8 ./main.o
 .debug_abbrev  0x00000305      0x19c ./utility.o
 .debug_abbrev  0x000004a1      0x185 ./xbee.o
 .debug_abbrev  0x00000626      0x130 C:/Microsemi/Projects/cariomart_cc/SoftConsole/cariomart_mss_MSS_CM3_0/cariomart_mss_MSS_CM3_0_hw_platform/Debug/CMSIS/startup_gcc/newlib_stubs.o
 .debug_abbrev  0x00000756      0x245 C:\Microsemi\Projects\cariomart_cc\SoftConsole\cariomart_mss_MSS_CM3_0\cariomart_mss_MSS_CM3_0_hw_platform\Debug\libcariomart_mss_MSS_CM3_0_hw_platform.a(mss_uart.o)
 .debug_abbrev  0x0000099b      0x111 C:\Microsemi\Projects\cariomart_cc\SoftConsole\cariomart_mss_MSS_CM3_0\cariomart_mss_MSS_CM3_0_hw_platform\Debug\libcariomart_mss_MSS_CM3_0_hw_platform.a(system_a2fxxxm3.o)

.debug_line     0x00000000     0x1c05
 *(.debug_line)
 .debug_line    0x00000000      0x7d7 ./lcd.o
 .debug_line    0x000007d7      0x2a6 ./main.o
 .debug_line    0x00000a7d      0x2c8 ./utility.o
 .debug_line    0x00000d45      0x278 ./xbee.o
 .debug_line    0x00000fbd      0x458 C:/Microsemi/Projects/cariomart_cc/SoftConsole/cariomart_mss_MSS_CM3_0/cariomart_mss_MSS_CM3_0_hw_platform/Debug/CMSIS/startup_gcc/newlib_stubs.o
 .debug_line    0x00001415      0x575 C:\Microsemi\Projects\cariomart_cc\SoftConsole\cariomart_mss_MSS_CM3_0\cariomart_mss_MSS_CM3_0_hw_platform\Debug\libcariomart_mss_MSS_CM3_0_hw_platform.a(mss_uart.o)
 .debug_line    0x0000198a      0x27b C:\Microsemi\Projects\cariomart_cc\SoftConsole\cariomart_mss_MSS_CM3_0\cariomart_mss_MSS_CM3_0_hw_platform\Debug\libcariomart_mss_MSS_CM3_0_hw_platform.a(system_a2fxxxm3.o)

.debug_frame    0x00000000      0xd2c
 *(.debug_frame)
 .debug_frame   0x00000000      0x3d8 ./lcd.o
 .debug_frame   0x000003d8       0x30 ./main.o
 .debug_frame   0x00000408      0x110 ./utility.o
 .debug_frame   0x00000518       0x4c ./xbee.o
 .debug_frame   0x00000564      0x21c C:/Microsemi/Projects/cariomart_cc/SoftConsole/cariomart_mss_MSS_CM3_0/cariomart_mss_MSS_CM3_0_hw_platform/Debug/CMSIS/startup_gcc/newlib_stubs.o
 .debug_frame   0x00000780      0x2e4 C:\Microsemi\Projects\cariomart_cc\SoftConsole\cariomart_mss_MSS_CM3_0\cariomart_mss_MSS_CM3_0_hw_platform\Debug\libcariomart_mss_MSS_CM3_0_hw_platform.a(mss_uart.o)
 .debug_frame   0x00000a64       0x64 C:\Microsemi\Projects\cariomart_cc\SoftConsole\cariomart_mss_MSS_CM3_0\cariomart_mss_MSS_CM3_0_hw_platform\Debug\libcariomart_mss_MSS_CM3_0_hw_platform.a(system_a2fxxxm3.o)
 .debug_frame   0x00000ac8       0x20 c:/microsemi/softconsole v3.3/sourcery-g++/bin/../lib/gcc/arm-none-eabi/4.4.1/../../../../arm-none-eabi/lib/thumb2\libc.a(lib_a-errno.o)
 .debug_frame   0x00000ae8       0x2c c:/microsemi/softconsole v3.3/sourcery-g++/bin/../lib/gcc/arm-none-eabi/4.4.1/../../../../arm-none-eabi/lib/thumb2\libc.a(lib_a-init.o)
 .debug_frame   0x00000b14       0x30 c:/microsemi/softconsole v3.3/sourcery-g++/bin/../lib/gcc/arm-none-eabi/4.4.1/../../../../arm-none-eabi/lib/thumb2\libc.a(lib_a-malloc.o)
 .debug_frame   0x00000b44       0x3c c:/microsemi/softconsole v3.3/sourcery-g++/bin/../lib/gcc/arm-none-eabi/4.4.1/../../../../arm-none-eabi/lib/thumb2\libc.a(lib_a-mallocr.o)
 .debug_frame   0x00000b80       0x34 c:/microsemi/softconsole v3.3/sourcery-g++/bin/../lib/gcc/arm-none-eabi/4.4.1/../../../../arm-none-eabi/lib/thumb2\libc.a(lib_a-memcpy.o)
 .debug_frame   0x00000bb4       0x30 c:/microsemi/softconsole v3.3/sourcery-g++/bin/../lib/gcc/arm-none-eabi/4.4.1/../../../../arm-none-eabi/lib/thumb2\libc.a(lib_a-mlock.o)
 .debug_frame   0x00000be4       0x2c c:/microsemi/softconsole v3.3/sourcery-g++/bin/../lib/gcc/arm-none-eabi/4.4.1/../../../../arm-none-eabi/lib/thumb2\libc.a(lib_a-sbrkr.o)
 .debug_frame   0x00000c10       0x28 c:/microsemi/softconsole v3.3/sourcery-g++/bin/../lib/gcc/arm-none-eabi/4.4.1/../../../../arm-none-eabi/lib/thumb2\libc.a(lib_a-strcat.o)
 .debug_frame   0x00000c38       0x20 c:/microsemi/softconsole v3.3/sourcery-g++/bin/../lib/gcc/arm-none-eabi/4.4.1/../../../../arm-none-eabi/lib/thumb2\libc.a(lib_a-strcpy.o)
 .debug_frame   0x00000c58       0x20 c:/microsemi/softconsole v3.3/sourcery-g++/bin/../lib/gcc/arm-none-eabi/4.4.1/../../../../arm-none-eabi/lib/thumb2\libc.a(lib_a-strlen.o)
 .debug_frame   0x00000c78       0x50 c:/microsemi/softconsole v3.3/sourcery-g++/bin/../lib/gcc/arm-none-eabi/4.4.1/../../../../arm-none-eabi/lib/thumb2\libc.a(lib_a-freer.o)
 .debug_frame   0x00000cc8       0x64 c:/microsemi/softconsole v3.3/sourcery-g++/bin/../lib/gcc/arm-none-eabi/4.4.1/../../../../arm-none-eabi/lib/thumb2\libc.a(lib_a-reent.o)

.debug_str      0x00000000     0x1cd5
 *(.debug_str)
 .debug_str     0x00000000     0x14ca ./lcd.o
                               0x156b (size before relaxing)
 .debug_str     0x000014ca       0x52 ./main.o
                                0x1a2 (size before relaxing)
 .debug_str     0x0000151c       0x81 ./utility.o
                               0x10df (size before relaxing)
 .debug_str     0x0000159d       0x2f ./xbee.o
                                0xeb1 (size before relaxing)
 .debug_str     0x000015cc      0x259 C:/Microsemi/Projects/cariomart_cc/SoftConsole/cariomart_mss_MSS_CM3_0/cariomart_mss_MSS_CM3_0_hw_platform/Debug/CMSIS/startup_gcc/newlib_stubs.o
                                0x331 (size before relaxing)
 .debug_str     0x00001825      0x3b9 C:\Microsemi\Projects\cariomart_cc\SoftConsole\cariomart_mss_MSS_CM3_0\cariomart_mss_MSS_CM3_0_hw_platform\Debug\libcariomart_mss_MSS_CM3_0_hw_platform.a(mss_uart.o)
                               0x14c2 (size before relaxing)
 .debug_str     0x00001bde       0xf7 C:\Microsemi\Projects\cariomart_cc\SoftConsole\cariomart_mss_MSS_CM3_0\cariomart_mss_MSS_CM3_0_hw_platform\Debug\libcariomart_mss_MSS_CM3_0_hw_platform.a(system_a2fxxxm3.o)
                                0x465 (size before relaxing)

.debug_loc      0x00000000     0x122a
 *(.debug_loc)
 .debug_loc     0x00000000      0x64b ./lcd.o
 .debug_loc     0x0000064b       0x37 ./main.o
 .debug_loc     0x00000682      0x1d7 ./utility.o
 .debug_loc     0x00000859       0x62 ./xbee.o
 .debug_loc     0x000008bb      0x3c6 C:/Microsemi/Projects/cariomart_cc/SoftConsole/cariomart_mss_MSS_CM3_0/cariomart_mss_MSS_CM3_0_hw_platform/Debug/CMSIS/startup_gcc/newlib_stubs.o
 .debug_loc     0x00000c81      0x510 C:\Microsemi\Projects\cariomart_cc\SoftConsole\cariomart_mss_MSS_CM3_0\cariomart_mss_MSS_CM3_0_hw_platform\Debug\libcariomart_mss_MSS_CM3_0_hw_platform.a(mss_uart.o)
 .debug_loc     0x00001191       0x99 C:\Microsemi\Projects\cariomart_cc\SoftConsole\cariomart_mss_MSS_CM3_0\cariomart_mss_MSS_CM3_0_hw_platform\Debug\libcariomart_mss_MSS_CM3_0_hw_platform.a(system_a2fxxxm3.o)

.debug_macinfo  0x00000000    0x2b07a
 *(.debug_macinfo)
 .debug_macinfo
                0x00000000     0x88ef ./lcd.o
 .debug_macinfo
                0x000088ef     0x6d1d ./main.o
 .debug_macinfo
                0x0000f60c     0x52ec ./utility.o
 .debug_macinfo
                0x000148f8     0x5d49 ./xbee.o
 .debug_macinfo
                0x0001a641     0x4bf0 C:/Microsemi/Projects/cariomart_cc/SoftConsole/cariomart_mss_MSS_CM3_0/cariomart_mss_MSS_CM3_0_hw_platform/Debug/CMSIS/startup_gcc/newlib_stubs.o
 .debug_macinfo
                0x0001f231     0x63ca C:\Microsemi\Projects\cariomart_cc\SoftConsole\cariomart_mss_MSS_CM3_0\cariomart_mss_MSS_CM3_0_hw_platform\Debug\libcariomart_mss_MSS_CM3_0_hw_platform.a(mss_uart.o)
 .debug_macinfo
                0x000255fb     0x5a7f C:\Microsemi\Projects\cariomart_cc\SoftConsole\cariomart_mss_MSS_CM3_0\cariomart_mss_MSS_CM3_0_hw_platform\Debug\libcariomart_mss_MSS_CM3_0_hw_platform.a(system_a2fxxxm3.o)

.debug_weaknames
 *(.debug_weaknames)

.debug_funcnames
 *(.debug_funcnames)

.debug_typenames
 *(.debug_typenames)

.debug_varnames
 *(.debug_varnames)

.note.gnu.arm.ident
 *(.note.gnu.arm.ident)

.ARM.attributes
                0x00000000       0x25
 *(.ARM.attributes)
 .ARM.attributes
                0x00000000       0x19 c:/microsemi/softconsole v3.3/sourcery-g++/bin/../lib/gcc/arm-none-eabi/4.4.1/thumb2/crti.o
 .ARM.attributes
                0x00000019       0x29 c:/microsemi/softconsole v3.3/sourcery-g++/bin/../lib/gcc/arm-none-eabi/4.4.1/thumb2/crtbegin.o
 .ARM.attributes
                0x00000042       0x31 ./lcd.o
 .ARM.attributes
                0x00000073       0x31 ./main.o
 .ARM.attributes
                0x000000a4       0x31 ./utility.o
 .ARM.attributes
                0x000000d5       0x31 ./xbee.o
 .ARM.attributes
                0x00000106       0x21 C:/Microsemi/Projects/cariomart_cc/SoftConsole/cariomart_mss_MSS_CM3_0/cariomart_mss_MSS_CM3_0_hw_platform/Debug/CMSIS/startup_gcc/startup_a2fxxxm3.o
 .ARM.attributes
                0x00000127       0x31 C:/Microsemi/Projects/cariomart_cc/SoftConsole/cariomart_mss_MSS_CM3_0/cariomart_mss_MSS_CM3_0_hw_platform/Debug/CMSIS/startup_gcc/newlib_stubs.o
 .ARM.attributes
                0x00000158       0x31 C:\Microsemi\Projects\cariomart_cc\SoftConsole\cariomart_mss_MSS_CM3_0\cariomart_mss_MSS_CM3_0_hw_platform\Debug\libcariomart_mss_MSS_CM3_0_hw_platform.a(mss_uart.o)
 .ARM.attributes
                0x00000189       0x31 C:\Microsemi\Projects\cariomart_cc\SoftConsole\cariomart_mss_MSS_CM3_0\cariomart_mss_MSS_CM3_0_hw_platform\Debug\libcariomart_mss_MSS_CM3_0_hw_platform.a(system_a2fxxxm3.o)
 .ARM.attributes
                0x000001ba       0x29 c:/microsemi/softconsole v3.3/sourcery-g++/bin/../lib/gcc/arm-none-eabi/4.4.1/../../../../arm-none-eabi/lib/thumb2\libc.a(lib_a-errno.o)
 .ARM.attributes
                0x000001e3       0x29 c:/microsemi/softconsole v3.3/sourcery-g++/bin/../lib/gcc/arm-none-eabi/4.4.1/../../../../arm-none-eabi/lib/thumb2\libc.a(lib_a-impure.o)
 .ARM.attributes
                0x0000020c       0x29 c:/microsemi/softconsole v3.3/sourcery-g++/bin/../lib/gcc/arm-none-eabi/4.4.1/../../../../arm-none-eabi/lib/thumb2\libc.a(lib_a-init.o)
 .ARM.attributes
                0x00000235       0x29 c:/microsemi/softconsole v3.3/sourcery-g++/bin/../lib/gcc/arm-none-eabi/4.4.1/../../../../arm-none-eabi/lib/thumb2\libc.a(lib_a-malloc.o)
 .ARM.attributes
                0x0000025e       0x29 c:/microsemi/softconsole v3.3/sourcery-g++/bin/../lib/gcc/arm-none-eabi/4.4.1/../../../../arm-none-eabi/lib/thumb2\libc.a(lib_a-mallocr.o)
 .ARM.attributes
                0x00000287       0x29 c:/microsemi/softconsole v3.3/sourcery-g++/bin/../lib/gcc/arm-none-eabi/4.4.1/../../../../arm-none-eabi/lib/thumb2\libc.a(lib_a-memcpy.o)
 .ARM.attributes
                0x000002b0       0x29 c:/microsemi/softconsole v3.3/sourcery-g++/bin/../lib/gcc/arm-none-eabi/4.4.1/../../../../arm-none-eabi/lib/thumb2\libc.a(lib_a-mlock.o)
 .ARM.attributes
                0x000002d9       0x29 c:/microsemi/softconsole v3.3/sourcery-g++/bin/../lib/gcc/arm-none-eabi/4.4.1/../../../../arm-none-eabi/lib/thumb2\libc.a(lib_a-sbrkr.o)
 .ARM.attributes
                0x00000302       0x29 c:/microsemi/softconsole v3.3/sourcery-g++/bin/../lib/gcc/arm-none-eabi/4.4.1/../../../../arm-none-eabi/lib/thumb2\libc.a(lib_a-strcat.o)
 .ARM.attributes
                0x0000032b       0x29 c:/microsemi/softconsole v3.3/sourcery-g++/bin/../lib/gcc/arm-none-eabi/4.4.1/../../../../arm-none-eabi/lib/thumb2\libc.a(lib_a-strcpy.o)
 .ARM.attributes
                0x00000354       0x29 c:/microsemi/softconsole v3.3/sourcery-g++/bin/../lib/gcc/arm-none-eabi/4.4.1/../../../../arm-none-eabi/lib/thumb2\libc.a(lib_a-strlen.o)
 .ARM.attributes
                0x0000037d       0x29 c:/microsemi/softconsole v3.3/sourcery-g++/bin/../lib/gcc/arm-none-eabi/4.4.1/../../../../arm-none-eabi/lib/thumb2\libc.a(lib_a-freer.o)
 .ARM.attributes
                0x000003a6       0x29 c:/microsemi/softconsole v3.3/sourcery-g++/bin/../lib/gcc/arm-none-eabi/4.4.1/../../../../arm-none-eabi/lib/thumb2\libc.a(lib_a-reent.o)
 .ARM.attributes
                0x000003cf       0x29 c:/microsemi/softconsole v3.3/sourcery-g++/bin/../lib/gcc/arm-none-eabi/4.4.1/thumb2/crtend.o
 .ARM.attributes
                0x000003f8       0x19 c:/microsemi/softconsole v3.3/sourcery-g++/bin/../lib/gcc/arm-none-eabi/4.4.1/thumb2/crtn.o

/DISCARD/
 *(.note.GNU-stack)
 *(.isr_vector)
OUTPUT(cariomart_mss_MSS_CM3_0_app elf32-littlearm)

.debug_ranges   0x00000000      0x340
 .debug_ranges  0x00000000      0x118 ./lcd.o
 .debug_ranges  0x00000118       0x18 ./main.o
 .debug_ranges  0x00000130       0x58 ./utility.o
 .debug_ranges  0x00000188       0x20 ./xbee.o
 .debug_ranges  0x000001a8       0xa0 C:/Microsemi/Projects/cariomart_cc/SoftConsole/cariomart_mss_MSS_CM3_0/cariomart_mss_MSS_CM3_0_hw_platform/Debug/CMSIS/startup_gcc/newlib_stubs.o
 .debug_ranges  0x00000248       0xd0 C:\Microsemi\Projects\cariomart_cc\SoftConsole\cariomart_mss_MSS_CM3_0\cariomart_mss_MSS_CM3_0_hw_platform\Debug\libcariomart_mss_MSS_CM3_0_hw_platform.a(mss_uart.o)
 .debug_ranges  0x00000318       0x28 C:\Microsemi\Projects\cariomart_cc\SoftConsole\cariomart_mss_MSS_CM3_0\cariomart_mss_MSS_CM3_0_hw_platform\Debug\libcariomart_mss_MSS_CM3_0_hw_platform.a(system_a2fxxxm3.o)
