Archive member included because of file (symbol)

C:\Microsemi\Projects\cariomart_cc\SoftConsole\cariomart_mss_MSS_CM3_0\cariomart_mss_MSS_CM3_0_hw_platform\Debug\libcariomart_mss_MSS_CM3_0_hw_platform.a(hal.o)
                              ./lcd.o (HAL_disable_interrupts)
C:\Microsemi\Projects\cariomart_cc\SoftConsole\cariomart_mss_MSS_CM3_0\cariomart_mss_MSS_CM3_0_hw_platform\Debug\libcariomart_mss_MSS_CM3_0_hw_platform.a(mss_uart.o)
                              C:/Microsemi/Projects/cariomart_cc/SoftConsole/cariomart_mss_MSS_CM3_0/cariomart_mss_MSS_CM3_0_hw_platform/Debug/CMSIS/startup_gcc/newlib_stubs.o (g_mss_uart0)
C:\Microsemi\Projects\cariomart_cc\SoftConsole\cariomart_mss_MSS_CM3_0\cariomart_mss_MSS_CM3_0_hw_platform\Debug\libcariomart_mss_MSS_CM3_0_hw_platform.a(system_a2fxxxm3.o)
                              C:\Microsemi\Projects\cariomart_cc\SoftConsole\cariomart_mss_MSS_CM3_0\cariomart_mss_MSS_CM3_0_hw_platform\Debug\libcariomart_mss_MSS_CM3_0_hw_platform.a(mss_uart.o) (g_FrequencyPCLK0)
c:/microsemi/softconsole v3.3/sourcery-g++/bin/../lib/gcc/arm-none-eabi/4.4.1/../../../../arm-none-eabi/lib/thumb2\libc.a(lib_a-errno.o)
                              C:/Microsemi/Projects/cariomart_cc/SoftConsole/cariomart_mss_MSS_CM3_0/cariomart_mss_MSS_CM3_0_hw_platform/Debug/CMSIS/startup_gcc/newlib_stubs.o (__errno)
c:/microsemi/softconsole v3.3/sourcery-g++/bin/../lib/gcc/arm-none-eabi/4.4.1/../../../../arm-none-eabi/lib/thumb2\libc.a(lib_a-impure.o)
                              c:/microsemi/softconsole v3.3/sourcery-g++/bin/../lib/gcc/arm-none-eabi/4.4.1/../../../../arm-none-eabi/lib/thumb2\libc.a(lib_a-errno.o) (_impure_ptr)
c:/microsemi/softconsole v3.3/sourcery-g++/bin/../lib/gcc/arm-none-eabi/4.4.1/../../../../arm-none-eabi/lib/thumb2\libc.a(lib_a-init.o)
                              C:/Microsemi/Projects/cariomart_cc/SoftConsole/cariomart_mss_MSS_CM3_0/cariomart_mss_MSS_CM3_0_hw_platform/Debug/CMSIS/startup_gcc/startup_a2fxxxm3.o (__libc_init_array)
c:/microsemi/softconsole v3.3/sourcery-g++/bin/../lib/gcc/arm-none-eabi/4.4.1/../../../../arm-none-eabi/lib/thumb2\libc.a(lib_a-malloc.o)
                              ./utility.o (malloc)
c:/microsemi/softconsole v3.3/sourcery-g++/bin/../lib/gcc/arm-none-eabi/4.4.1/../../../../arm-none-eabi/lib/thumb2\libc.a(lib_a-mallocr.o)
                              c:/microsemi/softconsole v3.3/sourcery-g++/bin/../lib/gcc/arm-none-eabi/4.4.1/../../../../arm-none-eabi/lib/thumb2\libc.a(lib_a-malloc.o) (_malloc_r)
c:/microsemi/softconsole v3.3/sourcery-g++/bin/../lib/gcc/arm-none-eabi/4.4.1/../../../../arm-none-eabi/lib/thumb2\libc.a(lib_a-memcpy.o)
                              ./lcd.o (memcpy)
c:/microsemi/softconsole v3.3/sourcery-g++/bin/../lib/gcc/arm-none-eabi/4.4.1/../../../../arm-none-eabi/lib/thumb2\libc.a(lib_a-mlock.o)
                              c:/microsemi/softconsole v3.3/sourcery-g++/bin/../lib/gcc/arm-none-eabi/4.4.1/../../../../arm-none-eabi/lib/thumb2\libc.a(lib_a-mallocr.o) (__malloc_lock)
c:/microsemi/softconsole v3.3/sourcery-g++/bin/../lib/gcc/arm-none-eabi/4.4.1/../../../../arm-none-eabi/lib/thumb2\libc.a(lib_a-puts.o)
                              ./main.o (puts)
c:/microsemi/softconsole v3.3/sourcery-g++/bin/../lib/gcc/arm-none-eabi/4.4.1/../../../../arm-none-eabi/lib/thumb2\libc.a(lib_a-sbrkr.o)
                              c:/microsemi/softconsole v3.3/sourcery-g++/bin/../lib/gcc/arm-none-eabi/4.4.1/../../../../arm-none-eabi/lib/thumb2\libc.a(lib_a-mallocr.o) (_sbrk_r)
c:/microsemi/softconsole v3.3/sourcery-g++/bin/../lib/gcc/arm-none-eabi/4.4.1/../../../../arm-none-eabi/lib/thumb2\libc.a(lib_a-strcat.o)
                              ./lcd.o (strcat)
c:/microsemi/softconsole v3.3/sourcery-g++/bin/../lib/gcc/arm-none-eabi/4.4.1/../../../../arm-none-eabi/lib/thumb2\libc.a(lib_a-strcpy.o)
                              c:/microsemi/softconsole v3.3/sourcery-g++/bin/../lib/gcc/arm-none-eabi/4.4.1/../../../../arm-none-eabi/lib/thumb2\libc.a(lib_a-strcat.o) (strcpy)
c:/microsemi/softconsole v3.3/sourcery-g++/bin/../lib/gcc/arm-none-eabi/4.4.1/../../../../arm-none-eabi/lib/thumb2\libc.a(lib_a-strlen.o)
                              ./lcd.o (strlen)
c:/microsemi/softconsole v3.3/sourcery-g++/bin/../lib/gcc/arm-none-eabi/4.4.1/../../../../arm-none-eabi/lib/thumb2\libc.a(lib_a-findfp.o)
                              c:/microsemi/softconsole v3.3/sourcery-g++/bin/../lib/gcc/arm-none-eabi/4.4.1/../../../../arm-none-eabi/lib/thumb2\libc.a(lib_a-puts.o) (__sinit)
c:/microsemi/softconsole v3.3/sourcery-g++/bin/../lib/gcc/arm-none-eabi/4.4.1/../../../../arm-none-eabi/lib/thumb2\libc.a(lib_a-freer.o)
                              c:/microsemi/softconsole v3.3/sourcery-g++/bin/../lib/gcc/arm-none-eabi/4.4.1/../../../../arm-none-eabi/lib/thumb2\libc.a(lib_a-malloc.o) (_free_r)
c:/microsemi/softconsole v3.3/sourcery-g++/bin/../lib/gcc/arm-none-eabi/4.4.1/../../../../arm-none-eabi/lib/thumb2\libc.a(lib_a-fvwrite.o)
                              c:/microsemi/softconsole v3.3/sourcery-g++/bin/../lib/gcc/arm-none-eabi/4.4.1/../../../../arm-none-eabi/lib/thumb2\libc.a(lib_a-puts.o) (__sfvwrite_r)
c:/microsemi/softconsole v3.3/sourcery-g++/bin/../lib/gcc/arm-none-eabi/4.4.1/../../../../arm-none-eabi/lib/thumb2\libc.a(lib_a-fwalk.o)
                              c:/microsemi/softconsole v3.3/sourcery-g++/bin/../lib/gcc/arm-none-eabi/4.4.1/../../../../arm-none-eabi/lib/thumb2\libc.a(lib_a-findfp.o) (_fwalk)
c:/microsemi/softconsole v3.3/sourcery-g++/bin/../lib/gcc/arm-none-eabi/4.4.1/../../../../arm-none-eabi/lib/thumb2\libc.a(lib_a-memchr.o)
                              c:/microsemi/softconsole v3.3/sourcery-g++/bin/../lib/gcc/arm-none-eabi/4.4.1/../../../../arm-none-eabi/lib/thumb2\libc.a(lib_a-fvwrite.o) (memchr)
c:/microsemi/softconsole v3.3/sourcery-g++/bin/../lib/gcc/arm-none-eabi/4.4.1/../../../../arm-none-eabi/lib/thumb2\libc.a(lib_a-memmove.o)
                              c:/microsemi/softconsole v3.3/sourcery-g++/bin/../lib/gcc/arm-none-eabi/4.4.1/../../../../arm-none-eabi/lib/thumb2\libc.a(lib_a-fvwrite.o) (memmove)
c:/microsemi/softconsole v3.3/sourcery-g++/bin/../lib/gcc/arm-none-eabi/4.4.1/../../../../arm-none-eabi/lib/thumb2\libc.a(lib_a-memset.o)
                              c:/microsemi/softconsole v3.3/sourcery-g++/bin/../lib/gcc/arm-none-eabi/4.4.1/../../../../arm-none-eabi/lib/thumb2\libc.a(lib_a-findfp.o) (memset)
c:/microsemi/softconsole v3.3/sourcery-g++/bin/../lib/gcc/arm-none-eabi/4.4.1/../../../../arm-none-eabi/lib/thumb2\libc.a(lib_a-reallocr.o)
                              c:/microsemi/softconsole v3.3/sourcery-g++/bin/../lib/gcc/arm-none-eabi/4.4.1/../../../../arm-none-eabi/lib/thumb2\libc.a(lib_a-fvwrite.o) (_realloc_r)
c:/microsemi/softconsole v3.3/sourcery-g++/bin/../lib/gcc/arm-none-eabi/4.4.1/../../../../arm-none-eabi/lib/thumb2\libc.a(lib_a-reent.o)
                              c:/microsemi/softconsole v3.3/sourcery-g++/bin/../lib/gcc/arm-none-eabi/4.4.1/../../../../arm-none-eabi/lib/thumb2\libc.a(lib_a-sbrkr.o) (errno)
c:/microsemi/softconsole v3.3/sourcery-g++/bin/../lib/gcc/arm-none-eabi/4.4.1/../../../../arm-none-eabi/lib/thumb2\libc.a(lib_a-stdio.o)
                              c:/microsemi/softconsole v3.3/sourcery-g++/bin/../lib/gcc/arm-none-eabi/4.4.1/../../../../arm-none-eabi/lib/thumb2\libc.a(lib_a-findfp.o) (__sclose)
c:/microsemi/softconsole v3.3/sourcery-g++/bin/../lib/gcc/arm-none-eabi/4.4.1/../../../../arm-none-eabi/lib/thumb2\libc.a(lib_a-wsetup.o)
                              c:/microsemi/softconsole v3.3/sourcery-g++/bin/../lib/gcc/arm-none-eabi/4.4.1/../../../../arm-none-eabi/lib/thumb2\libc.a(lib_a-fvwrite.o) (__swsetup_r)
c:/microsemi/softconsole v3.3/sourcery-g++/bin/../lib/gcc/arm-none-eabi/4.4.1/../../../../arm-none-eabi/lib/thumb2\libc.a(lib_a-closer.o)
                              c:/microsemi/softconsole v3.3/sourcery-g++/bin/../lib/gcc/arm-none-eabi/4.4.1/../../../../arm-none-eabi/lib/thumb2\libc.a(lib_a-stdio.o) (_close_r)
c:/microsemi/softconsole v3.3/sourcery-g++/bin/../lib/gcc/arm-none-eabi/4.4.1/../../../../arm-none-eabi/lib/thumb2\libc.a(lib_a-fclose.o)
                              c:/microsemi/softconsole v3.3/sourcery-g++/bin/../lib/gcc/arm-none-eabi/4.4.1/../../../../arm-none-eabi/lib/thumb2\libc.a(lib_a-findfp.o) (fclose)
c:/microsemi/softconsole v3.3/sourcery-g++/bin/../lib/gcc/arm-none-eabi/4.4.1/../../../../arm-none-eabi/lib/thumb2\libc.a(lib_a-fflush.o)
                              c:/microsemi/softconsole v3.3/sourcery-g++/bin/../lib/gcc/arm-none-eabi/4.4.1/../../../../arm-none-eabi/lib/thumb2\libc.a(lib_a-fvwrite.o) (_fflush_r)
c:/microsemi/softconsole v3.3/sourcery-g++/bin/../lib/gcc/arm-none-eabi/4.4.1/../../../../arm-none-eabi/lib/thumb2\libc.a(lib_a-lseekr.o)
                              c:/microsemi/softconsole v3.3/sourcery-g++/bin/../lib/gcc/arm-none-eabi/4.4.1/../../../../arm-none-eabi/lib/thumb2\libc.a(lib_a-stdio.o) (_lseek_r)
c:/microsemi/softconsole v3.3/sourcery-g++/bin/../lib/gcc/arm-none-eabi/4.4.1/../../../../arm-none-eabi/lib/thumb2\libc.a(lib_a-makebuf.o)
                              c:/microsemi/softconsole v3.3/sourcery-g++/bin/../lib/gcc/arm-none-eabi/4.4.1/../../../../arm-none-eabi/lib/thumb2\libc.a(lib_a-wsetup.o) (__smakebuf_r)
c:/microsemi/softconsole v3.3/sourcery-g++/bin/../lib/gcc/arm-none-eabi/4.4.1/../../../../arm-none-eabi/lib/thumb2\libc.a(lib_a-readr.o)
                              c:/microsemi/softconsole v3.3/sourcery-g++/bin/../lib/gcc/arm-none-eabi/4.4.1/../../../../arm-none-eabi/lib/thumb2\libc.a(lib_a-stdio.o) (_read_r)
c:/microsemi/softconsole v3.3/sourcery-g++/bin/../lib/gcc/arm-none-eabi/4.4.1/../../../../arm-none-eabi/lib/thumb2\libc.a(lib_a-fstatr.o)
                              c:/microsemi/softconsole v3.3/sourcery-g++/bin/../lib/gcc/arm-none-eabi/4.4.1/../../../../arm-none-eabi/lib/thumb2\libc.a(lib_a-makebuf.o) (_fstat_r)
c:/microsemi/softconsole v3.3/sourcery-g++/bin/../lib/gcc/arm-none-eabi/4.4.1/../../../../arm-none-eabi/lib/thumb2\libc.a(lib_a-isattyr.o)
                              c:/microsemi/softconsole v3.3/sourcery-g++/bin/../lib/gcc/arm-none-eabi/4.4.1/../../../../arm-none-eabi/lib/thumb2\libc.a(lib_a-makebuf.o) (_isatty_r)

Allocating common symbols
Common symbol       size              file

p1powerup           0x4               ./main.o
errno               0x4               c:/microsemi/softconsole v3.3/sourcery-g++/bin/../lib/gcc/arm-none-eabi/4.4.1/../../../../arm-none-eabi/lib/thumb2\libc.a(lib_a-reent.o)
p2lap               0x4               ./main.o
textProps           0x10              ./lcd.o
g_mss_uart1         0x28              C:\Microsemi\Projects\cariomart_cc\SoftConsole\cariomart_mss_MSS_CM3_0\cariomart_mss_MSS_CM3_0_hw_platform\Debug\libcariomart_mss_MSS_CM3_0_hw_platform.a(mss_uart.o)
time                0x4               ./lcd.o
g_mss_uart0         0x28              C:\Microsemi\Projects\cariomart_cc\SoftConsole\cariomart_mss_MSS_CM3_0\cariomart_mss_MSS_CM3_0_hw_platform\Debug\libcariomart_mss_MSS_CM3_0_hw_platform.a(mss_uart.o)
p1lap               0x4               ./main.o
p2powerup           0x4               ./main.o
race_status         0x4               ./main.o

Discarded input sections

 .text          0x00000000        0x0 c:/microsemi/softconsole v3.3/sourcery-g++/bin/../lib/gcc/arm-none-eabi/4.4.1/thumb2/crti.o
 .data          0x00000000        0x0 c:/microsemi/softconsole v3.3/sourcery-g++/bin/../lib/gcc/arm-none-eabi/4.4.1/thumb2/crti.o
 .bss           0x00000000        0x0 c:/microsemi/softconsole v3.3/sourcery-g++/bin/../lib/gcc/arm-none-eabi/4.4.1/thumb2/crti.o
 .data          0x00000000        0x4 c:/microsemi/softconsole v3.3/sourcery-g++/bin/../lib/gcc/arm-none-eabi/4.4.1/thumb2/crtbegin.o
 .text          0x00000000        0x0 ./lcd.o
 .data          0x00000000        0x0 ./lcd.o
 .bss           0x00000000        0x0 ./lcd.o
 .text.NVIC_EnableIRQ
                0x00000000       0x38 ./lcd.o
 .text.NVIC_DisableIRQ
                0x00000000       0x3c ./lcd.o
 .text.NVIC_ClearPendingIRQ
                0x00000000       0x3c ./lcd.o
 .text.MSS_TIM1_init
                0x00000000       0x84 ./lcd.o
 .text.MSS_TIM1_start
                0x00000000       0x1c ./lcd.o
 .text.MSS_TIM1_stop
                0x00000000       0x1c ./lcd.o
 .text.MSS_TIM1_load_background
                0x00000000       0x20 ./lcd.o
 .text.MSS_TIM1_enable_irq
                0x00000000       0x20 ./lcd.o
 .text.MSS_TIM1_disable_irq
                0x00000000       0x20 ./lcd.o
 .text.LCD_init
                0x00000000       0x14 ./lcd.o
 .text.LCD_clear
                0x00000000       0x3c ./lcd.o
 .text.LCD_println
                0x00000000       0x30 ./lcd.o
 .text.LCD_newLine
                0x00000000       0x30 ./lcd.o
 .text.LCD_drawLine
                0x00000000       0x64 ./lcd.o
 .text.LCD_drawBox
                0x00000000       0x64 ./lcd.o
 .text.LCD_drawCircle
                0x00000000       0x5c ./lcd.o
 .text.LCD_eraseBlock
                0x00000000       0x5c ./lcd.o
 .text.LCD_defaultTextSettings
                0x00000000       0x34 ./lcd.o
 .text.LCD_showRaceIntro
                0x00000000       0xd8 ./lcd.o
 .text.LCD_countdown
                0x00000000      0x154 ./lcd.o
 .text.LCD_showLeaderboard
                0x00000000       0x94 ./lcd.o
 .text.LCD_showP1first
                0x00000000       0x50 ./lcd.o
 .text.LCD_showP2first
                0x00000000       0x50 ./lcd.o
 .text.LCD_startTimer
                0x00000000       0x64 ./lcd.o
 .text.LCD_stopTimer
                0x00000000       0x10 ./lcd.o
 .text          0x00000000        0x0 ./main.o
 .data          0x00000000        0x0 ./main.o
 .bss           0x00000000        0x0 ./main.o
 .text          0x00000000        0x0 ./mux.o
 .data          0x00000000        0x0 ./mux.o
 .bss           0x00000000        0x0 ./mux.o
 .text          0x00000000        0x0 ./utility.o
 .data          0x00000000        0x0 ./utility.o
 .bss           0x00000000        0x0 ./utility.o
 .text.NVIC_DisableIRQ
                0x00000000       0x3c ./utility.o
 .text.NVIC_ClearPendingIRQ
                0x00000000       0x3c ./utility.o
 .text.MSS_TIM2_init
                0x00000000       0x84 ./utility.o
 .text.MSS_TIM2_start
                0x00000000       0x1c ./utility.o
 .text.MSS_TIM2_get_current_value
                0x00000000       0x18 ./utility.o
 .text.MSS_TIM2_load_immediate
                0x00000000       0x20 ./utility.o
 .text.delay    0x00000000       0x3c ./utility.o
 .text          0x00000000        0x0 ./xbee.o
 .data          0x00000000        0x0 ./xbee.o
 .bss           0x00000000        0x0 ./xbee.o
 .text.XBEE_init
                0x00000000       0x34 ./xbee.o
 .text.XBEE_send
                0x00000000       0x3c ./xbee.o
 .text.XBEE_rx_handler
                0x00000000      0x14c ./xbee.o
 .text          0x00000000        0x0 C:/Microsemi/Projects/cariomart_cc/SoftConsole/cariomart_mss_MSS_CM3_0/cariomart_mss_MSS_CM3_0_hw_platform/Debug/CMSIS/startup_gcc/startup_a2fxxxm3.o
 .data          0x00000000        0x0 C:/Microsemi/Projects/cariomart_cc/SoftConsole/cariomart_mss_MSS_CM3_0/cariomart_mss_MSS_CM3_0_hw_platform/Debug/CMSIS/startup_gcc/startup_a2fxxxm3.o
 .bss           0x00000000        0x0 C:/Microsemi/Projects/cariomart_cc/SoftConsole/cariomart_mss_MSS_CM3_0/cariomart_mss_MSS_CM3_0_hw_platform/Debug/CMSIS/startup_gcc/startup_a2fxxxm3.o
 .text          0x00000000        0x0 C:/Microsemi/Projects/cariomart_cc/SoftConsole/cariomart_mss_MSS_CM3_0/cariomart_mss_MSS_CM3_0_hw_platform/Debug/CMSIS/startup_gcc/newlib_stubs.o
 .data          0x00000000        0x0 C:/Microsemi/Projects/cariomart_cc/SoftConsole/cariomart_mss_MSS_CM3_0/cariomart_mss_MSS_CM3_0_hw_platform/Debug/CMSIS/startup_gcc/newlib_stubs.o
 .bss           0x00000000        0x0 C:/Microsemi/Projects/cariomart_cc/SoftConsole/cariomart_mss_MSS_CM3_0/cariomart_mss_MSS_CM3_0_hw_platform/Debug/CMSIS/startup_gcc/newlib_stubs.o
 .bss.__env     0x00000000        0x4 C:/Microsemi/Projects/cariomart_cc/SoftConsole/cariomart_mss_MSS_CM3_0/cariomart_mss_MSS_CM3_0_hw_platform/Debug/CMSIS/startup_gcc/newlib_stubs.o
 .data.environ  0x00000000        0x4 C:/Microsemi/Projects/cariomart_cc/SoftConsole/cariomart_mss_MSS_CM3_0/cariomart_mss_MSS_CM3_0_hw_platform/Debug/CMSIS/startup_gcc/newlib_stubs.o
 .text._execve  0x00000000       0x28 C:/Microsemi/Projects/cariomart_cc/SoftConsole/cariomart_mss_MSS_CM3_0/cariomart_mss_MSS_CM3_0_hw_platform/Debug/CMSIS/startup_gcc/newlib_stubs.o
 .text._fork    0x00000000       0x18 C:/Microsemi/Projects/cariomart_cc/SoftConsole/cariomart_mss_MSS_CM3_0/cariomart_mss_MSS_CM3_0_hw_platform/Debug/CMSIS/startup_gcc/newlib_stubs.o
 .text._getpid  0x00000000       0x10 C:/Microsemi/Projects/cariomart_cc/SoftConsole/cariomart_mss_MSS_CM3_0/cariomart_mss_MSS_CM3_0_hw_platform/Debug/CMSIS/startup_gcc/newlib_stubs.o
 .text._kill    0x00000000       0x24 C:/Microsemi/Projects/cariomart_cc/SoftConsole/cariomart_mss_MSS_CM3_0/cariomart_mss_MSS_CM3_0_hw_platform/Debug/CMSIS/startup_gcc/newlib_stubs.o
 .text._link    0x00000000       0x24 C:/Microsemi/Projects/cariomart_cc/SoftConsole/cariomart_mss_MSS_CM3_0/cariomart_mss_MSS_CM3_0_hw_platform/Debug/CMSIS/startup_gcc/newlib_stubs.o
 .text._open    0x00000000       0x1c C:/Microsemi/Projects/cariomart_cc/SoftConsole/cariomart_mss_MSS_CM3_0/cariomart_mss_MSS_CM3_0_hw_platform/Debug/CMSIS/startup_gcc/newlib_stubs.o
 .text._stat    0x00000000       0x24 C:/Microsemi/Projects/cariomart_cc/SoftConsole/cariomart_mss_MSS_CM3_0/cariomart_mss_MSS_CM3_0_hw_platform/Debug/CMSIS/startup_gcc/newlib_stubs.o
 .text._times   0x00000000       0x18 C:/Microsemi/Projects/cariomart_cc/SoftConsole/cariomart_mss_MSS_CM3_0/cariomart_mss_MSS_CM3_0_hw_platform/Debug/CMSIS/startup_gcc/newlib_stubs.o
 .text._unlink  0x00000000       0x24 C:/Microsemi/Projects/cariomart_cc/SoftConsole/cariomart_mss_MSS_CM3_0/cariomart_mss_MSS_CM3_0_hw_platform/Debug/CMSIS/startup_gcc/newlib_stubs.o
 .text._wait    0x00000000       0x24 C:/Microsemi/Projects/cariomart_cc/SoftConsole/cariomart_mss_MSS_CM3_0/cariomart_mss_MSS_CM3_0_hw_platform/Debug/CMSIS/startup_gcc/newlib_stubs.o
 .text          0x00000000        0xe C:\Microsemi\Projects\cariomart_cc\SoftConsole\cariomart_mss_MSS_CM3_0\cariomart_mss_MSS_CM3_0_hw_platform\Debug\libcariomart_mss_MSS_CM3_0_hw_platform.a(hal.o)
 .data          0x00000000        0x0 C:\Microsemi\Projects\cariomart_cc\SoftConsole\cariomart_mss_MSS_CM3_0\cariomart_mss_MSS_CM3_0_hw_platform\Debug\libcariomart_mss_MSS_CM3_0_hw_platform.a(hal.o)
 .bss           0x00000000        0x0 C:\Microsemi\Projects\cariomart_cc\SoftConsole\cariomart_mss_MSS_CM3_0\cariomart_mss_MSS_CM3_0_hw_platform\Debug\libcariomart_mss_MSS_CM3_0_hw_platform.a(hal.o)
 .text          0x00000000        0x0 C:\Microsemi\Projects\cariomart_cc\SoftConsole\cariomart_mss_MSS_CM3_0\cariomart_mss_MSS_CM3_0_hw_platform\Debug\libcariomart_mss_MSS_CM3_0_hw_platform.a(mss_uart.o)
 .data          0x00000000        0x0 C:\Microsemi\Projects\cariomart_cc\SoftConsole\cariomart_mss_MSS_CM3_0\cariomart_mss_MSS_CM3_0_hw_platform\Debug\libcariomart_mss_MSS_CM3_0_hw_platform.a(mss_uart.o)
 .bss           0x00000000        0x0 C:\Microsemi\Projects\cariomart_cc\SoftConsole\cariomart_mss_MSS_CM3_0\cariomart_mss_MSS_CM3_0_hw_platform\Debug\libcariomart_mss_MSS_CM3_0_hw_platform.a(mss_uart.o)
 .text.NVIC_EnableIRQ
                0x00000000       0x38 C:\Microsemi\Projects\cariomart_cc\SoftConsole\cariomart_mss_MSS_CM3_0\cariomart_mss_MSS_CM3_0_hw_platform\Debug\libcariomart_mss_MSS_CM3_0_hw_platform.a(mss_uart.o)
 .text.NVIC_DisableIRQ
                0x00000000       0x3c C:\Microsemi\Projects\cariomart_cc\SoftConsole\cariomart_mss_MSS_CM3_0\cariomart_mss_MSS_CM3_0_hw_platform\Debug\libcariomart_mss_MSS_CM3_0_hw_platform.a(mss_uart.o)
 .text.MSS_UART_irq_tx
                0x00000000       0xb0 C:\Microsemi\Projects\cariomart_cc\SoftConsole\cariomart_mss_MSS_CM3_0\cariomart_mss_MSS_CM3_0_hw_platform\Debug\libcariomart_mss_MSS_CM3_0_hw_platform.a(mss_uart.o)
 .text.MSS_UART_tx_complete
                0x00000000       0x90 C:\Microsemi\Projects\cariomart_cc\SoftConsole\cariomart_mss_MSS_CM3_0\cariomart_mss_MSS_CM3_0_hw_platform\Debug\libcariomart_mss_MSS_CM3_0_hw_platform.a(mss_uart.o)
 .text.MSS_UART_get_rx
                0x00000000       0xdc C:\Microsemi\Projects\cariomart_cc\SoftConsole\cariomart_mss_MSS_CM3_0\cariomart_mss_MSS_CM3_0_hw_platform\Debug\libcariomart_mss_MSS_CM3_0_hw_platform.a(mss_uart.o)
 .text.MSS_UART_enable_irq
                0x00000000       0x7c C:\Microsemi\Projects\cariomart_cc\SoftConsole\cariomart_mss_MSS_CM3_0\cariomart_mss_MSS_CM3_0_hw_platform\Debug\libcariomart_mss_MSS_CM3_0_hw_platform.a(mss_uart.o)
 .text.MSS_UART_disable_irq
                0x00000000       0x88 C:\Microsemi\Projects\cariomart_cc\SoftConsole\cariomart_mss_MSS_CM3_0\cariomart_mss_MSS_CM3_0_hw_platform\Debug\libcariomart_mss_MSS_CM3_0_hw_platform.a(mss_uart.o)
 .text.MSS_UART_set_rx_handler
                0x00000000       0xa8 C:\Microsemi\Projects\cariomart_cc\SoftConsole\cariomart_mss_MSS_CM3_0\cariomart_mss_MSS_CM3_0_hw_platform\Debug\libcariomart_mss_MSS_CM3_0_hw_platform.a(mss_uart.o)
 .text.MSS_UART_set_loopback
                0x00000000       0x70 C:\Microsemi\Projects\cariomart_cc\SoftConsole\cariomart_mss_MSS_CM3_0\cariomart_mss_MSS_CM3_0_hw_platform\Debug\libcariomart_mss_MSS_CM3_0_hw_platform.a(mss_uart.o)
 .text.MSS_UART_set_rxstatus_handler
                0x00000000       0x84 C:\Microsemi\Projects\cariomart_cc\SoftConsole\cariomart_mss_MSS_CM3_0\cariomart_mss_MSS_CM3_0_hw_platform\Debug\libcariomart_mss_MSS_CM3_0_hw_platform.a(mss_uart.o)
 .text.MSS_UART_set_tx_handler
                0x00000000       0x94 C:\Microsemi\Projects\cariomart_cc\SoftConsole\cariomart_mss_MSS_CM3_0\cariomart_mss_MSS_CM3_0_hw_platform\Debug\libcariomart_mss_MSS_CM3_0_hw_platform.a(mss_uart.o)
 .text.MSS_UART_set_modemstatus_handler
                0x00000000       0x84 C:\Microsemi\Projects\cariomart_cc\SoftConsole\cariomart_mss_MSS_CM3_0\cariomart_mss_MSS_CM3_0_hw_platform\Debug\libcariomart_mss_MSS_CM3_0_hw_platform.a(mss_uart.o)
 .text.MSS_UART_fill_tx_fifo
                0x00000000       0xd4 C:\Microsemi\Projects\cariomart_cc\SoftConsole\cariomart_mss_MSS_CM3_0\cariomart_mss_MSS_CM3_0_hw_platform\Debug\libcariomart_mss_MSS_CM3_0_hw_platform.a(mss_uart.o)
 .text.MSS_UART_get_rx_status
                0x00000000       0x80 C:\Microsemi\Projects\cariomart_cc\SoftConsole\cariomart_mss_MSS_CM3_0\cariomart_mss_MSS_CM3_0_hw_platform\Debug\libcariomart_mss_MSS_CM3_0_hw_platform.a(mss_uart.o)
 .text.MSS_UART_get_modem_status
                0x00000000       0x60 C:\Microsemi\Projects\cariomart_cc\SoftConsole\cariomart_mss_MSS_CM3_0\cariomart_mss_MSS_CM3_0_hw_platform\Debug\libcariomart_mss_MSS_CM3_0_hw_platform.a(mss_uart.o)
 .text.MSS_UART_get_tx_status
                0x00000000       0x78 C:\Microsemi\Projects\cariomart_cc\SoftConsole\cariomart_mss_MSS_CM3_0\cariomart_mss_MSS_CM3_0_hw_platform\Debug\libcariomart_mss_MSS_CM3_0_hw_platform.a(mss_uart.o)
 .text          0x00000000        0x0 C:\Microsemi\Projects\cariomart_cc\SoftConsole\cariomart_mss_MSS_CM3_0\cariomart_mss_MSS_CM3_0_hw_platform\Debug\libcariomart_mss_MSS_CM3_0_hw_platform.a(system_a2fxxxm3.o)
 .data          0x00000000        0x0 C:\Microsemi\Projects\cariomart_cc\SoftConsole\cariomart_mss_MSS_CM3_0\cariomart_mss_MSS_CM3_0_hw_platform\Debug\libcariomart_mss_MSS_CM3_0_hw_platform.a(system_a2fxxxm3.o)
 .bss           0x00000000        0x0 C:\Microsemi\Projects\cariomart_cc\SoftConsole\cariomart_mss_MSS_CM3_0\cariomart_mss_MSS_CM3_0_hw_platform\Debug\libcariomart_mss_MSS_CM3_0_hw_platform.a(system_a2fxxxm3.o)
 .text          0x00000000        0xc c:/microsemi/softconsole v3.3/sourcery-g++/bin/../lib/gcc/arm-none-eabi/4.4.1/../../../../arm-none-eabi/lib/thumb2\libc.a(lib_a-errno.o)
 .data          0x00000000        0x0 c:/microsemi/softconsole v3.3/sourcery-g++/bin/../lib/gcc/arm-none-eabi/4.4.1/../../../../arm-none-eabi/lib/thumb2\libc.a(lib_a-errno.o)
 .bss           0x00000000        0x0 c:/microsemi/softconsole v3.3/sourcery-g++/bin/../lib/gcc/arm-none-eabi/4.4.1/../../../../arm-none-eabi/lib/thumb2\libc.a(lib_a-errno.o)
 .text          0x00000000        0x0 c:/microsemi/softconsole v3.3/sourcery-g++/bin/../lib/gcc/arm-none-eabi/4.4.1/../../../../arm-none-eabi/lib/thumb2\libc.a(lib_a-impure.o)
 .bss           0x00000000        0x0 c:/microsemi/softconsole v3.3/sourcery-g++/bin/../lib/gcc/arm-none-eabi/4.4.1/../../../../arm-none-eabi/lib/thumb2\libc.a(lib_a-impure.o)
 .data          0x00000000        0x0 c:/microsemi/softconsole v3.3/sourcery-g++/bin/../lib/gcc/arm-none-eabi/4.4.1/../../../../arm-none-eabi/lib/thumb2\libc.a(lib_a-init.o)
 .bss           0x00000000        0x0 c:/microsemi/softconsole v3.3/sourcery-g++/bin/../lib/gcc/arm-none-eabi/4.4.1/../../../../arm-none-eabi/lib/thumb2\libc.a(lib_a-init.o)
 .data          0x00000000        0x0 c:/microsemi/softconsole v3.3/sourcery-g++/bin/../lib/gcc/arm-none-eabi/4.4.1/../../../../arm-none-eabi/lib/thumb2\libc.a(lib_a-malloc.o)
 .bss           0x00000000        0x0 c:/microsemi/softconsole v3.3/sourcery-g++/bin/../lib/gcc/arm-none-eabi/4.4.1/../../../../arm-none-eabi/lib/thumb2\libc.a(lib_a-malloc.o)
 .data          0x00000000        0x0 c:/microsemi/softconsole v3.3/sourcery-g++/bin/../lib/gcc/arm-none-eabi/4.4.1/../../../../arm-none-eabi/lib/thumb2\libc.a(lib_a-memcpy.o)
 .bss           0x00000000        0x0 c:/microsemi/softconsole v3.3/sourcery-g++/bin/../lib/gcc/arm-none-eabi/4.4.1/../../../../arm-none-eabi/lib/thumb2\libc.a(lib_a-memcpy.o)
 .data          0x00000000        0x0 c:/microsemi/softconsole v3.3/sourcery-g++/bin/../lib/gcc/arm-none-eabi/4.4.1/../../../../arm-none-eabi/lib/thumb2\libc.a(lib_a-mlock.o)
 .bss           0x00000000        0x0 c:/microsemi/softconsole v3.3/sourcery-g++/bin/../lib/gcc/arm-none-eabi/4.4.1/../../../../arm-none-eabi/lib/thumb2\libc.a(lib_a-mlock.o)
 .data          0x00000000        0x0 c:/microsemi/softconsole v3.3/sourcery-g++/bin/../lib/gcc/arm-none-eabi/4.4.1/../../../../arm-none-eabi/lib/thumb2\libc.a(lib_a-puts.o)
 .bss           0x00000000        0x0 c:/microsemi/softconsole v3.3/sourcery-g++/bin/../lib/gcc/arm-none-eabi/4.4.1/../../../../arm-none-eabi/lib/thumb2\libc.a(lib_a-puts.o)
 .data          0x00000000        0x0 c:/microsemi/softconsole v3.3/sourcery-g++/bin/../lib/gcc/arm-none-eabi/4.4.1/../../../../arm-none-eabi/lib/thumb2\libc.a(lib_a-sbrkr.o)
 .bss           0x00000000        0x0 c:/microsemi/softconsole v3.3/sourcery-g++/bin/../lib/gcc/arm-none-eabi/4.4.1/../../../../arm-none-eabi/lib/thumb2\libc.a(lib_a-sbrkr.o)
 .data          0x00000000        0x0 c:/microsemi/softconsole v3.3/sourcery-g++/bin/../lib/gcc/arm-none-eabi/4.4.1/../../../../arm-none-eabi/lib/thumb2\libc.a(lib_a-strcat.o)
 .bss           0x00000000        0x0 c:/microsemi/softconsole v3.3/sourcery-g++/bin/../lib/gcc/arm-none-eabi/4.4.1/../../../../arm-none-eabi/lib/thumb2\libc.a(lib_a-strcat.o)
 .data          0x00000000        0x0 c:/microsemi/softconsole v3.3/sourcery-g++/bin/../lib/gcc/arm-none-eabi/4.4.1/../../../../arm-none-eabi/lib/thumb2\libc.a(lib_a-strcpy.o)
 .bss           0x00000000        0x0 c:/microsemi/softconsole v3.3/sourcery-g++/bin/../lib/gcc/arm-none-eabi/4.4.1/../../../../arm-none-eabi/lib/thumb2\libc.a(lib_a-strcpy.o)
 .data          0x00000000        0x0 c:/microsemi/softconsole v3.3/sourcery-g++/bin/../lib/gcc/arm-none-eabi/4.4.1/../../../../arm-none-eabi/lib/thumb2\libc.a(lib_a-strlen.o)
 .bss           0x00000000        0x0 c:/microsemi/softconsole v3.3/sourcery-g++/bin/../lib/gcc/arm-none-eabi/4.4.1/../../../../arm-none-eabi/lib/thumb2\libc.a(lib_a-strlen.o)
 .data          0x00000000        0x0 c:/microsemi/softconsole v3.3/sourcery-g++/bin/../lib/gcc/arm-none-eabi/4.4.1/../../../../arm-none-eabi/lib/thumb2\libc.a(lib_a-findfp.o)
 .bss           0x00000000        0x0 c:/microsemi/softconsole v3.3/sourcery-g++/bin/../lib/gcc/arm-none-eabi/4.4.1/../../../../arm-none-eabi/lib/thumb2\libc.a(lib_a-findfp.o)
 .data          0x00000000        0x0 c:/microsemi/softconsole v3.3/sourcery-g++/bin/../lib/gcc/arm-none-eabi/4.4.1/../../../../arm-none-eabi/lib/thumb2\libc.a(lib_a-freer.o)
 .bss           0x00000000        0x0 c:/microsemi/softconsole v3.3/sourcery-g++/bin/../lib/gcc/arm-none-eabi/4.4.1/../../../../arm-none-eabi/lib/thumb2\libc.a(lib_a-freer.o)
 .data          0x00000000        0x0 c:/microsemi/softconsole v3.3/sourcery-g++/bin/../lib/gcc/arm-none-eabi/4.4.1/../../../../arm-none-eabi/lib/thumb2\libc.a(lib_a-fvwrite.o)
 .bss           0x00000000        0x0 c:/microsemi/softconsole v3.3/sourcery-g++/bin/../lib/gcc/arm-none-eabi/4.4.1/../../../../arm-none-eabi/lib/thumb2\libc.a(lib_a-fvwrite.o)
 .data          0x00000000        0x0 c:/microsemi/softconsole v3.3/sourcery-g++/bin/../lib/gcc/arm-none-eabi/4.4.1/../../../../arm-none-eabi/lib/thumb2\libc.a(lib_a-fwalk.o)
 .bss           0x00000000        0x0 c:/microsemi/softconsole v3.3/sourcery-g++/bin/../lib/gcc/arm-none-eabi/4.4.1/../../../../arm-none-eabi/lib/thumb2\libc.a(lib_a-fwalk.o)
 .data          0x00000000        0x0 c:/microsemi/softconsole v3.3/sourcery-g++/bin/../lib/gcc/arm-none-eabi/4.4.1/../../../../arm-none-eabi/lib/thumb2\libc.a(lib_a-memchr.o)
 .bss           0x00000000        0x0 c:/microsemi/softconsole v3.3/sourcery-g++/bin/../lib/gcc/arm-none-eabi/4.4.1/../../../../arm-none-eabi/lib/thumb2\libc.a(lib_a-memchr.o)
 .data          0x00000000        0x0 c:/microsemi/softconsole v3.3/sourcery-g++/bin/../lib/gcc/arm-none-eabi/4.4.1/../../../../arm-none-eabi/lib/thumb2\libc.a(lib_a-memmove.o)
 .bss           0x00000000        0x0 c:/microsemi/softconsole v3.3/sourcery-g++/bin/../lib/gcc/arm-none-eabi/4.4.1/../../../../arm-none-eabi/lib/thumb2\libc.a(lib_a-memmove.o)
 .data          0x00000000        0x0 c:/microsemi/softconsole v3.3/sourcery-g++/bin/../lib/gcc/arm-none-eabi/4.4.1/../../../../arm-none-eabi/lib/thumb2\libc.a(lib_a-memset.o)
 .bss           0x00000000        0x0 c:/microsemi/softconsole v3.3/sourcery-g++/bin/../lib/gcc/arm-none-eabi/4.4.1/../../../../arm-none-eabi/lib/thumb2\libc.a(lib_a-memset.o)
 .data          0x00000000        0x0 c:/microsemi/softconsole v3.3/sourcery-g++/bin/../lib/gcc/arm-none-eabi/4.4.1/../../../../arm-none-eabi/lib/thumb2\libc.a(lib_a-reallocr.o)
 .bss           0x00000000        0x0 c:/microsemi/softconsole v3.3/sourcery-g++/bin/../lib/gcc/arm-none-eabi/4.4.1/../../../../arm-none-eabi/lib/thumb2\libc.a(lib_a-reallocr.o)
 .text          0x00000000      0x10c c:/microsemi/softconsole v3.3/sourcery-g++/bin/../lib/gcc/arm-none-eabi/4.4.1/../../../../arm-none-eabi/lib/thumb2\libc.a(lib_a-reent.o)
 .data          0x00000000        0x0 c:/microsemi/softconsole v3.3/sourcery-g++/bin/../lib/gcc/arm-none-eabi/4.4.1/../../../../arm-none-eabi/lib/thumb2\libc.a(lib_a-reent.o)
 .bss           0x00000000        0x0 c:/microsemi/softconsole v3.3/sourcery-g++/bin/../lib/gcc/arm-none-eabi/4.4.1/../../../../arm-none-eabi/lib/thumb2\libc.a(lib_a-reent.o)
 .data          0x00000000        0x0 c:/microsemi/softconsole v3.3/sourcery-g++/bin/../lib/gcc/arm-none-eabi/4.4.1/../../../../arm-none-eabi/lib/thumb2\libc.a(lib_a-stdio.o)
 .bss           0x00000000        0x0 c:/microsemi/softconsole v3.3/sourcery-g++/bin/../lib/gcc/arm-none-eabi/4.4.1/../../../../arm-none-eabi/lib/thumb2\libc.a(lib_a-stdio.o)
 .data          0x00000000        0x0 c:/microsemi/softconsole v3.3/sourcery-g++/bin/../lib/gcc/arm-none-eabi/4.4.1/../../../../arm-none-eabi/lib/thumb2\libc.a(lib_a-wsetup.o)
 .bss           0x00000000        0x0 c:/microsemi/softconsole v3.3/sourcery-g++/bin/../lib/gcc/arm-none-eabi/4.4.1/../../../../arm-none-eabi/lib/thumb2\libc.a(lib_a-wsetup.o)
 .data          0x00000000        0x0 c:/microsemi/softconsole v3.3/sourcery-g++/bin/../lib/gcc/arm-none-eabi/4.4.1/../../../../arm-none-eabi/lib/thumb2\libc.a(lib_a-closer.o)
 .bss           0x00000000        0x0 c:/microsemi/softconsole v3.3/sourcery-g++/bin/../lib/gcc/arm-none-eabi/4.4.1/../../../../arm-none-eabi/lib/thumb2\libc.a(lib_a-closer.o)
 .data          0x00000000        0x0 c:/microsemi/softconsole v3.3/sourcery-g++/bin/../lib/gcc/arm-none-eabi/4.4.1/../../../../arm-none-eabi/lib/thumb2\libc.a(lib_a-fclose.o)
 .bss           0x00000000        0x0 c:/microsemi/softconsole v3.3/sourcery-g++/bin/../lib/gcc/arm-none-eabi/4.4.1/../../../../arm-none-eabi/lib/thumb2\libc.a(lib_a-fclose.o)
 .data          0x00000000        0x0 c:/microsemi/softconsole v3.3/sourcery-g++/bin/../lib/gcc/arm-none-eabi/4.4.1/../../../../arm-none-eabi/lib/thumb2\libc.a(lib_a-fflush.o)
 .bss           0x00000000        0x0 c:/microsemi/softconsole v3.3/sourcery-g++/bin/../lib/gcc/arm-none-eabi/4.4.1/../../../../arm-none-eabi/lib/thumb2\libc.a(lib_a-fflush.o)
 .data          0x00000000        0x0 c:/microsemi/softconsole v3.3/sourcery-g++/bin/../lib/gcc/arm-none-eabi/4.4.1/../../../../arm-none-eabi/lib/thumb2\libc.a(lib_a-lseekr.o)
 .bss           0x00000000        0x0 c:/microsemi/softconsole v3.3/sourcery-g++/bin/../lib/gcc/arm-none-eabi/4.4.1/../../../../arm-none-eabi/lib/thumb2\libc.a(lib_a-lseekr.o)
 .data          0x00000000        0x0 c:/microsemi/softconsole v3.3/sourcery-g++/bin/../lib/gcc/arm-none-eabi/4.4.1/../../../../arm-none-eabi/lib/thumb2\libc.a(lib_a-makebuf.o)
 .bss           0x00000000        0x0 c:/microsemi/softconsole v3.3/sourcery-g++/bin/../lib/gcc/arm-none-eabi/4.4.1/../../../../arm-none-eabi/lib/thumb2\libc.a(lib_a-makebuf.o)
 .data          0x00000000        0x0 c:/microsemi/softconsole v3.3/sourcery-g++/bin/../lib/gcc/arm-none-eabi/4.4.1/../../../../arm-none-eabi/lib/thumb2\libc.a(lib_a-readr.o)
 .bss           0x00000000        0x0 c:/microsemi/softconsole v3.3/sourcery-g++/bin/../lib/gcc/arm-none-eabi/4.4.1/../../../../arm-none-eabi/lib/thumb2\libc.a(lib_a-readr.o)
 .data          0x00000000        0x0 c:/microsemi/softconsole v3.3/sourcery-g++/bin/../lib/gcc/arm-none-eabi/4.4.1/../../../../arm-none-eabi/lib/thumb2\libc.a(lib_a-fstatr.o)
 .bss           0x00000000        0x0 c:/microsemi/softconsole v3.3/sourcery-g++/bin/../lib/gcc/arm-none-eabi/4.4.1/../../../../arm-none-eabi/lib/thumb2\libc.a(lib_a-fstatr.o)
 .data          0x00000000        0x0 c:/microsemi/softconsole v3.3/sourcery-g++/bin/../lib/gcc/arm-none-eabi/4.4.1/../../../../arm-none-eabi/lib/thumb2\libc.a(lib_a-isattyr.o)
 .bss           0x00000000        0x0 c:/microsemi/softconsole v3.3/sourcery-g++/bin/../lib/gcc/arm-none-eabi/4.4.1/../../../../arm-none-eabi/lib/thumb2\libc.a(lib_a-isattyr.o)
 .text          0x00000000        0x0 c:/microsemi/softconsole v3.3/sourcery-g++/bin/../lib/gcc/arm-none-eabi/4.4.1/thumb2/crtend.o
 .data          0x00000000        0x0 c:/microsemi/softconsole v3.3/sourcery-g++/bin/../lib/gcc/arm-none-eabi/4.4.1/thumb2/crtend.o
 .bss           0x00000000        0x0 c:/microsemi/softconsole v3.3/sourcery-g++/bin/../lib/gcc/arm-none-eabi/4.4.1/thumb2/crtend.o
 .text          0x00000000        0x0 c:/microsemi/softconsole v3.3/sourcery-g++/bin/../lib/gcc/arm-none-eabi/4.4.1/thumb2/crtn.o
 .data          0x00000000        0x0 c:/microsemi/softconsole v3.3/sourcery-g++/bin/../lib/gcc/arm-none-eabi/4.4.1/thumb2/crtn.o
 .bss           0x00000000        0x0 c:/microsemi/softconsole v3.3/sourcery-g++/bin/../lib/gcc/arm-none-eabi/4.4.1/thumb2/crtn.o

Memory Configuration

Name             Origin             Length             Attributes
ram              0x20000000         0x00010000         xrw
*default*        0x00000000         0xffffffff

Linker script and memory map

LOAD c:/microsemi/softconsole v3.3/sourcery-g++/bin/../lib/gcc/arm-none-eabi/4.4.1/thumb2/crti.o
LOAD c:/microsemi/softconsole v3.3/sourcery-g++/bin/../lib/gcc/arm-none-eabi/4.4.1/thumb2/crtbegin.o
LOAD ./lcd.o
LOAD ./main.o
LOAD ./mux.o
LOAD ./utility.o
LOAD ./xbee.o
LOAD C:/Microsemi/Projects/cariomart_cc/SoftConsole/cariomart_mss_MSS_CM3_0/cariomart_mss_MSS_CM3_0_hw_platform/Debug/CMSIS/startup_gcc/startup_a2fxxxm3.o
LOAD C:/Microsemi/Projects/cariomart_cc/SoftConsole/cariomart_mss_MSS_CM3_0/cariomart_mss_MSS_CM3_0_hw_platform/Debug/CMSIS/startup_gcc/newlib_stubs.o
LOAD C:\Microsemi\Projects\cariomart_cc\SoftConsole\cariomart_mss_MSS_CM3_0\cariomart_mss_MSS_CM3_0_hw_platform\Debug\libcariomart_mss_MSS_CM3_0_hw_platform.a
START GROUP
LOAD c:/microsemi/softconsole v3.3/sourcery-g++/bin/../lib/gcc/arm-none-eabi/4.4.1/thumb2\libgcc.a
LOAD c:/microsemi/softconsole v3.3/sourcery-g++/bin/../lib/gcc/arm-none-eabi/4.4.1/../../../../arm-none-eabi/lib/thumb2\libc.a
END GROUP
LOAD c:/microsemi/softconsole v3.3/sourcery-g++/bin/../lib/gcc/arm-none-eabi/4.4.1/thumb2/crtend.o
LOAD c:/microsemi/softconsole v3.3/sourcery-g++/bin/../lib/gcc/arm-none-eabi/4.4.1/thumb2/crtn.o
START GROUP
LOAD c:/microsemi/softconsole v3.3/sourcery-g++/bin/../lib/gcc/arm-none-eabi/4.4.1/../../../../arm-none-eabi/lib/thumb2\libc.a
LOAD c:/microsemi/softconsole v3.3/sourcery-g++/bin/../lib/gcc/arm-none-eabi/4.4.1/thumb2\libgcc.a
LOAD c:/microsemi/softconsole v3.3/sourcery-g++/bin/../lib/gcc/arm-none-eabi/4.4.1/../../../../arm-none-eabi/lib/thumb2\libm.a
END GROUP
                0x00000000                __DYNAMIC = 0x0
                0x20000000                RAM_START_ADDRESS = 0x20000000
                0x00010000                RAM_SIZE = 0x10000
                0x00002000                MAIN_STACK_SIZE = 0x2000
                0x00001000                PROCESS_STACK_SIZE = 0x1000
                0x20010000                PROVIDE (__main_stack_start, (RAM_START_ADDRESS + RAM_SIZE))
                0x2000e000                PROVIDE (__process_stack_start, (__main_stack_start - MAIN_STACK_SIZE))
                0x20010000                PROVIDE (_estack, __main_stack_start)
                0x00000000                PROVIDE (__mirrored_nvm, 0x0)

.text           0x20000000     0x33f4
 CREATE_OBJECT_SYMBOLS
                0x20000000                __text_load = LOADADDR (.text)
                0x20000000                __text_start = .
                0x20000000                __vector_table_vma_base_address = .
 *(.isr_vector)
 .isr_vector    0x20000000      0x470 C:/Microsemi/Projects/cariomart_cc/SoftConsole/cariomart_mss_MSS_CM3_0/cariomart_mss_MSS_CM3_0_hw_platform/Debug/CMSIS/startup_gcc/startup_a2fxxxm3.o
                0x20000000                g_pfnVectors
                0x20000298                Reset_Handler
                0x20000308                NMI_Handler
                0x2000030a                HardFault_Handler
                0x2000030c                MemManage_Handler
                0x2000030e                BusFault_Handler
                0x20000310                UsageFault_Handler
                0x20000312                SVC_Handler
                0x20000314                DebugMon_Handler
                0x20000316                PendSV_Handler
                0x20000318                SysTick_Handler
                0x2000031a                WdogWakeup_IRQHandler
                0x2000031c                BrownOut_1_5V_IRQHandler
                0x2000031e                BrownOut_3_3V_IRQHandler
                0x20000320                RTC_Match_IRQHandler
                0x20000322                RTCIF_Pub_IRQHandler
                0x20000324                EthernetMAC_IRQHandler
                0x20000326                IAP_IRQHandler
                0x20000328                ENVM0_IRQHandler
                0x2000032a                ENVM1_IRQHandler
                0x2000032c                DMA_IRQHandler
                0x20000332                SPI0_IRQHandler
                0x20000334                SPI1_IRQHandler
                0x20000336                I2C0_IRQHandler
                0x20000338                I2C0_SMBAlert_IRQHandler
                0x2000033a                I2C0_SMBus_IRQHandler
                0x2000033c                I2C1_IRQHandler
                0x2000033e                I2C1_SMBAlert_IRQHandler
                0x20000340                I2C1_SMBus_IRQHandler
                0x20000344                Timer2_IRQHandler
                0x20000346                PLL_Lock_IRQHandler
                0x20000348                PLL_LockLost_IRQHandler
                0x2000034a                CommError_IRQHandler
                0x2000034e                GPIO0_IRQHandler
                0x20000350                GPIO1_IRQHandler
                0x20000352                GPIO2_IRQHandler
                0x20000354                GPIO3_IRQHandler
                0x20000356                GPIO4_IRQHandler
                0x20000358                GPIO5_IRQHandler
                0x2000035a                GPIO6_IRQHandler
                0x2000035c                GPIO7_IRQHandler
                0x2000035e                GPIO8_IRQHandler
                0x20000360                GPIO9_IRQHandler
                0x20000362                GPIO10_IRQHandler
                0x20000364                GPIO11_IRQHandler
                0x20000366                GPIO12_IRQHandler
                0x20000368                GPIO13_IRQHandler
                0x2000036a                GPIO14_IRQHandler
                0x2000036c                GPIO15_IRQHandler
                0x2000036e                GPIO16_IRQHandler
                0x20000370                GPIO17_IRQHandler
                0x20000372                GPIO18_IRQHandler
                0x20000374                GPIO19_IRQHandler
                0x20000376                GPIO20_IRQHandler
                0x20000378                GPIO21_IRQHandler
                0x2000037a                GPIO22_IRQHandler
                0x2000037c                GPIO23_IRQHandler
                0x2000037e                GPIO24_IRQHandler
                0x20000380                GPIO25_IRQHandler
                0x20000382                GPIO26_IRQHandler
                0x20000384                GPIO27_IRQHandler
                0x20000386                GPIO28_IRQHandler
                0x20000388                GPIO29_IRQHandler
                0x2000038a                GPIO30_IRQHandler
                0x2000038c                GPIO31_IRQHandler
                0x2000038e                ACE_PC0_Flag0_IRQHandler
                0x20000390                ACE_PC0_Flag1_IRQHandler
                0x20000392                ACE_PC0_Flag2_IRQHandler
                0x20000394                ACE_PC0_Flag3_IRQHandler
                0x20000396                ACE_PC1_Flag0_IRQHandler
                0x20000398                ACE_PC1_Flag1_IRQHandler
                0x2000039a                ACE_PC1_Flag2_IRQHandler
                0x2000039c                ACE_PC1_Flag3_IRQHandler
                0x2000039e                ACE_PC2_Flag0_IRQHandler
                0x200003a0                ACE_PC2_Flag1_IRQHandler
                0x200003a2                ACE_PC2_Flag2_IRQHandler
                0x200003a4                ACE_PC2_Flag3_IRQHandler
                0x200003a6                ACE_ADC0_DataValid_IRQHandler
                0x200003a8                ACE_ADC1_DataValid_IRQHandler
                0x200003aa                ACE_ADC2_DataValid_IRQHandler
                0x200003ac                ACE_ADC0_CalDone_IRQHandler
                0x200003ae                ACE_ADC1_CalDone_IRQHandler
                0x200003b0                ACE_ADC2_CalDone_IRQHandler
                0x200003b2                ACE_ADC0_CalStart_IRQHandler
                0x200003b4                ACE_ADC1_CalStart_IRQHandler
                0x200003b6                ACE_ADC2_CalStart_IRQHandler
                0x200003b8                ACE_Comp0_Fall_IRQHandler
                0x200003ba                ACE_Comp1_Fall_IRQHandler
                0x200003bc                ACE_Comp2_Fall_IRQHandler
                0x200003be                ACE_Comp3_Fall_IRQHandler
                0x200003c0                ACE_Comp4_Fall_IRQHandler
                0x200003c2                ACE_Comp5_Fall_IRQHandler
                0x200003c4                ACE_Comp6_Fall_IRQHandler
                0x200003c6                ACE_Comp7_Fall_IRQHandler
                0x200003c8                ACE_Comp8_Fall_IRQHandler
                0x200003ca                ACE_Comp9_Fall_IRQHandler
                0x200003cc                ACE_Comp10_Fall_IRQHandler
                0x200003ce                ACE_Comp11_Fall_IRQHandler
                0x200003d0                ACE_Comp0_Rise_IRQHandler
                0x200003d2                ACE_Comp1_Rise_IRQHandler
                0x200003d4                ACE_Comp2_Rise_IRQHandler
                0x200003d6                ACE_Comp3_Rise_IRQHandler
                0x200003d8                ACE_Comp4_Rise_IRQHandler
                0x200003da                ACE_Comp5_Rise_IRQHandler
                0x200003dc                ACE_Comp6_Rise_IRQHandler
                0x200003de                ACE_Comp7_Rise_IRQHandler
                0x200003e0                ACE_Comp8_Rise_IRQHandler
                0x200003e2                ACE_Comp9_Rise_IRQHandler
                0x200003e4                ACE_Comp10_Rise_IRQHandler
                0x200003e6                ACE_Comp11_Rise_IRQHandler
                0x200003e8                ACE_ADC0_FifoFull_IRQHandler
                0x200003ea                ACE_ADC0_FifoAFull_IRQHandler
                0x200003ec                ACE_ADC0_FifoEmpty_IRQHandler
                0x200003ee                ACE_ADC1_FifoFull_IRQHandler
                0x200003f0                ACE_ADC1_FifoAFull_IRQHandler
                0x200003f2                ACE_ADC1_FifoEmpty_IRQHandler
                0x200003f4                ACE_ADC2_FifoFull_IRQHandler
                0x200003f6                ACE_ADC2_FifoAFull_IRQHandler
                0x200003f8                ACE_ADC2_FifoEmpty_IRQHandler
                0x200003fa                ACE_PPE_Flag0_IRQHandler
                0x200003fc                ACE_PPE_Flag1_IRQHandler
                0x200003fe                ACE_PPE_Flag2_IRQHandler
                0x20000400                ACE_PPE_Flag3_IRQHandler
                0x20000402                ACE_PPE_Flag4_IRQHandler
                0x20000404                ACE_PPE_Flag5_IRQHandler
                0x20000406                ACE_PPE_Flag6_IRQHandler
                0x20000408                ACE_PPE_Flag7_IRQHandler
                0x2000040a                ACE_PPE_Flag8_IRQHandler
                0x2000040c                ACE_PPE_Flag9_IRQHandler
                0x2000040e                ACE_PPE_Flag10_IRQHandler
                0x20000410                ACE_PPE_Flag11_IRQHandler
                0x20000412                ACE_PPE_Flag12_IRQHandler
                0x20000414                ACE_PPE_Flag13_IRQHandler
                0x20000416                ACE_PPE_Flag14_IRQHandler
                0x20000418                ACE_PPE_Flag15_IRQHandler
                0x2000041a                ACE_PPE_Flag16_IRQHandler
                0x2000041c                ACE_PPE_Flag17_IRQHandler
                0x2000041e                ACE_PPE_Flag18_IRQHandler
                0x20000420                ACE_PPE_Flag19_IRQHandler
                0x20000422                ACE_PPE_Flag20_IRQHandler
                0x20000424                ACE_PPE_Flag21_IRQHandler
                0x20000426                ACE_PPE_Flag22_IRQHandler
                0x20000428                ACE_PPE_Flag23_IRQHandler
                0x2000042a                ACE_PPE_Flag24_IRQHandler
                0x2000042c                ACE_PPE_Flag25_IRQHandler
                0x2000042e                ACE_PPE_Flag26_IRQHandler
                0x20000430                ACE_PPE_Flag27_IRQHandler
                0x20000432                ACE_PPE_Flag28_IRQHandler
                0x20000434                ACE_PPE_Flag29_IRQHandler
                0x20000436                ACE_PPE_Flag30_IRQHandler
                0x20000438                ACE_PPE_Flag31_IRQHandler
 *(.text .text.* .gnu.linkonce.t.*)
 .text          0x20000470       0x30 c:/microsemi/softconsole v3.3/sourcery-g++/bin/../lib/gcc/arm-none-eabi/4.4.1/thumb2/crtbegin.o
 .text.MSS_TIM1_clear_irq
                0x200004a0       0x1c ./lcd.o
 .text.LCD_send
                0x200004bc       0x20 ./lcd.o
                0x200004bc                LCD_send
 .text.LCD_print
                0x200004dc       0x20 ./lcd.o
                0x200004dc                LCD_print
 .text.LCD_setX
                0x200004fc       0x40 ./lcd.o
                0x200004fc                LCD_setX
 .text.LCD_setY
                0x2000053c       0x40 ./lcd.o
                0x2000053c                LCD_setY
 .text.LCD_setHome
                0x2000057c       0x10 ./lcd.o
                0x2000057c                LCD_setHome
 .text.LCD_setLineNum
                0x2000058c       0x70 ./lcd.o
                0x2000058c                LCD_setLineNum
 .text.LCD_setTextProps
                0x200005fc       0x3c ./lcd.o
                0x200005fc                LCD_setTextProps
 .text.LCD_incrementTimer
                0x20000638      0x224 ./lcd.o
                0x20000638                LCD_incrementTimer
 .text.Timer1_IRQHandler
                0x2000085c       0x3c ./lcd.o
                0x2000085c                Timer1_IRQHandler
 .text.NVIC_EnableIRQ
                0x20000898       0x38 ./main.o
 .text.NVIC_ClearPendingIRQ
                0x200008d0       0x3c ./main.o
 .text.Fabric_IRQHandler
                0x2000090c       0x38 ./main.o
                0x2000090c                Fabric_IRQHandler
 .text.main     0x20000944       0x28 ./main.o
                0x20000944                main
 .text.MUX_changeSource
                0x2000096c       0x20 ./mux.o
                0x2000096c                MUX_changeSource
 .text.no_of_digits
                0x2000098c       0x48 ./utility.o
                0x2000098c                no_of_digits
 .text.itoa     0x200009d4       0xd4 ./utility.o
                0x200009d4                itoa
 .text._close   0x20000aa8       0x18 C:/Microsemi/Projects/cariomart_cc/SoftConsole/cariomart_mss_MSS_CM3_0/cariomart_mss_MSS_CM3_0_hw_platform/Debug/CMSIS/startup_gcc/newlib_stubs.o
                0x20000aa8                _close
 .text._exit    0x20000ac0        0xc C:/Microsemi/Projects/cariomart_cc/SoftConsole/cariomart_mss_MSS_CM3_0/cariomart_mss_MSS_CM3_0_hw_platform/Debug/CMSIS/startup_gcc/newlib_stubs.o
                0x20000ac0                _exit
 .text._fstat   0x20000acc       0x24 C:/Microsemi/Projects/cariomart_cc/SoftConsole/cariomart_mss_MSS_CM3_0/cariomart_mss_MSS_CM3_0_hw_platform/Debug/CMSIS/startup_gcc/newlib_stubs.o
                0x20000acc                _fstat
 .text._isatty  0x20000af0       0x18 C:/Microsemi/Projects/cariomart_cc/SoftConsole/cariomart_mss_MSS_CM3_0/cariomart_mss_MSS_CM3_0_hw_platform/Debug/CMSIS/startup_gcc/newlib_stubs.o
                0x20000af0                _isatty
 .text._lseek   0x20000b08       0x1c C:/Microsemi/Projects/cariomart_cc/SoftConsole/cariomart_mss_MSS_CM3_0/cariomart_mss_MSS_CM3_0_hw_platform/Debug/CMSIS/startup_gcc/newlib_stubs.o
                0x20000b08                _lseek
 .text._read    0x20000b24       0x1c C:/Microsemi/Projects/cariomart_cc/SoftConsole/cariomart_mss_MSS_CM3_0/cariomart_mss_MSS_CM3_0_hw_platform/Debug/CMSIS/startup_gcc/newlib_stubs.o
                0x20000b24                _read
 .text._write_r
                0x20000b40       0x5c C:/Microsemi/Projects/cariomart_cc/SoftConsole/cariomart_mss_MSS_CM3_0/cariomart_mss_MSS_CM3_0_hw_platform/Debug/CMSIS/startup_gcc/newlib_stubs.o
                0x20000b40                _write_r
 .text._sbrk    0x20000b9c       0x94 C:/Microsemi/Projects/cariomart_cc/SoftConsole/cariomart_mss_MSS_CM3_0/cariomart_mss_MSS_CM3_0_hw_platform/Debug/CMSIS/startup_gcc/newlib_stubs.o
                0x20000b9c                _sbrk
 .text.NVIC_ClearPendingIRQ
                0x20000c30       0x3c C:\Microsemi\Projects\cariomart_cc\SoftConsole\cariomart_mss_MSS_CM3_0\cariomart_mss_MSS_CM3_0_hw_platform\Debug\libcariomart_mss_MSS_CM3_0_hw_platform.a(mss_uart.o)
 .text.MSS_UART_init
                0x20000c6c      0x204 C:\Microsemi\Projects\cariomart_cc\SoftConsole\cariomart_mss_MSS_CM3_0\cariomart_mss_MSS_CM3_0_hw_platform\Debug\libcariomart_mss_MSS_CM3_0_hw_platform.a(mss_uart.o)
                0x20000c6c                MSS_UART_init
 .text.MSS_UART_polled_tx
                0x20000e70       0xe4 C:\Microsemi\Projects\cariomart_cc\SoftConsole\cariomart_mss_MSS_CM3_0\cariomart_mss_MSS_CM3_0_hw_platform\Debug\libcariomart_mss_MSS_CM3_0_hw_platform.a(mss_uart.o)
                0x20000e70                MSS_UART_polled_tx
 .text.MSS_UART_polled_tx_string
                0x20000f54       0xd0 C:\Microsemi\Projects\cariomart_cc\SoftConsole\cariomart_mss_MSS_CM3_0\cariomart_mss_MSS_CM3_0_hw_platform\Debug\libcariomart_mss_MSS_CM3_0_hw_platform.a(mss_uart.o)
                0x20000f54                MSS_UART_polled_tx_string
 .text.MSS_UART_isr
                0x20001024      0x11c C:\Microsemi\Projects\cariomart_cc\SoftConsole\cariomart_mss_MSS_CM3_0\cariomart_mss_MSS_CM3_0_hw_platform\Debug\libcariomart_mss_MSS_CM3_0_hw_platform.a(mss_uart.o)
 .text.default_tx_handler
                0x20001140      0x108 C:\Microsemi\Projects\cariomart_cc\SoftConsole\cariomart_mss_MSS_CM3_0\cariomart_mss_MSS_CM3_0_hw_platform\Debug\libcariomart_mss_MSS_CM3_0_hw_platform.a(mss_uart.o)
 .text.UART0_IRQHandler
                0x20001248       0x2c C:\Microsemi\Projects\cariomart_cc\SoftConsole\cariomart_mss_MSS_CM3_0\cariomart_mss_MSS_CM3_0_hw_platform\Debug\libcariomart_mss_MSS_CM3_0_hw_platform.a(mss_uart.o)
                0x20001248                UART0_IRQHandler
 .text.UART1_IRQHandler
                0x20001274       0x2c C:\Microsemi\Projects\cariomart_cc\SoftConsole\cariomart_mss_MSS_CM3_0\cariomart_mss_MSS_CM3_0_hw_platform\Debug\libcariomart_mss_MSS_CM3_0_hw_platform.a(mss_uart.o)
                0x20001274                UART1_IRQHandler
 .text.SystemInit
                0x200012a0        0xc C:\Microsemi\Projects\cariomart_cc\SoftConsole\cariomart_mss_MSS_CM3_0\cariomart_mss_MSS_CM3_0_hw_platform\Debug\libcariomart_mss_MSS_CM3_0_hw_platform.a(system_a2fxxxm3.o)
                0x200012a0                SystemInit
 .text.SystemCoreClockUpdate
                0x200012ac      0x150 C:\Microsemi\Projects\cariomart_cc\SoftConsole\cariomart_mss_MSS_CM3_0\cariomart_mss_MSS_CM3_0_hw_platform\Debug\libcariomart_mss_MSS_CM3_0_hw_platform.a(system_a2fxxxm3.o)
                0x200012ac                SystemCoreClockUpdate
 .text.GetSystemClock
                0x200013fc       0xe8 C:\Microsemi\Projects\cariomart_cc\SoftConsole\cariomart_mss_MSS_CM3_0\cariomart_mss_MSS_CM3_0_hw_platform\Debug\libcariomart_mss_MSS_CM3_0_hw_platform.a(system_a2fxxxm3.o)
 .text          0x200014e4       0x50 c:/microsemi/softconsole v3.3/sourcery-g++/bin/../lib/gcc/arm-none-eabi/4.4.1/../../../../arm-none-eabi/lib/thumb2\libc.a(lib_a-init.o)
                0x200014e4                __libc_init_array
 .text          0x20001534       0x20 c:/microsemi/softconsole v3.3/sourcery-g++/bin/../lib/gcc/arm-none-eabi/4.4.1/../../../../arm-none-eabi/lib/thumb2\libc.a(lib_a-malloc.o)
                0x20001534                free
                0x20001544                malloc
 .text          0x20001554      0x5a4 c:/microsemi/softconsole v3.3/sourcery-g++/bin/../lib/gcc/arm-none-eabi/4.4.1/../../../../arm-none-eabi/lib/thumb2\libc.a(lib_a-mallocr.o)
                0x20001554                _malloc_r
 .text          0x20001af8      0x190 c:/microsemi/softconsole v3.3/sourcery-g++/bin/../lib/gcc/arm-none-eabi/4.4.1/../../../../arm-none-eabi/lib/thumb2\libc.a(lib_a-memcpy.o)
                0x20001af8                memcpy
 .text          0x20001c88        0x8 c:/microsemi/softconsole v3.3/sourcery-g++/bin/../lib/gcc/arm-none-eabi/4.4.1/../../../../arm-none-eabi/lib/thumb2\libc.a(lib_a-mlock.o)
                0x20001c88                __malloc_lock
                0x20001c8c                __malloc_unlock
 .text          0x20001c90       0x88 c:/microsemi/softconsole v3.3/sourcery-g++/bin/../lib/gcc/arm-none-eabi/4.4.1/../../../../arm-none-eabi/lib/thumb2\libc.a(lib_a-puts.o)
                0x20001c90                _puts_r
                0x20001d08                puts
 .text          0x20001d18       0x28 c:/microsemi/softconsole v3.3/sourcery-g++/bin/../lib/gcc/arm-none-eabi/4.4.1/../../../../arm-none-eabi/lib/thumb2\libc.a(lib_a-sbrkr.o)
                0x20001d18                _sbrk_r
 .text          0x20001d40       0x48 c:/microsemi/softconsole v3.3/sourcery-g++/bin/../lib/gcc/arm-none-eabi/4.4.1/../../../../arm-none-eabi/lib/thumb2\libc.a(lib_a-strcat.o)
                0x20001d40                strcat
 .text          0x20001d88       0xbc c:/microsemi/softconsole v3.3/sourcery-g++/bin/../lib/gcc/arm-none-eabi/4.4.1/../../../../arm-none-eabi/lib/thumb2\libc.a(lib_a-strcpy.o)
                0x20001d88                strcpy
 .text          0x20001e44       0x60 c:/microsemi/softconsole v3.3/sourcery-g++/bin/../lib/gcc/arm-none-eabi/4.4.1/../../../../arm-none-eabi/lib/thumb2\libc.a(lib_a-strlen.o)
                0x20001e44                strlen
 .text          0x20001ea4      0x1c8 c:/microsemi/softconsole v3.3/sourcery-g++/bin/../lib/gcc/arm-none-eabi/4.4.1/../../../../arm-none-eabi/lib/thumb2\libc.a(lib_a-findfp.o)
                0x20001ea4                __sfp_lock_acquire
                0x20001ea8                __sfp_lock_release
                0x20001eac                __sinit_lock_acquire
                0x20001eb0                __sinit_lock_release
                0x20001ebc                __fp_unlock_all
                0x20001ed4                __fp_lock_all
                0x20001eec                _cleanup_r
                0x20001ef8                _cleanup
                0x20001f54                __sfmoreglue
                0x20001f84                __sfp
                0x2000200c                __sinit
 .text          0x2000206c      0x268 c:/microsemi/softconsole v3.3/sourcery-g++/bin/../lib/gcc/arm-none-eabi/4.4.1/../../../../arm-none-eabi/lib/thumb2\libc.a(lib_a-freer.o)
                0x2000206c                _malloc_trim_r
                0x20002114                _free_r
 .text          0x200022d4      0x334 c:/microsemi/softconsole v3.3/sourcery-g++/bin/../lib/gcc/arm-none-eabi/4.4.1/../../../../arm-none-eabi/lib/thumb2\libc.a(lib_a-fvwrite.o)
                0x200022d4                __sfvwrite_r
 .text          0x20002608       0xa0 c:/microsemi/softconsole v3.3/sourcery-g++/bin/../lib/gcc/arm-none-eabi/4.4.1/../../../../arm-none-eabi/lib/thumb2\libc.a(lib_a-fwalk.o)
                0x20002608                _fwalk_reent
                0x2000265c                _fwalk
 .text          0x200026a8       0x74 c:/microsemi/softconsole v3.3/sourcery-g++/bin/../lib/gcc/arm-none-eabi/4.4.1/../../../../arm-none-eabi/lib/thumb2\libc.a(lib_a-memchr.o)
                0x200026a8                memchr
 .text          0x2000271c       0xb8 c:/microsemi/softconsole v3.3/sourcery-g++/bin/../lib/gcc/arm-none-eabi/4.4.1/../../../../arm-none-eabi/lib/thumb2\libc.a(lib_a-memmove.o)
                0x2000271c                memmove
 .text          0x200027d4       0xd4 c:/microsemi/softconsole v3.3/sourcery-g++/bin/../lib/gcc/arm-none-eabi/4.4.1/../../../../arm-none-eabi/lib/thumb2\libc.a(lib_a-memset.o)
                0x200027d4                memset
 .text          0x200028a8      0x3b4 c:/microsemi/softconsole v3.3/sourcery-g++/bin/../lib/gcc/arm-none-eabi/4.4.1/../../../../arm-none-eabi/lib/thumb2\libc.a(lib_a-reallocr.o)
                0x200028a8                _realloc_r
 .text          0x20002c5c       0x90 c:/microsemi/softconsole v3.3/sourcery-g++/bin/../lib/gcc/arm-none-eabi/4.4.1/../../../../arm-none-eabi/lib/thumb2\libc.a(lib_a-stdio.o)
                0x20002c5c                __sclose
                0x20002c64                __sseek
                0x20002c8c                __swrite
                0x20002cc8                __sread
 .text          0x20002cec      0x104 c:/microsemi/softconsole v3.3/sourcery-g++/bin/../lib/gcc/arm-none-eabi/4.4.1/../../../../arm-none-eabi/lib/thumb2\libc.a(lib_a-wsetup.o)
                0x20002cec                __swsetup_r
 .text          0x20002df0       0x28 c:/microsemi/softconsole v3.3/sourcery-g++/bin/../lib/gcc/arm-none-eabi/4.4.1/../../../../arm-none-eabi/lib/thumb2\libc.a(lib_a-closer.o)
                0x20002df0                _close_r
 .text          0x20002e18       0xcc c:/microsemi/softconsole v3.3/sourcery-g++/bin/../lib/gcc/arm-none-eabi/4.4.1/../../../../arm-none-eabi/lib/thumb2\libc.a(lib_a-fclose.o)
                0x20002e18                _fclose_r
                0x20002ed4                fclose
 .text          0x20002ee4      0x178 c:/microsemi/softconsole v3.3/sourcery-g++/bin/../lib/gcc/arm-none-eabi/4.4.1/../../../../arm-none-eabi/lib/thumb2\libc.a(lib_a-fflush.o)
                0x20002ee4                _fflush_r
                0x20003034                fflush
 .text          0x2000305c       0x2c c:/microsemi/softconsole v3.3/sourcery-g++/bin/../lib/gcc/arm-none-eabi/4.4.1/../../../../arm-none-eabi/lib/thumb2\libc.a(lib_a-lseekr.o)
                0x2000305c                _lseek_r
 .text          0x20003088       0xdc c:/microsemi/softconsole v3.3/sourcery-g++/bin/../lib/gcc/arm-none-eabi/4.4.1/../../../../arm-none-eabi/lib/thumb2\libc.a(lib_a-makebuf.o)
                0x20003088                __smakebuf_r
 .text          0x20003164       0x2c c:/microsemi/softconsole v3.3/sourcery-g++/bin/../lib/gcc/arm-none-eabi/4.4.1/../../../../arm-none-eabi/lib/thumb2\libc.a(lib_a-readr.o)
                0x20003164                _read_r
 .text          0x20003190       0x2c c:/microsemi/softconsole v3.3/sourcery-g++/bin/../lib/gcc/arm-none-eabi/4.4.1/../../../../arm-none-eabi/lib/thumb2\libc.a(lib_a-fstatr.o)
                0x20003190                _fstat_r
 .text          0x200031bc       0x28 c:/microsemi/softconsole v3.3/sourcery-g++/bin/../lib/gcc/arm-none-eabi/4.4.1/../../../../arm-none-eabi/lib/thumb2\libc.a(lib_a-isattyr.o)
                0x200031bc                _isatty_r
 *(.plt)
 *(.gnu.warning)
 *(.glue_7t)
 .glue_7t       0x00000000        0x0 linker stubs
 *(.glue_7)
 .glue_7        0x00000000        0x0 linker stubs
 *(.vfp11_veneer)
 .vfp11_veneer  0x00000000        0x0 linker stubs
                0x200031e4                . = ALIGN (0x4)
 *crtbegin.o(.ctors)
 *(EXCLUDE_FILE(*crtend.o) .ctors)
 *(SORT(.ctors.*))
 *crtend.o(.ctors)
 *crtbegin.o(.dtors)
 *(EXCLUDE_FILE(*crtend.o) .dtors)
 *(SORT(.dtors.*))
 *crtend.o(.dtors)
 *(.rodata .rodata.* .gnu.linkonce.r.*)
 .rodata        0x200031e4      0x12c ./lcd.o
 .rodata        0x20003310       0x2c ./main.o
 .rodata        0x2000333c       0x1c C:/Microsemi/Projects/cariomart_cc/SoftConsole/cariomart_mss_MSS_CM3_0/cariomart_mss_MSS_CM3_0_hw_platform/Debug/CMSIS/startup_gcc/newlib_stubs.o
 .rodata.C.18.2576
                0x20003358       0x10 C:\Microsemi\Projects\cariomart_cc\SoftConsole\cariomart_mss_MSS_CM3_0\cariomart_mss_MSS_CM3_0_hw_platform\Debug\libcariomart_mss_MSS_CM3_0_hw_platform.a(system_a2fxxxm3.o)
 .rodata        0x20003368        0x4 c:/microsemi/softconsole v3.3/sourcery-g++/bin/../lib/gcc/arm-none-eabi/4.4.1/../../../../arm-none-eabi/lib/thumb2\libc.a(lib_a-impure.o)
                0x20003368                _global_impure_ptr
 .rodata.str1.4
                0x2000336c        0x2 c:/microsemi/softconsole v3.3/sourcery-g++/bin/../lib/gcc/arm-none-eabi/4.4.1/../../../../arm-none-eabi/lib/thumb2\libc.a(lib_a-impure.o)
                                  0x4 (size before relaxing)
 *fill*         0x2000336e        0x2 00
 .rodata.str1.4
                0x20003370        0x4 c:/microsemi/softconsole v3.3/sourcery-g++/bin/../lib/gcc/arm-none-eabi/4.4.1/../../../../arm-none-eabi/lib/thumb2\libc.a(lib_a-puts.o)
 .rodata        0x20003374       0x60 c:/microsemi/softconsole v3.3/sourcery-g++/bin/../lib/gcc/arm-none-eabi/4.4.1/../../../../arm-none-eabi/lib/thumb2\libc.a(lib_a-findfp.o)
                0x20003374                __sf_fake_stdin
                0x20003394                __sf_fake_stdout
                0x200033b4                __sf_fake_stderr
 *(.ARM.extab* .gnu.linkonce.armextab.*)
 *(.gcc_except_table)
 *(.eh_frame_hdr)
 *(.eh_frame)
 *(.init)
 .init          0x200033d4        0x4 c:/microsemi/softconsole v3.3/sourcery-g++/bin/../lib/gcc/arm-none-eabi/4.4.1/thumb2/crti.o
                0x200033d4                _init
 .init          0x200033d8        0x8 c:/microsemi/softconsole v3.3/sourcery-g++/bin/../lib/gcc/arm-none-eabi/4.4.1/thumb2/crtn.o
 *(.fini)
 .fini          0x200033e0        0x4 c:/microsemi/softconsole v3.3/sourcery-g++/bin/../lib/gcc/arm-none-eabi/4.4.1/thumb2/crti.o
                0x200033e0                _fini
 .fini          0x200033e4        0x8 c:/microsemi/softconsole v3.3/sourcery-g++/bin/../lib/gcc/arm-none-eabi/4.4.1/thumb2/crtn.o
                0x200033ec                PROVIDE (__preinit_array_start, .)
 *(.preinit_array)
                0x200033ec                PROVIDE (__preinit_array_end, .)
                0x200033ec                PROVIDE (__init_array_start, .)
 *(SORT(.init_array.*))
 *(.init_array)
 .init_array    0x200033ec        0x4 c:/microsemi/softconsole v3.3/sourcery-g++/bin/../lib/gcc/arm-none-eabi/4.4.1/thumb2/crtbegin.o
                0x200033f0                PROVIDE (__init_array_end, .)
                0x200033f0                PROVIDE (__fini_array_start, .)
 *(.fini_array)
 .fini_array    0x200033f0        0x4 c:/microsemi/softconsole v3.3/sourcery-g++/bin/../lib/gcc/arm-none-eabi/4.4.1/thumb2/crtbegin.o
 *(SORT(.fini_array.*))
                0x200033f4                PROVIDE (__fini_array_end, .)
                0x200033f4                __exidx_start = .

.v4_bx          0x200033f4        0x0
 .v4_bx         0x00000000        0x0 linker stubs

.ARM.exidx
 *(.ARM.exidx* .gnu.linkonce.armexidx.*)
                0x200033f4                __exidx_end = .
                0x200033f4                _etext = .
                0x200033f4                PROVIDE (__text_end, .)

.data           0x200033f4      0x520
                0x200033f4                __data_load = LOADADDR (.data)
                0x200033f4                _sidata = LOADADDR (.data)
                0x200033f4                __data_start = .
                0x200033f4                _sdata = .
 *(.jcr)
 .jcr           0x200033f4        0x0 c:/microsemi/softconsole v3.3/sourcery-g++/bin/../lib/gcc/arm-none-eabi/4.4.1/thumb2/crtbegin.o
 .jcr           0x200033f4        0x4 c:/microsemi/softconsole v3.3/sourcery-g++/bin/../lib/gcc/arm-none-eabi/4.4.1/thumb2/crtend.o
 *(.got.plt)
 *(.got)
 *(.shdata)
 *(.data .data.* .gnu.linkonce.d.*)
 .data.SystemFrequency
                0x200033f8        0x4 C:\Microsemi\Projects\cariomart_cc\SoftConsole\cariomart_mss_MSS_CM3_0\cariomart_mss_MSS_CM3_0_hw_platform\Debug\libcariomart_mss_MSS_CM3_0_hw_platform.a(system_a2fxxxm3.o)
                0x200033f8                SystemFrequency
 .data.SystemCoreClock
                0x200033fc        0x4 C:\Microsemi\Projects\cariomart_cc\SoftConsole\cariomart_mss_MSS_CM3_0\cariomart_mss_MSS_CM3_0_hw_platform\Debug\libcariomart_mss_MSS_CM3_0_hw_platform.a(system_a2fxxxm3.o)
                0x200033fc                SystemCoreClock
 .data.g_FrequencyPCLK0
                0x20003400        0x4 C:\Microsemi\Projects\cariomart_cc\SoftConsole\cariomart_mss_MSS_CM3_0\cariomart_mss_MSS_CM3_0_hw_platform\Debug\libcariomart_mss_MSS_CM3_0_hw_platform.a(system_a2fxxxm3.o)
                0x20003400                g_FrequencyPCLK0
 .data.g_FrequencyPCLK1
                0x20003404        0x4 C:\Microsemi\Projects\cariomart_cc\SoftConsole\cariomart_mss_MSS_CM3_0\cariomart_mss_MSS_CM3_0_hw_platform\Debug\libcariomart_mss_MSS_CM3_0_hw_platform.a(system_a2fxxxm3.o)
                0x20003404                g_FrequencyPCLK1
 .data.g_FrequencyACE
                0x20003408        0x4 C:\Microsemi\Projects\cariomart_cc\SoftConsole\cariomart_mss_MSS_CM3_0\cariomart_mss_MSS_CM3_0_hw_platform\Debug\libcariomart_mss_MSS_CM3_0_hw_platform.a(system_a2fxxxm3.o)
                0x20003408                g_FrequencyACE
 .data.g_FrequencyFPGA
                0x2000340c        0x4 C:\Microsemi\Projects\cariomart_cc\SoftConsole\cariomart_mss_MSS_CM3_0\cariomart_mss_MSS_CM3_0_hw_platform\Debug\libcariomart_mss_MSS_CM3_0_hw_platform.a(system_a2fxxxm3.o)
                0x2000340c                g_FrequencyFPGA
 .data          0x20003410       0xf4 c:/microsemi/softconsole v3.3/sourcery-g++/bin/../lib/gcc/arm-none-eabi/4.4.1/../../../../arm-none-eabi/lib/thumb2\libc.a(lib_a-impure.o)
                0x20003410                _impure_ptr
 .data          0x20003504      0x410 c:/microsemi/softconsole v3.3/sourcery-g++/bin/../lib/gcc/arm-none-eabi/4.4.1/../../../../arm-none-eabi/lib/thumb2\libc.a(lib_a-mallocr.o)
                0x20003504                __malloc_av_
                0x2000390c                __malloc_sbrk_base
                0x20003910                __malloc_trim_threshold
                0x20003914                . = ALIGN (0x4)
                0x20003914                _edata = .

.bss            0x20003914       0xbc
                0x20003914                __bss_start__ = .
                0x20003914                _sbss = .
 *(.shbss)
 *(.bss .bss.* .gnu.linkonce.b.*)
 .bss           0x20003914        0x1 c:/microsemi/softconsole v3.3/sourcery-g++/bin/../lib/gcc/arm-none-eabi/4.4.1/thumb2/crtbegin.o
 *fill*         0x20003915        0x3 00
 .bss.g_stdio_uart_init_done
                0x20003918        0x4 C:/Microsemi/Projects/cariomart_cc/SoftConsole/cariomart_mss_MSS_CM3_0/cariomart_mss_MSS_CM3_0_hw_platform/Debug/CMSIS/startup_gcc/newlib_stubs.o
 .bss.heap_end.3594
                0x2000391c        0x4 C:/Microsemi/Projects/cariomart_cc/SoftConsole/cariomart_mss_MSS_CM3_0/cariomart_mss_MSS_CM3_0_hw_platform/Debug/CMSIS/startup_gcc/newlib_stubs.o
 .bss           0x20003920       0x34 c:/microsemi/softconsole v3.3/sourcery-g++/bin/../lib/gcc/arm-none-eabi/4.4.1/../../../../arm-none-eabi/lib/thumb2\libc.a(lib_a-mallocr.o)
                0x20003920                __malloc_top_pad
                0x20003924                __malloc_current_mallinfo
                0x2000394c                __malloc_max_sbrked_mem
                0x20003950                __malloc_max_total_mem
 *(COMMON)
 COMMON         0x20003954       0x14 ./lcd.o
                0x20003954                textProps
                0x20003964                time
 COMMON         0x20003968       0x14 ./main.o
                0x20003968                p1powerup
                0x2000396c                p2lap
                0x20003970                p1lap
                0x20003974                p2powerup
                0x20003978                race_status
 COMMON         0x2000397c       0x50 C:\Microsemi\Projects\cariomart_cc\SoftConsole\cariomart_mss_MSS_CM3_0\cariomart_mss_MSS_CM3_0_hw_platform\Debug\libcariomart_mss_MSS_CM3_0_hw_platform.a(mss_uart.o)
                0x2000397c                g_mss_uart1
                0x200039a4                g_mss_uart0
 COMMON         0x200039cc        0x4 c:/microsemi/softconsole v3.3/sourcery-g++/bin/../lib/gcc/arm-none-eabi/4.4.1/../../../../arm-none-eabi/lib/thumb2\libc.a(lib_a-reent.o)
                0x200039cc                errno
                0x200039d0                . = ALIGN (0x8)
                0x200039d0                __bss_end__ = .
                0x200039d0                _end = .
                0x200039d0                __end = _end
                0x200039d0                _ebss = .
                0x200039d0                PROVIDE (end, .)

.stack          0x200039d0     0x3000
                0x200039d0                . = ALIGN (0x4)
                0x200049d0                . = (. + PROCESS_STACK_SIZE)
 *fill*         0x200039d0     0x1000 00
                0x200049d0                . = ALIGN (0x4)
                0x200069d0                . = (. + MAIN_STACK_SIZE)
 *fill*         0x200049d0     0x2000 00
                0x200069d0                . = ALIGN (0x4)

.stab
 *(.stab)

.stabstr
 *(.stabstr)

.debug
 *(.debug)

.line
 *(.line)

.debug_srcinfo
 *(.debug_srcinfo)

.debug_sfnames
 *(.debug_sfnames)

.comment        0x00000000      0x158
 .comment       0x00000000       0x2b ./lcd.o
 .comment       0x0000002b       0x2b ./main.o
 .comment       0x00000056       0x2b ./mux.o
 .comment       0x00000081       0x2b ./utility.o
 .comment       0x000000ac       0x2b ./xbee.o
 .comment       0x000000d7       0x2b C:/Microsemi/Projects/cariomart_cc/SoftConsole/cariomart_mss_MSS_CM3_0/cariomart_mss_MSS_CM3_0_hw_platform/Debug/CMSIS/startup_gcc/newlib_stubs.o
 .comment       0x00000102       0x2b C:\Microsemi\Projects\cariomart_cc\SoftConsole\cariomart_mss_MSS_CM3_0\cariomart_mss_MSS_CM3_0_hw_platform\Debug\libcariomart_mss_MSS_CM3_0_hw_platform.a(mss_uart.o)
 .comment       0x0000012d       0x2b C:\Microsemi\Projects\cariomart_cc\SoftConsole\cariomart_mss_MSS_CM3_0\cariomart_mss_MSS_CM3_0_hw_platform\Debug\libcariomart_mss_MSS_CM3_0_hw_platform.a(system_a2fxxxm3.o)

.debug_aranges  0x00000000      0x3c8
 *(.debug_aranges)
 .debug_aranges
                0x00000000      0x130 ./lcd.o
 .debug_aranges
                0x00000130       0x38 ./main.o
 .debug_aranges
                0x00000168       0x20 ./mux.o
 .debug_aranges
                0x00000188       0x60 ./utility.o
 .debug_aranges
                0x000001e8       0x30 ./xbee.o
 .debug_aranges
                0x00000218       0xa8 C:/Microsemi/Projects/cariomart_cc/SoftConsole/cariomart_mss_MSS_CM3_0/cariomart_mss_MSS_CM3_0_hw_platform/Debug/CMSIS/startup_gcc/newlib_stubs.o
 .debug_aranges
                0x000002c0       0xd8 C:\Microsemi\Projects\cariomart_cc\SoftConsole\cariomart_mss_MSS_CM3_0\cariomart_mss_MSS_CM3_0_hw_platform\Debug\libcariomart_mss_MSS_CM3_0_hw_platform.a(mss_uart.o)
 .debug_aranges
                0x00000398       0x30 C:\Microsemi\Projects\cariomart_cc\SoftConsole\cariomart_mss_MSS_CM3_0\cariomart_mss_MSS_CM3_0_hw_platform\Debug\libcariomart_mss_MSS_CM3_0_hw_platform.a(system_a2fxxxm3.o)

.debug_pubnames
                0x00000000      0x700
 *(.debug_pubnames)
 .debug_pubnames
                0x00000000      0x1ee ./lcd.o
 .debug_pubnames
                0x000001ee       0x88 ./main.o
 .debug_pubnames
                0x00000276       0x27 ./mux.o
 .debug_pubnames
                0x0000029d       0x36 ./utility.o
 .debug_pubnames
                0x000002d3       0x72 ./xbee.o
 .debug_pubnames
                0x00000345       0xeb C:/Microsemi/Projects/cariomart_cc/SoftConsole/cariomart_mss_MSS_CM3_0/cariomart_mss_MSS_CM3_0_hw_platform/Debug/CMSIS/startup_gcc/newlib_stubs.o
 .debug_pubnames
                0x00000430      0x21c C:\Microsemi\Projects\cariomart_cc\SoftConsole\cariomart_mss_MSS_CM3_0\cariomart_mss_MSS_CM3_0_hw_platform\Debug\libcariomart_mss_MSS_CM3_0_hw_platform.a(mss_uart.o)
 .debug_pubnames
                0x0000064c       0xb4 C:\Microsemi\Projects\cariomart_cc\SoftConsole\cariomart_mss_MSS_CM3_0\cariomart_mss_MSS_CM3_0_hw_platform\Debug\libcariomart_mss_MSS_CM3_0_hw_platform.a(system_a2fxxxm3.o)

.debug_info     0x00000000     0x6688
 *(.debug_info .gnu.linkonce.wi.*)
 .debug_info    0x00000000     0x18bf ./lcd.o
 .debug_info    0x000018bf      0x732 ./main.o
 .debug_info    0x00001ff1       0xa3 ./mux.o
 .debug_info    0x00002094      0xe32 ./utility.o
 .debug_info    0x00002ec6      0xbf2 ./xbee.o
 .debug_info    0x00003ab8     0x10f0 C:/Microsemi/Projects/cariomart_cc/SoftConsole/cariomart_mss_MSS_CM3_0/cariomart_mss_MSS_CM3_0_hw_platform/Debug/CMSIS/startup_gcc/newlib_stubs.o
 .debug_info    0x00004ba8     0x15a4 C:\Microsemi\Projects\cariomart_cc\SoftConsole\cariomart_mss_MSS_CM3_0\cariomart_mss_MSS_CM3_0_hw_platform\Debug\libcariomart_mss_MSS_CM3_0_hw_platform.a(mss_uart.o)
 .debug_info    0x0000614c      0x53c C:\Microsemi\Projects\cariomart_cc\SoftConsole\cariomart_mss_MSS_CM3_0\cariomart_mss_MSS_CM3_0_hw_platform\Debug\libcariomart_mss_MSS_CM3_0_hw_platform.a(system_a2fxxxm3.o)

.debug_abbrev   0x00000000      0xc79
 *(.debug_abbrev)
 .debug_abbrev  0x00000000      0x25c ./lcd.o
 .debug_abbrev  0x0000025c      0x126 ./main.o
 .debug_abbrev  0x00000382       0x5f ./mux.o
 .debug_abbrev  0x000003e1      0x19c ./utility.o
 .debug_abbrev  0x0000057d      0x1b2 ./xbee.o
 .debug_abbrev  0x0000072f      0x1f4 C:/Microsemi/Projects/cariomart_cc/SoftConsole/cariomart_mss_MSS_CM3_0/cariomart_mss_MSS_CM3_0_hw_platform/Debug/CMSIS/startup_gcc/newlib_stubs.o
 .debug_abbrev  0x00000923      0x245 C:\Microsemi\Projects\cariomart_cc\SoftConsole\cariomart_mss_MSS_CM3_0\cariomart_mss_MSS_CM3_0_hw_platform\Debug\libcariomart_mss_MSS_CM3_0_hw_platform.a(mss_uart.o)
 .debug_abbrev  0x00000b68      0x111 C:\Microsemi\Projects\cariomart_cc\SoftConsole\cariomart_mss_MSS_CM3_0\cariomart_mss_MSS_CM3_0_hw_platform\Debug\libcariomart_mss_MSS_CM3_0_hw_platform.a(system_a2fxxxm3.o)

.debug_line     0x00000000     0x2648
 *(.debug_line)
 .debug_line    0x00000000      0x93b ./lcd.o
 .debug_line    0x0000093b      0x5c7 ./main.o
 .debug_line    0x00000f02      0x1cf ./mux.o
 .debug_line    0x000010d1      0x4aa ./utility.o
 .debug_line    0x0000157b      0x3d4 ./xbee.o
 .debug_line    0x0000194f      0x509 C:/Microsemi/Projects/cariomart_cc/SoftConsole/cariomart_mss_MSS_CM3_0/cariomart_mss_MSS_CM3_0_hw_platform/Debug/CMSIS/startup_gcc/newlib_stubs.o
 .debug_line    0x00001e58      0x575 C:\Microsemi\Projects\cariomart_cc\SoftConsole\cariomart_mss_MSS_CM3_0\cariomart_mss_MSS_CM3_0_hw_platform\Debug\libcariomart_mss_MSS_CM3_0_hw_platform.a(mss_uart.o)
 .debug_line    0x000023cd      0x27b C:\Microsemi\Projects\cariomart_cc\SoftConsole\cariomart_mss_MSS_CM3_0\cariomart_mss_MSS_CM3_0_hw_platform\Debug\libcariomart_mss_MSS_CM3_0_hw_platform.a(system_a2fxxxm3.o)

.debug_frame    0x00000000     0x12ec
 *(.debug_frame)
 .debug_frame   0x00000000      0x424 ./lcd.o
 .debug_frame   0x00000424       0x88 ./main.o
 .debug_frame   0x000004ac       0x2c ./mux.o
 .debug_frame   0x000004d8      0x110 ./utility.o
 .debug_frame   0x000005e8       0x6c ./xbee.o
 .debug_frame   0x00000654      0x220 C:/Microsemi/Projects/cariomart_cc/SoftConsole/cariomart_mss_MSS_CM3_0/cariomart_mss_MSS_CM3_0_hw_platform/Debug/CMSIS/startup_gcc/newlib_stubs.o
 .debug_frame   0x00000874      0x2e4 C:\Microsemi\Projects\cariomart_cc\SoftConsole\cariomart_mss_MSS_CM3_0\cariomart_mss_MSS_CM3_0_hw_platform\Debug\libcariomart_mss_MSS_CM3_0_hw_platform.a(mss_uart.o)
 .debug_frame   0x00000b58       0x64 C:\Microsemi\Projects\cariomart_cc\SoftConsole\cariomart_mss_MSS_CM3_0\cariomart_mss_MSS_CM3_0_hw_platform\Debug\libcariomart_mss_MSS_CM3_0_hw_platform.a(system_a2fxxxm3.o)
 .debug_frame   0x00000bbc       0x20 c:/microsemi/softconsole v3.3/sourcery-g++/bin/../lib/gcc/arm-none-eabi/4.4.1/../../../../arm-none-eabi/lib/thumb2\libc.a(lib_a-errno.o)
 .debug_frame   0x00000bdc       0x2c c:/microsemi/softconsole v3.3/sourcery-g++/bin/../lib/gcc/arm-none-eabi/4.4.1/../../../../arm-none-eabi/lib/thumb2\libc.a(lib_a-init.o)
 .debug_frame   0x00000c08       0x30 c:/microsemi/softconsole v3.3/sourcery-g++/bin/../lib/gcc/arm-none-eabi/4.4.1/../../../../arm-none-eabi/lib/thumb2\libc.a(lib_a-malloc.o)
 .debug_frame   0x00000c38       0x3c c:/microsemi/softconsole v3.3/sourcery-g++/bin/../lib/gcc/arm-none-eabi/4.4.1/../../../../arm-none-eabi/lib/thumb2\libc.a(lib_a-mallocr.o)
 .debug_frame   0x00000c74       0x34 c:/microsemi/softconsole v3.3/sourcery-g++/bin/../lib/gcc/arm-none-eabi/4.4.1/../../../../arm-none-eabi/lib/thumb2\libc.a(lib_a-memcpy.o)
 .debug_frame   0x00000ca8       0x30 c:/microsemi/softconsole v3.3/sourcery-g++/bin/../lib/gcc/arm-none-eabi/4.4.1/../../../../arm-none-eabi/lib/thumb2\libc.a(lib_a-mlock.o)
 .debug_frame   0x00000cd8       0x40 c:/microsemi/softconsole v3.3/sourcery-g++/bin/../lib/gcc/arm-none-eabi/4.4.1/../../../../arm-none-eabi/lib/thumb2\libc.a(lib_a-puts.o)
 .debug_frame   0x00000d18       0x2c c:/microsemi/softconsole v3.3/sourcery-g++/bin/../lib/gcc/arm-none-eabi/4.4.1/../../../../arm-none-eabi/lib/thumb2\libc.a(lib_a-sbrkr.o)
 .debug_frame   0x00000d44       0x28 c:/microsemi/softconsole v3.3/sourcery-g++/bin/../lib/gcc/arm-none-eabi/4.4.1/../../../../arm-none-eabi/lib/thumb2\libc.a(lib_a-strcat.o)
 .debug_frame   0x00000d6c       0x20 c:/microsemi/softconsole v3.3/sourcery-g++/bin/../lib/gcc/arm-none-eabi/4.4.1/../../../../arm-none-eabi/lib/thumb2\libc.a(lib_a-strcpy.o)
 .debug_frame   0x00000d8c       0x20 c:/microsemi/softconsole v3.3/sourcery-g++/bin/../lib/gcc/arm-none-eabi/4.4.1/../../../../arm-none-eabi/lib/thumb2\libc.a(lib_a-strlen.o)
 .debug_frame   0x00000dac      0x11c c:/microsemi/softconsole v3.3/sourcery-g++/bin/../lib/gcc/arm-none-eabi/4.4.1/../../../../arm-none-eabi/lib/thumb2\libc.a(lib_a-findfp.o)
 .debug_frame   0x00000ec8       0x50 c:/microsemi/softconsole v3.3/sourcery-g++/bin/../lib/gcc/arm-none-eabi/4.4.1/../../../../arm-none-eabi/lib/thumb2\libc.a(lib_a-freer.o)
 .debug_frame   0x00000f18       0x3c c:/microsemi/softconsole v3.3/sourcery-g++/bin/../lib/gcc/arm-none-eabi/4.4.1/../../../../arm-none-eabi/lib/thumb2\libc.a(lib_a-fvwrite.o)
 .debug_frame   0x00000f54       0x54 c:/microsemi/softconsole v3.3/sourcery-g++/bin/../lib/gcc/arm-none-eabi/4.4.1/../../../../arm-none-eabi/lib/thumb2\libc.a(lib_a-fwalk.o)
 .debug_frame   0x00000fa8       0x28 c:/microsemi/softconsole v3.3/sourcery-g++/bin/../lib/gcc/arm-none-eabi/4.4.1/../../../../arm-none-eabi/lib/thumb2\libc.a(lib_a-memchr.o)
 .debug_frame   0x00000fd0       0x2c c:/microsemi/softconsole v3.3/sourcery-g++/bin/../lib/gcc/arm-none-eabi/4.4.1/../../../../arm-none-eabi/lib/thumb2\libc.a(lib_a-memmove.o)
 .debug_frame   0x00000ffc       0x28 c:/microsemi/softconsole v3.3/sourcery-g++/bin/../lib/gcc/arm-none-eabi/4.4.1/../../../../arm-none-eabi/lib/thumb2\libc.a(lib_a-memset.o)
 .debug_frame   0x00001024       0x3c c:/microsemi/softconsole v3.3/sourcery-g++/bin/../lib/gcc/arm-none-eabi/4.4.1/../../../../arm-none-eabi/lib/thumb2\libc.a(lib_a-reallocr.o)
 .debug_frame   0x00001060       0x64 c:/microsemi/softconsole v3.3/sourcery-g++/bin/../lib/gcc/arm-none-eabi/4.4.1/../../../../arm-none-eabi/lib/thumb2\libc.a(lib_a-reent.o)
 .debug_frame   0x000010c4       0x70 c:/microsemi/softconsole v3.3/sourcery-g++/bin/../lib/gcc/arm-none-eabi/4.4.1/../../../../arm-none-eabi/lib/thumb2\libc.a(lib_a-stdio.o)
 .debug_frame   0x00001134       0x2c c:/microsemi/softconsole v3.3/sourcery-g++/bin/../lib/gcc/arm-none-eabi/4.4.1/../../../../arm-none-eabi/lib/thumb2\libc.a(lib_a-wsetup.o)
 .debug_frame   0x00001160       0x2c c:/microsemi/softconsole v3.3/sourcery-g++/bin/../lib/gcc/arm-none-eabi/4.4.1/../../../../arm-none-eabi/lib/thumb2\libc.a(lib_a-closer.o)
 .debug_frame   0x0000118c       0x3c c:/microsemi/softconsole v3.3/sourcery-g++/bin/../lib/gcc/arm-none-eabi/4.4.1/../../../../arm-none-eabi/lib/thumb2\libc.a(lib_a-fclose.o)
 .debug_frame   0x000011c8       0x40 c:/microsemi/softconsole v3.3/sourcery-g++/bin/../lib/gcc/arm-none-eabi/4.4.1/../../../../arm-none-eabi/lib/thumb2\libc.a(lib_a-fflush.o)
 .debug_frame   0x00001208       0x2c c:/microsemi/softconsole v3.3/sourcery-g++/bin/../lib/gcc/arm-none-eabi/4.4.1/../../../../arm-none-eabi/lib/thumb2\libc.a(lib_a-lseekr.o)
 .debug_frame   0x00001234       0x34 c:/microsemi/softconsole v3.3/sourcery-g++/bin/../lib/gcc/arm-none-eabi/4.4.1/../../../../arm-none-eabi/lib/thumb2\libc.a(lib_a-makebuf.o)
 .debug_frame   0x00001268       0x2c c:/microsemi/softconsole v3.3/sourcery-g++/bin/../lib/gcc/arm-none-eabi/4.4.1/../../../../arm-none-eabi/lib/thumb2\libc.a(lib_a-readr.o)
 .debug_frame   0x00001294       0x2c c:/microsemi/softconsole v3.3/sourcery-g++/bin/../lib/gcc/arm-none-eabi/4.4.1/../../../../arm-none-eabi/lib/thumb2\libc.a(lib_a-fstatr.o)
 .debug_frame   0x000012c0       0x2c c:/microsemi/softconsole v3.3/sourcery-g++/bin/../lib/gcc/arm-none-eabi/4.4.1/../../../../arm-none-eabi/lib/thumb2\libc.a(lib_a-isattyr.o)

.debug_str      0x00000000     0x1d3b
 *(.debug_str)
 .debug_str     0x00000000     0x14f0 ./lcd.o
                               0x1591 (size before relaxing)
 .debug_str     0x000014f0       0x48 ./main.o
                                0xc84 (size before relaxing)
 .debug_str     0x00001538       0x1a ./mux.o
                                0x11b (size before relaxing)
 .debug_str     0x00001552       0x81 ./utility.o
                               0x10df (size before relaxing)
 .debug_str     0x000015d3       0xfa ./xbee.o
                                0xfa4 (size before relaxing)
 .debug_str     0x000016cd      0x27c C:/Microsemi/Projects/cariomart_cc/SoftConsole/cariomart_mss_MSS_CM3_0/cariomart_mss_MSS_CM3_0_hw_platform/Debug/CMSIS/startup_gcc/newlib_stubs.o
                               0x10b1 (size before relaxing)
 .debug_str     0x00001949      0x2fb C:\Microsemi\Projects\cariomart_cc\SoftConsole\cariomart_mss_MSS_CM3_0\cariomart_mss_MSS_CM3_0_hw_platform\Debug\libcariomart_mss_MSS_CM3_0_hw_platform.a(mss_uart.o)
                               0x14c2 (size before relaxing)
 .debug_str     0x00001c44       0xf7 C:\Microsemi\Projects\cariomart_cc\SoftConsole\cariomart_mss_MSS_CM3_0\cariomart_mss_MSS_CM3_0_hw_platform\Debug\libcariomart_mss_MSS_CM3_0_hw_platform.a(system_a2fxxxm3.o)
                                0x465 (size before relaxing)

.debug_loc      0x00000000     0x13c5
 *(.debug_loc)
 .debug_loc     0x00000000      0x6e9 ./lcd.o
 .debug_loc     0x000006e9       0xc4 ./main.o
 .debug_loc     0x000007ad       0x37 ./mux.o
 .debug_loc     0x000007e4      0x1d7 ./utility.o
 .debug_loc     0x000009bb       0x9b ./xbee.o
 .debug_loc     0x00000a56      0x3c6 C:/Microsemi/Projects/cariomart_cc/SoftConsole/cariomart_mss_MSS_CM3_0/cariomart_mss_MSS_CM3_0_hw_platform/Debug/CMSIS/startup_gcc/newlib_stubs.o
 .debug_loc     0x00000e1c      0x510 C:\Microsemi\Projects\cariomart_cc\SoftConsole\cariomart_mss_MSS_CM3_0\cariomart_mss_MSS_CM3_0_hw_platform\Debug\libcariomart_mss_MSS_CM3_0_hw_platform.a(mss_uart.o)
 .debug_loc     0x0000132c       0x99 C:\Microsemi\Projects\cariomart_cc\SoftConsole\cariomart_mss_MSS_CM3_0\cariomart_mss_MSS_CM3_0_hw_platform\Debug\libcariomart_mss_MSS_CM3_0_hw_platform.a(system_a2fxxxm3.o)

.debug_macinfo  0x00000000    0x38a55
 *(.debug_macinfo)
 .debug_macinfo
                0x00000000     0x9055 ./lcd.o
 .debug_macinfo
                0x00009055     0x95b5 ./main.o
 .debug_macinfo
                0x0001260a     0x2627 ./mux.o
 .debug_macinfo
                0x00014c31     0x7161 ./utility.o
 .debug_macinfo
                0x0001bd92     0x74e1 ./xbee.o
 .debug_macinfo
                0x00023273     0x9965 C:/Microsemi/Projects/cariomart_cc/SoftConsole/cariomart_mss_MSS_CM3_0/cariomart_mss_MSS_CM3_0_hw_platform/Debug/CMSIS/startup_gcc/newlib_stubs.o
 .debug_macinfo
                0x0002cbd8     0x63e4 C:\Microsemi\Projects\cariomart_cc\SoftConsole\cariomart_mss_MSS_CM3_0\cariomart_mss_MSS_CM3_0_hw_platform\Debug\libcariomart_mss_MSS_CM3_0_hw_platform.a(mss_uart.o)
 .debug_macinfo
                0x00032fbc     0x5a99 C:\Microsemi\Projects\cariomart_cc\SoftConsole\cariomart_mss_MSS_CM3_0\cariomart_mss_MSS_CM3_0_hw_platform\Debug\libcariomart_mss_MSS_CM3_0_hw_platform.a(system_a2fxxxm3.o)

.debug_weaknames
 *(.debug_weaknames)

.debug_funcnames
 *(.debug_funcnames)

.debug_typenames
 *(.debug_typenames)

.debug_varnames
 *(.debug_varnames)

.note.gnu.arm.ident
 *(.note.gnu.arm.ident)

.ARM.attributes
                0x00000000       0x25
 *(.ARM.attributes)
 .ARM.attributes
                0x00000000       0x19 c:/microsemi/softconsole v3.3/sourcery-g++/bin/../lib/gcc/arm-none-eabi/4.4.1/thumb2/crti.o
 .ARM.attributes
                0x00000019       0x29 c:/microsemi/softconsole v3.3/sourcery-g++/bin/../lib/gcc/arm-none-eabi/4.4.1/thumb2/crtbegin.o
 .ARM.attributes
                0x00000042       0x31 ./lcd.o
 .ARM.attributes
                0x00000073       0x31 ./main.o
 .ARM.attributes
                0x000000a4       0x31 ./mux.o
 .ARM.attributes
                0x000000d5       0x31 ./utility.o
 .ARM.attributes
                0x00000106       0x31 ./xbee.o
 .ARM.attributes
                0x00000137       0x21 C:/Microsemi/Projects/cariomart_cc/SoftConsole/cariomart_mss_MSS_CM3_0/cariomart_mss_MSS_CM3_0_hw_platform/Debug/CMSIS/startup_gcc/startup_a2fxxxm3.o
 .ARM.attributes
                0x00000158       0x31 C:/Microsemi/Projects/cariomart_cc/SoftConsole/cariomart_mss_MSS_CM3_0/cariomart_mss_MSS_CM3_0_hw_platform/Debug/CMSIS/startup_gcc/newlib_stubs.o
 .ARM.attributes
                0x00000189       0x21 C:\Microsemi\Projects\cariomart_cc\SoftConsole\cariomart_mss_MSS_CM3_0\cariomart_mss_MSS_CM3_0_hw_platform\Debug\libcariomart_mss_MSS_CM3_0_hw_platform.a(hal.o)
 .ARM.attributes
                0x000001aa       0x31 C:\Microsemi\Projects\cariomart_cc\SoftConsole\cariomart_mss_MSS_CM3_0\cariomart_mss_MSS_CM3_0_hw_platform\Debug\libcariomart_mss_MSS_CM3_0_hw_platform.a(mss_uart.o)
 .ARM.attributes
                0x000001db       0x31 C:\Microsemi\Projects\cariomart_cc\SoftConsole\cariomart_mss_MSS_CM3_0\cariomart_mss_MSS_CM3_0_hw_platform\Debug\libcariomart_mss_MSS_CM3_0_hw_platform.a(system_a2fxxxm3.o)
 .ARM.attributes
                0x0000020c       0x29 c:/microsemi/softconsole v3.3/sourcery-g++/bin/../lib/gcc/arm-none-eabi/4.4.1/../../../../arm-none-eabi/lib/thumb2\libc.a(lib_a-errno.o)
 .ARM.attributes
                0x00000235       0x29 c:/microsemi/softconsole v3.3/sourcery-g++/bin/../lib/gcc/arm-none-eabi/4.4.1/../../../../arm-none-eabi/lib/thumb2\libc.a(lib_a-impure.o)
 .ARM.attributes
                0x0000025e       0x29 c:/microsemi/softconsole v3.3/sourcery-g++/bin/../lib/gcc/arm-none-eabi/4.4.1/../../../../arm-none-eabi/lib/thumb2\libc.a(lib_a-init.o)
 .ARM.attributes
                0x00000287       0x29 c:/microsemi/softconsole v3.3/sourcery-g++/bin/../lib/gcc/arm-none-eabi/4.4.1/../../../../arm-none-eabi/lib/thumb2\libc.a(lib_a-malloc.o)
 .ARM.attributes
                0x000002b0       0x29 c:/microsemi/softconsole v3.3/sourcery-g++/bin/../lib/gcc/arm-none-eabi/4.4.1/../../../../arm-none-eabi/lib/thumb2\libc.a(lib_a-mallocr.o)
 .ARM.attributes
                0x000002d9       0x29 c:/microsemi/softconsole v3.3/sourcery-g++/bin/../lib/gcc/arm-none-eabi/4.4.1/../../../../arm-none-eabi/lib/thumb2\libc.a(lib_a-memcpy.o)
 .ARM.attributes
                0x00000302       0x29 c:/microsemi/softconsole v3.3/sourcery-g++/bin/../lib/gcc/arm-none-eabi/4.4.1/../../../../arm-none-eabi/lib/thumb2\libc.a(lib_a-mlock.o)
 .ARM.attributes
                0x0000032b       0x29 c:/microsemi/softconsole v3.3/sourcery-g++/bin/../lib/gcc/arm-none-eabi/4.4.1/../../../../arm-none-eabi/lib/thumb2\libc.a(lib_a-puts.o)
 .ARM.attributes
                0x00000354       0x29 c:/microsemi/softconsole v3.3/sourcery-g++/bin/../lib/gcc/arm-none-eabi/4.4.1/../../../../arm-none-eabi/lib/thumb2\libc.a(lib_a-sbrkr.o)
 .ARM.attributes
                0x0000037d       0x29 c:/microsemi/softconsole v3.3/sourcery-g++/bin/../lib/gcc/arm-none-eabi/4.4.1/../../../../arm-none-eabi/lib/thumb2\libc.a(lib_a-strcat.o)
 .ARM.attributes
                0x000003a6       0x29 c:/microsemi/softconsole v3.3/sourcery-g++/bin/../lib/gcc/arm-none-eabi/4.4.1/../../../../arm-none-eabi/lib/thumb2\libc.a(lib_a-strcpy.o)
 .ARM.attributes
                0x000003cf       0x29 c:/microsemi/softconsole v3.3/sourcery-g++/bin/../lib/gcc/arm-none-eabi/4.4.1/../../../../arm-none-eabi/lib/thumb2\libc.a(lib_a-strlen.o)
 .ARM.attributes
                0x000003f8       0x29 c:/microsemi/softconsole v3.3/sourcery-g++/bin/../lib/gcc/arm-none-eabi/4.4.1/../../../../arm-none-eabi/lib/thumb2\libc.a(lib_a-findfp.o)
 .ARM.attributes
                0x00000421       0x29 c:/microsemi/softconsole v3.3/sourcery-g++/bin/../lib/gcc/arm-none-eabi/4.4.1/../../../../arm-none-eabi/lib/thumb2\libc.a(lib_a-freer.o)
 .ARM.attributes
                0x0000044a       0x29 c:/microsemi/softconsole v3.3/sourcery-g++/bin/../lib/gcc/arm-none-eabi/4.4.1/../../../../arm-none-eabi/lib/thumb2\libc.a(lib_a-fvwrite.o)
 .ARM.attributes
                0x00000473       0x29 c:/microsemi/softconsole v3.3/sourcery-g++/bin/../lib/gcc/arm-none-eabi/4.4.1/../../../../arm-none-eabi/lib/thumb2\libc.a(lib_a-fwalk.o)
 .ARM.attributes
                0x0000049c       0x29 c:/microsemi/softconsole v3.3/sourcery-g++/bin/../lib/gcc/arm-none-eabi/4.4.1/../../../../arm-none-eabi/lib/thumb2\libc.a(lib_a-memchr.o)
 .ARM.attributes
                0x000004c5       0x29 c:/microsemi/softconsole v3.3/sourcery-g++/bin/../lib/gcc/arm-none-eabi/4.4.1/../../../../arm-none-eabi/lib/thumb2\libc.a(lib_a-memmove.o)
 .ARM.attributes
                0x000004ee       0x29 c:/microsemi/softconsole v3.3/sourcery-g++/bin/../lib/gcc/arm-none-eabi/4.4.1/../../../../arm-none-eabi/lib/thumb2\libc.a(lib_a-memset.o)
 .ARM.attributes
                0x00000517       0x29 c:/microsemi/softconsole v3.3/sourcery-g++/bin/../lib/gcc/arm-none-eabi/4.4.1/../../../../arm-none-eabi/lib/thumb2\libc.a(lib_a-reallocr.o)
 .ARM.attributes
                0x00000540       0x29 c:/microsemi/softconsole v3.3/sourcery-g++/bin/../lib/gcc/arm-none-eabi/4.4.1/../../../../arm-none-eabi/lib/thumb2\libc.a(lib_a-reent.o)
 .ARM.attributes
                0x00000569       0x29 c:/microsemi/softconsole v3.3/sourcery-g++/bin/../lib/gcc/arm-none-eabi/4.4.1/../../../../arm-none-eabi/lib/thumb2\libc.a(lib_a-stdio.o)
 .ARM.attributes
                0x00000592       0x29 c:/microsemi/softconsole v3.3/sourcery-g++/bin/../lib/gcc/arm-none-eabi/4.4.1/../../../../arm-none-eabi/lib/thumb2\libc.a(lib_a-wsetup.o)
 .ARM.attributes
                0x000005bb       0x29 c:/microsemi/softconsole v3.3/sourcery-g++/bin/../lib/gcc/arm-none-eabi/4.4.1/../../../../arm-none-eabi/lib/thumb2\libc.a(lib_a-closer.o)
 .ARM.attributes
                0x000005e4       0x29 c:/microsemi/softconsole v3.3/sourcery-g++/bin/../lib/gcc/arm-none-eabi/4.4.1/../../../../arm-none-eabi/lib/thumb2\libc.a(lib_a-fclose.o)
 .ARM.attributes
                0x0000060d       0x29 c:/microsemi/softconsole v3.3/sourcery-g++/bin/../lib/gcc/arm-none-eabi/4.4.1/../../../../arm-none-eabi/lib/thumb2\libc.a(lib_a-fflush.o)
 .ARM.attributes
                0x00000636       0x29 c:/microsemi/softconsole v3.3/sourcery-g++/bin/../lib/gcc/arm-none-eabi/4.4.1/../../../../arm-none-eabi/lib/thumb2\libc.a(lib_a-lseekr.o)
 .ARM.attributes
                0x0000065f       0x29 c:/microsemi/softconsole v3.3/sourcery-g++/bin/../lib/gcc/arm-none-eabi/4.4.1/../../../../arm-none-eabi/lib/thumb2\libc.a(lib_a-makebuf.o)
 .ARM.attributes
                0x00000688       0x29 c:/microsemi/softconsole v3.3/sourcery-g++/bin/../lib/gcc/arm-none-eabi/4.4.1/../../../../arm-none-eabi/lib/thumb2\libc.a(lib_a-readr.o)
 .ARM.attributes
                0x000006b1       0x29 c:/microsemi/softconsole v3.3/sourcery-g++/bin/../lib/gcc/arm-none-eabi/4.4.1/../../../../arm-none-eabi/lib/thumb2\libc.a(lib_a-fstatr.o)
 .ARM.attributes
                0x000006da       0x29 c:/microsemi/softconsole v3.3/sourcery-g++/bin/../lib/gcc/arm-none-eabi/4.4.1/../../../../arm-none-eabi/lib/thumb2\libc.a(lib_a-isattyr.o)
 .ARM.attributes
                0x00000703       0x29 c:/microsemi/softconsole v3.3/sourcery-g++/bin/../lib/gcc/arm-none-eabi/4.4.1/thumb2/crtend.o
 .ARM.attributes
                0x0000072c       0x19 c:/microsemi/softconsole v3.3/sourcery-g++/bin/../lib/gcc/arm-none-eabi/4.4.1/thumb2/crtn.o

/DISCARD/
 *(.note.GNU-stack)
 *(.isr_vector)
OUTPUT(cariomart_mss_MSS_CM3_0_app elf32-littlearm)

.debug_ranges   0x00000000      0x388
 .debug_ranges  0x00000000      0x128 ./lcd.o
 .debug_ranges  0x00000128       0x30 ./main.o
 .debug_ranges  0x00000158       0x18 ./mux.o
 .debug_ranges  0x00000170       0x58 ./utility.o
 .debug_ranges  0x000001c8       0x28 ./xbee.o
 .debug_ranges  0x000001f0       0xa0 C:/Microsemi/Projects/cariomart_cc/SoftConsole/cariomart_mss_MSS_CM3_0/cariomart_mss_MSS_CM3_0_hw_platform/Debug/CMSIS/startup_gcc/newlib_stubs.o
 .debug_ranges  0x00000290       0xd0 C:\Microsemi\Projects\cariomart_cc\SoftConsole\cariomart_mss_MSS_CM3_0\cariomart_mss_MSS_CM3_0_hw_platform\Debug\libcariomart_mss_MSS_CM3_0_hw_platform.a(mss_uart.o)
 .debug_ranges  0x00000360       0x28 C:\Microsemi\Projects\cariomart_cc\SoftConsole\cariomart_mss_MSS_CM3_0\cariomart_mss_MSS_CM3_0_hw_platform\Debug\libcariomart_mss_MSS_CM3_0_hw_platform.a(system_a2fxxxm3.o)
